mode: atomic
github.com/c360studio/semboids/cmd/semboids/main.go:73.13,74.15 1 0
github.com/c360studio/semboids/cmd/semboids/main.go:74.15,75.31 1 0
github.com/c360studio/semboids/cmd/semboids/main.go:75.31,80.4 4 0
github.com/c360studio/semboids/cmd/semboids/main.go:83.2,83.30 1 0
github.com/c360studio/semboids/cmd/semboids/main.go:83.30,86.3 2 0
github.com/c360studio/semboids/cmd/semboids/main.go:89.18,94.16 3 0
github.com/c360studio/semboids/cmd/semboids/main.go:94.16,96.3 1 0
github.com/c360studio/semboids/cmd/semboids/main.go:101.2,104.16 3 0
github.com/c360studio/semboids/cmd/semboids/main.go:104.16,106.3 1 0
github.com/c360studio/semboids/cmd/semboids/main.go:107.2,109.39 2 0
github.com/c360studio/semboids/cmd/semboids/main.go:109.39,111.3 1 0
github.com/c360studio/semboids/cmd/semboids/main.go:112.2,112.21 1 0
github.com/c360studio/semboids/cmd/semboids/main.go:112.21,115.3 2 0
github.com/c360studio/semboids/cmd/semboids/main.go:118.2,133.16 9 0
github.com/c360studio/semboids/cmd/semboids/main.go:133.16,135.3 1 0
github.com/c360studio/semboids/cmd/semboids/main.go:136.2,136.15 1 0
github.com/c360studio/semboids/cmd/semboids/main.go:136.15,140.3 3 0
github.com/c360studio/semboids/cmd/semboids/main.go:144.2,145.63 2 0
github.com/c360studio/semboids/cmd/semboids/main.go:145.63,147.3 1 0
github.com/c360studio/semboids/cmd/semboids/main.go:149.2,154.16 5 0
github.com/c360studio/semboids/cmd/semboids/main.go:154.16,156.3 1 0
github.com/c360studio/semboids/cmd/semboids/main.go:157.2,157.49 1 0
github.com/c360studio/semboids/cmd/semboids/main.go:157.49,159.3 1 0
github.com/c360studio/semboids/cmd/semboids/main.go:160.2,168.16 5 0
github.com/c360studio/semboids/cmd/semboids/main.go:168.16,170.3 1 0
github.com/c360studio/semboids/cmd/semboids/main.go:172.2,173.61 2 0
github.com/c360studio/semboids/cmd/semboids/main.go:173.61,175.3 1 0
github.com/c360studio/semboids/cmd/semboids/main.go:176.2,176.58 1 0
github.com/c360studio/semboids/cmd/semboids/main.go:176.58,178.3 1 0
github.com/c360studio/semboids/cmd/semboids/main.go:179.2,179.63 1 0
github.com/c360studio/semboids/cmd/semboids/main.go:179.63,181.3 1 0
github.com/c360studio/semboids/cmd/semboids/main.go:187.2,188.72 2 0
github.com/c360studio/semboids/cmd/semboids/main.go:188.72,190.3 1 0
github.com/c360studio/semboids/cmd/semboids/main.go:192.2,203.74 2 0
github.com/c360studio/semboids/cmd/semboids/main.go:203.74,205.3 1 0
github.com/c360studio/semboids/cmd/semboids/main.go:210.2,210.44 1 0
github.com/c360studio/semboids/cmd/semboids/main.go:210.44,211.94 1 0
github.com/c360studio/semboids/cmd/semboids/main.go:211.94,213.4 1 0
github.com/c360studio/semboids/cmd/semboids/main.go:214.3,214.61 1 0
github.com/c360studio/semboids/cmd/semboids/main.go:217.2,218.76 2 0
github.com/c360studio/semboids/cmd/semboids/main.go:222.36,240.24 17 0
github.com/c360studio/semboids/cmd/semboids/main.go:240.24,243.3 2 0
github.com/c360studio/semboids/cmd/semboids/main.go:244.2,244.18 1 0
github.com/c360studio/semboids/cmd/semboids/main.go:244.18,246.3 1 0
github.com/c360studio/semboids/cmd/semboids/main.go:247.2,247.22 1 0
github.com/c360studio/semboids/cmd/semboids/main.go:251.54,253.16 2 1
github.com/c360studio/semboids/cmd/semboids/main.go:253.16,255.3 1 0
github.com/c360studio/semboids/cmd/semboids/main.go:256.2,258.16 3 1
github.com/c360studio/semboids/cmd/semboids/main.go:258.16,260.3 1 0
github.com/c360studio/semboids/cmd/semboids/main.go:261.2,261.17 1 1
github.com/c360studio/semboids/cmd/semboids/main.go:266.63,267.103 1 0
github.com/c360studio/semboids/cmd/semboids/main.go:267.103,269.3 1 0
github.com/c360studio/semboids/cmd/semboids/main.go:270.2,271.9 2 0
github.com/c360studio/semboids/cmd/semboids/main.go:271.9,273.3 1 0
github.com/c360studio/semboids/cmd/semboids/main.go:275.2,276.60 2 0
github.com/c360studio/semboids/cmd/semboids/main.go:276.60,279.3 2 0
github.com/c360studio/semboids/cmd/semboids/main.go:280.2,280.22 1 0
github.com/c360studio/semboids/cmd/semboids/main.go:280.22,282.3 1 0
github.com/c360studio/semboids/cmd/semboids/main.go:283.2,283.23 1 0
github.com/c360studio/semboids/cmd/semboids/main.go:283.23,285.3 1 0
github.com/c360studio/semboids/cmd/semboids/main.go:286.2,286.22 1 0
github.com/c360studio/semboids/cmd/semboids/main.go:286.22,288.3 1 0
github.com/c360studio/semboids/cmd/semboids/main.go:289.2,289.19 1 0
github.com/c360studio/semboids/cmd/semboids/main.go:289.19,291.3 1 0
github.com/c360studio/semboids/cmd/semboids/main.go:292.2,292.25 1 0
github.com/c360studio/semboids/cmd/semboids/main.go:292.25,294.3 1 0
github.com/c360studio/semboids/cmd/semboids/main.go:295.2,296.16 2 0
github.com/c360studio/semboids/cmd/semboids/main.go:296.16,299.3 2 0
github.com/c360studio/semboids/cmd/semboids/main.go:300.2,301.32 2 0
github.com/c360studio/semboids/cmd/semboids/main.go:306.47,308.9 2 0
github.com/c360studio/semboids/cmd/semboids/main.go:308.9,310.3 1 0
github.com/c360studio/semboids/cmd/semboids/main.go:311.2,314.63 2 0
github.com/c360studio/semboids/cmd/semboids/main.go:314.63,317.3 2 0
github.com/c360studio/semboids/cmd/semboids/main.go:318.2,318.21 1 0
github.com/c360studio/semboids/cmd/semboids/main.go:324.123,328.61 3 0
github.com/c360studio/semboids/cmd/semboids/main.go:328.61,330.3 1 0
github.com/c360studio/semboids/cmd/semboids/main.go:330.8,330.70 1 0
github.com/c360studio/semboids/cmd/semboids/main.go:330.70,332.3 1 0
github.com/c360studio/semboids/cmd/semboids/main.go:332.8,332.35 1 0
github.com/c360studio/semboids/cmd/semboids/main.go:332.35,334.3 1 0
github.com/c360studio/semboids/cmd/semboids/main.go:336.2,337.21 2 0
github.com/c360studio/semboids/cmd/semboids/main.go:337.21,339.3 1 0
github.com/c360studio/semboids/cmd/semboids/main.go:340.2,341.16 2 0
github.com/c360studio/semboids/cmd/semboids/main.go:341.16,344.3 2 0
github.com/c360studio/semboids/cmd/semboids/main.go:345.2,346.15 2 0
github.com/c360studio/semboids/cmd/semboids/main.go:346.15,347.17 1 0
github.com/c360studio/semboids/cmd/semboids/main.go:347.17,351.4 3 0
github.com/c360studio/semboids/cmd/semboids/main.go:353.2,353.48 1 0
github.com/c360studio/semboids/cmd/semboids/main.go:353.48,356.3 2 0
github.com/c360studio/semboids/cmd/semboids/main.go:358.2,360.62 3 0
github.com/c360studio/semboids/cmd/semboids/main.go:360.62,363.3 2 0
github.com/c360studio/semboids/cmd/semboids/main.go:365.2,367.24 3 0
github.com/c360studio/semboids/cmd/semboids/main.go:371.53,378.33 4 0
github.com/c360studio/semboids/cmd/semboids/main.go:379.14,380.49 1 0
github.com/c360studio/semboids/cmd/semboids/main.go:381.10,382.49 1 0
github.com/c360studio/semboids/cmd/semboids/main.go:384.2,384.26 1 0
github.com/c360studio/semboids/cmd/semboids/main.go:387.45,388.32 1 0
github.com/c360studio/semboids/cmd/semboids/main.go:389.15,390.25 1 0
github.com/c360studio/semboids/cmd/semboids/main.go:391.14,392.24 1 0
github.com/c360studio/semboids/cmd/semboids/main.go:393.15,394.25 1 0
github.com/c360studio/semboids/cmd/semboids/main.go:395.10,396.24 1 0
github.com/c360studio/semboids/cmd/semboids/main.go:401.65,403.2 1 1
github.com/c360studio/semboids/cmd/semboids/main.go:406.99,409.92 3 0
github.com/c360studio/semboids/cmd/semboids/main.go:409.92,411.3 1 0
github.com/c360studio/semboids/cmd/semboids/main.go:412.2,416.61 4 0
github.com/c360studio/semboids/cmd/semboids/main.go:416.61,418.3 1 0
github.com/c360studio/semboids/cmd/semboids/main.go:419.2,419.133 1 0
github.com/c360studio/semboids/cmd/semboids/main.go:419.133,421.3 1 0
github.com/c360studio/semboids/cmd/semboids/main.go:421.17,423.3 1 0
github.com/c360studio/semboids/cmd/semboids/main.go:425.2,427.40 3 0
github.com/c360studio/semboids/cmd/semboids/main.go:431.53,432.25 1 0
github.com/c360studio/semboids/cmd/semboids/main.go:432.25,434.3 1 0
github.com/c360studio/semboids/cmd/semboids/main.go:435.2,435.59 1 0
github.com/c360studio/semboids/cmd/semboids/main.go:435.59,450.3 3 0
github.com/c360studio/semboids/cmd/semboids/main.go:460.9,461.77 1 0
github.com/c360studio/semboids/cmd/semboids/main.go:461.77,463.3 1 0
github.com/c360studio/semboids/cmd/semboids/main.go:464.2,464.12 1 0
github.com/c360studio/semboids/cmd/semboids/main.go:477.131,481.12 4 4
github.com/c360studio/semboids/cmd/semboids/main.go:481.12,481.48 1 4
github.com/c360studio/semboids/cmd/semboids/main.go:482.2,483.9 2 4
github.com/c360studio/semboids/cmd/semboids/main.go:484.28,484.28 0 2
github.com/c360studio/semboids/cmd/semboids/main.go:485.18,489.23 2 1
github.com/c360studio/semboids/cmd/semboids/main.go:490.23,491.23 1 1
github.com/c360studio/semboids/cmd/semboids/main.go:493.2,493.23 1 4
github.com/c360studio/semboids/cmd/semboids/main.go:493.23,497.3 3 4
github.com/c360studio/semboids/cmd/semboids/main.go:498.2,498.21 1 4
github.com/c360studio/semboids/cmd/semboids/main.go:498.21,500.3 1 2
github.com/c360studio/semboids/cmd/semboids/main.go:501.2,502.9 2 2
github.com/c360studio/semboids/cmd/semboids/main.go:503.18,503.18 0 1
github.com/c360studio/semboids/cmd/semboids/main.go:504.23,504.23 0 1
github.com/c360studio/semboids/cmd/semboids/main.go:506.2,506.31 1 2
github.com/c360studio/semboids/cmd/semboids/main.go:506.31,508.3 1 0
github.com/c360studio/semboids/cmd/semboids/main.go:509.2,510.12 2 2
github.com/c360studio/semboids/cmd/sweep/main.go:40.13,41.30 1 0
github.com/c360studio/semboids/cmd/sweep/main.go:41.30,44.3 2 0
github.com/c360studio/semboids/cmd/sweep/main.go:61.26,75.2 13 0
github.com/c360studio/semboids/cmd/sweep/main.go:77.18,85.16 5 0
github.com/c360studio/semboids/cmd/sweep/main.go:85.16,87.3 1 0
github.com/c360studio/semboids/cmd/sweep/main.go:88.2,90.42 2 0
github.com/c360studio/semboids/cmd/sweep/main.go:90.42,92.3 1 0
github.com/c360studio/semboids/cmd/sweep/main.go:93.2,94.50 2 0
github.com/c360studio/semboids/cmd/sweep/main.go:94.50,96.3 1 0
github.com/c360studio/semboids/cmd/sweep/main.go:98.2,99.16 2 0
github.com/c360studio/semboids/cmd/sweep/main.go:99.16,101.3 1 0
github.com/c360studio/semboids/cmd/sweep/main.go:102.2,104.50 3 0
github.com/c360studio/semboids/cmd/sweep/main.go:104.50,106.3 1 0
github.com/c360studio/semboids/cmd/sweep/main.go:107.2,108.16 2 0
github.com/c360studio/semboids/cmd/sweep/main.go:108.16,110.3 1 0
github.com/c360studio/semboids/cmd/sweep/main.go:111.2,115.17 4 0
github.com/c360studio/semboids/cmd/sweep/main.go:115.17,117.3 1 0
github.com/c360studio/semboids/cmd/sweep/main.go:118.2,118.12 1 0
github.com/c360studio/semboids/cmd/sweep/main.go:123.53,127.16 3 0
github.com/c360studio/semboids/cmd/sweep/main.go:127.16,129.3 1 0
github.com/c360studio/semboids/cmd/sweep/main.go:130.2,132.16 3 0
github.com/c360studio/semboids/cmd/sweep/main.go:132.16,134.3 1 0
github.com/c360studio/semboids/cmd/sweep/main.go:135.2,135.15 1 0
github.com/c360studio/semboids/cmd/sweep/main.go:135.15,135.40 1 0
github.com/c360studio/semboids/cmd/sweep/main.go:136.2,136.38 1 0
github.com/c360studio/semboids/cmd/sweep/main.go:136.38,139.3 2 0
github.com/c360studio/semboids/cmd/sweep/main.go:140.2,140.12 1 0
github.com/c360studio/semboids/cmd/sweep/main.go:145.86,147.16 2 0
github.com/c360studio/semboids/cmd/sweep/main.go:147.16,149.3 1 0
github.com/c360studio/semboids/cmd/sweep/main.go:150.2,150.44 1 0
github.com/c360studio/semboids/cmd/sweep/main.go:150.44,152.3 1 0
github.com/c360studio/semboids/cmd/sweep/main.go:153.2,155.58 3 0
github.com/c360studio/semboids/cmd/sweep/main.go:155.58,157.3 1 0
github.com/c360studio/semboids/cmd/sweep/main.go:158.2,159.85 2 0
github.com/c360studio/semboids/cmd/sweep/main.go:159.85,161.3 1 0
github.com/c360studio/semboids/cmd/sweep/main.go:162.2,162.16 1 0
github.com/c360studio/semboids/cmd/sweep/main.go:162.16,164.3 1 0
github.com/c360studio/semboids/cmd/sweep/main.go:165.2,165.19 1 0
github.com/c360studio/semboids/cmd/sweep/main.go:165.19,170.3 4 0
github.com/c360studio/semboids/cmd/sweep/main.go:171.2,171.28 1 0
github.com/c360studio/semboids/cmd/sweep/main.go:174.59,175.9 1 0
github.com/c360studio/semboids/cmd/sweep/main.go:176.20,177.19 1 0
github.com/c360studio/semboids/cmd/sweep/main.go:178.23,179.13 1 0
github.com/c360studio/semboids/cmd/sweep/main.go:198.64,200.16 2 0
github.com/c360studio/semboids/cmd/sweep/main.go:200.16,202.3 1 0
github.com/c360studio/semboids/cmd/sweep/main.go:203.2,204.16 2 0
github.com/c360studio/semboids/cmd/sweep/main.go:204.16,206.3 1 0
github.com/c360studio/semboids/cmd/sweep/main.go:207.2,207.15 1 0
github.com/c360studio/semboids/cmd/sweep/main.go:207.15,207.40 1 0
github.com/c360studio/semboids/cmd/sweep/main.go:208.2,208.38 1 0
github.com/c360studio/semboids/cmd/sweep/main.go:208.38,210.3 1 0
github.com/c360studio/semboids/cmd/sweep/main.go:211.2,212.16 2 0
github.com/c360studio/semboids/cmd/sweep/main.go:212.16,214.3 1 0
github.com/c360studio/semboids/cmd/sweep/main.go:215.2,215.56 1 0
github.com/c360studio/semboids/cmd/sweep/main.go:221.53,225.16 4 0
github.com/c360studio/semboids/cmd/sweep/main.go:225.16,227.49 2 0
github.com/c360studio/semboids/cmd/sweep/main.go:227.49,228.12 1 0
github.com/c360studio/semboids/cmd/sweep/main.go:230.3,231.14 2 0
github.com/c360studio/semboids/cmd/sweep/main.go:231.14,232.12 1 0
github.com/c360studio/semboids/cmd/sweep/main.go:234.3,235.17 2 0
github.com/c360studio/semboids/cmd/sweep/main.go:235.17,236.12 1 0
github.com/c360studio/semboids/cmd/sweep/main.go:238.3,239.66 2 0
github.com/c360studio/semboids/cmd/sweep/main.go:241.2,241.22 1 0
github.com/c360studio/semboids/cmd/sweep/main.go:244.60,246.15 2 0
github.com/c360studio/semboids/cmd/sweep/main.go:246.15,248.3 1 0
github.com/c360studio/semboids/cmd/sweep/main.go:249.2,252.41 4 0
github.com/c360studio/semboids/cmd/sweep/main.go:252.41,254.13 2 0
github.com/c360studio/semboids/cmd/sweep/main.go:254.13,255.12 1 0
github.com/c360studio/semboids/cmd/sweep/main.go:257.3,259.20 3 0
github.com/c360studio/semboids/cmd/sweep/main.go:261.2,261.21 1 0
github.com/c360studio/semboids/cmd/sweep/main.go:265.40,269.25 4 0
github.com/c360studio/semboids/cmd/sweep/main.go:269.25,270.10 1 0
github.com/c360studio/semboids/cmd/sweep/main.go:271.17,273.20 2 0
github.com/c360studio/semboids/cmd/sweep/main.go:274.29,276.15 2 0
github.com/c360studio/semboids/cmd/sweep/main.go:277.11,278.20 1 0
github.com/c360studio/semboids/cmd/sweep/main.go:281.2,281.19 1 0
github.com/c360studio/semboids/cmd/sweep/main.go:281.19,283.3 1 0
github.com/c360studio/semboids/cmd/sweep/main.go:284.2,284.14 1 0
github.com/c360studio/semboids/cmd/sweep/main.go:289.79,291.32 2 0
github.com/c360studio/semboids/cmd/sweep/main.go:291.32,292.25 1 0
github.com/c360studio/semboids/cmd/sweep/main.go:292.25,293.12 1 0
github.com/c360studio/semboids/cmd/sweep/main.go:295.3,295.57 1 0
github.com/c360studio/semboids/cmd/sweep/main.go:295.57,296.12 1 0
github.com/c360studio/semboids/cmd/sweep/main.go:298.3,298.21 1 0
github.com/c360studio/semboids/cmd/sweep/main.go:300.2,300.14 1 0
github.com/c360studio/semboids/cmd/sweep/main.go:306.82,308.32 2 0
github.com/c360studio/semboids/cmd/sweep/main.go:308.32,309.25 1 0
github.com/c360studio/semboids/cmd/sweep/main.go:309.25,310.12 1 0
github.com/c360studio/semboids/cmd/sweep/main.go:312.3,313.27 2 0
github.com/c360studio/semboids/cmd/sweep/main.go:313.27,314.26 1 0
github.com/c360studio/semboids/cmd/sweep/main.go:314.26,316.10 2 0
github.com/c360studio/semboids/cmd/sweep/main.go:319.3,319.9 1 0
github.com/c360studio/semboids/cmd/sweep/main.go:319.9,321.4 1 0
github.com/c360studio/semboids/cmd/sweep/main.go:323.2,323.14 1 0
github.com/c360studio/semboids/cmd/sweep/main.go:328.70,335.34 4 0
github.com/c360studio/semboids/cmd/sweep/main.go:335.34,336.24 1 0
github.com/c360studio/semboids/cmd/sweep/main.go:336.24,337.12 1 0
github.com/c360studio/semboids/cmd/sweep/main.go:339.3,340.26 2 0
github.com/c360studio/semboids/cmd/sweep/main.go:342.2,342.36 1 0
github.com/c360studio/semboids/cmd/sweep/main.go:342.36,343.24 1 0
github.com/c360studio/semboids/cmd/sweep/main.go:343.24,344.12 1 0
github.com/c360studio/semboids/cmd/sweep/main.go:346.3,347.26 2 0
github.com/c360studio/semboids/cmd/sweep/main.go:349.2,349.22 1 0
github.com/c360studio/semboids/cmd/sweep/main.go:349.22,351.3 1 0
github.com/c360studio/semboids/cmd/sweep/main.go:352.2,353.28 2 0
github.com/c360studio/semboids/cmd/sweep/main.go:353.28,355.3 1 0
github.com/c360studio/semboids/cmd/sweep/main.go:356.2,356.42 1 0
github.com/c360studio/semboids/cmd/sweep/main.go:356.42,356.82 1 0
github.com/c360studio/semboids/cmd/sweep/main.go:358.2,359.16 2 0
github.com/c360studio/semboids/cmd/sweep/main.go:359.16,361.3 1 0
github.com/c360studio/semboids/cmd/sweep/main.go:362.2,364.28 3 0
github.com/c360studio/semboids/cmd/sweep/main.go:364.28,365.24 1 0
github.com/c360studio/semboids/cmd/sweep/main.go:365.24,370.27 1 0
github.com/c360studio/semboids/cmd/sweep/main.go:370.27,372.5 1 0
github.com/c360studio/semboids/cmd/sweep/main.go:373.4,373.44 1 0
github.com/c360studio/semboids/cmd/sweep/main.go:373.44,375.5 1 0
github.com/c360studio/semboids/cmd/sweep/main.go:377.4,378.38 2 0
github.com/c360studio/semboids/cmd/sweep/main.go:380.3,380.34 1 0
github.com/c360studio/semboids/cmd/sweep/main.go:382.2,382.15 1 0
github.com/c360studio/semboids/cmd/sweep/main.go:385.32,386.28 1 0
github.com/c360studio/semboids/cmd/sweep/main.go:386.28,388.3 1 0
github.com/c360studio/semboids/cmd/sweep/main.go:389.2,390.10 2 0
github.com/c360studio/semboids/cmd/sweep/main.go:435.82,437.14 2 0
github.com/c360studio/semboids/cmd/sweep/main.go:437.14,439.3 1 0
github.com/c360studio/semboids/cmd/sweep/main.go:440.2,440.37 1 0
github.com/c360studio/semboids/cmd/sweep/main.go:440.37,440.61 1 0
github.com/c360studio/semboids/cmd/sweep/main.go:442.2,487.27 7 0
github.com/c360studio/semboids/cmd/sweep/main.go:487.27,489.3 1 0
github.com/c360studio/semboids/cmd/sweep/main.go:494.2,496.10 3 0
github.com/c360studio/semboids/cmd/sweep/main.go:502.39,504.9 2 0
github.com/c360studio/semboids/cmd/sweep/main.go:505.22,506.72 1 0
github.com/c360studio/semboids/cmd/sweep/main.go:507.62,508.129 1 0
github.com/c360studio/semboids/cmd/sweep/main.go:509.56,510.87 1 0
github.com/c360studio/semboids/cmd/sweep/main.go:511.58,512.74 1 0
github.com/c360studio/semboids/cmd/sweep/main.go:513.64,514.60 1 0
github.com/c360studio/semboids/cmd/sweep/main.go:515.62,516.92 1 0
github.com/c360studio/semboids/cmd/sweep/main.go:517.10,518.42 1 0
github.com/c360studio/semboids/cmd/sweep/main.go:522.36,548.2 1 0
github.com/c360studio/semboids/cmd/sweep/main.go:550.36,551.11 1 0
github.com/c360studio/semboids/cmd/sweep/main.go:551.11,553.3 1 0
github.com/c360studio/semboids/cmd/sweep/main.go:554.2,554.25 1 0
github.com/c360studio/semboids/cmd/sweep/main.go:557.33,560.2 2 0
github.com/c360studio/semboids/componentregistry/register.go:22.54,24.2 1 0
github.com/c360studio/semboids/componentregistry/register.go:28.87,38.48 3 1
github.com/c360studio/semboids/componentregistry/register.go:38.48,39.42 1 5
github.com/c360studio/semboids/componentregistry/register.go:39.42,41.4 1 0
github.com/c360studio/semboids/componentregistry/register.go:45.2,45.45 1 1
github.com/c360studio/semboids/componentregistry/register.go:45.45,47.3 1 0
github.com/c360studio/semboids/componentregistry/register.go:48.2,48.57 1 1
github.com/c360studio/semboids/componentregistry/register.go:48.57,51.69 3 6
github.com/c360studio/semboids/componentregistry/register.go:51.69,52.114 1 2
github.com/c360studio/semboids/componentregistry/register.go:52.114,54.19 2 1
github.com/c360studio/semboids/componentregistry/register.go:54.19,56.6 1 0
github.com/c360studio/semboids/componentregistry/register.go:57.5,57.17 1 1
github.com/c360studio/semboids/componentregistry/register.go:58.27,60.13 2 0
github.com/c360studio/semboids/componentregistry/register.go:60.13,62.7 1 0
github.com/c360studio/semboids/componentregistry/register.go:63.6,63.33 1 0
github.com/c360studio/semboids/componentregistry/register.go:64.16,66.13 2 1
github.com/c360studio/semboids/componentregistry/register.go:66.13,68.7 1 0
github.com/c360studio/semboids/componentregistry/register.go:69.6,69.31 1 1
github.com/c360studio/semboids/componentregistry/register.go:71.5,71.21 1 1
github.com/c360studio/semboids/componentregistry/register.go:74.3,74.70 1 6
github.com/c360studio/semboids/componentregistry/register.go:74.70,76.4 1 0
github.com/c360studio/semboids/componentregistry/register.go:78.2,78.12 1 1
github.com/c360studio/semboids/internal/api/controls.go:34.49,34.102 3 7
github.com/c360studio/semboids/internal/api/controls.go:37.44,37.93 3 6
github.com/c360studio/semboids/internal/api/controls.go:39.46,40.14 1 7
github.com/c360studio/semboids/internal/api/controls.go:40.14,42.3 1 0
github.com/c360studio/semboids/internal/api/controls.go:43.2,45.16 3 7
github.com/c360studio/semboids/internal/api/controls.go:47.44,48.14 1 7
github.com/c360studio/semboids/internal/api/controls.go:48.14,50.3 1 0
github.com/c360studio/semboids/internal/api/controls.go:51.2,53.14 3 7
github.com/c360studio/semboids/internal/api/graphstream.go:48.36,54.2 1 16
github.com/c360studio/semboids/internal/api/graphstream.go:60.74,63.39 3 12
github.com/c360studio/semboids/internal/api/graphstream.go:63.39,65.3 1 15
github.com/c360studio/semboids/internal/api/graphstream.go:70.74,73.39 3 1
github.com/c360studio/semboids/internal/api/graphstream.go:73.39,75.3 1 1
github.com/c360studio/semboids/internal/api/graphstream.go:76.2,76.20 1 1
github.com/c360studio/semboids/internal/api/graphstream.go:84.80,87.27 3 11
github.com/c360studio/semboids/internal/api/graphstream.go:87.27,88.15 1 13
github.com/c360studio/semboids/internal/api/graphstream.go:89.30,91.28 2 11
github.com/c360studio/semboids/internal/api/graphstream.go:92.30,94.33 2 1
github.com/c360studio/semboids/internal/api/graphstream.go:95.30,95.30 0 1
github.com/c360studio/semboids/internal/api/graphstream.go:102.80,105.27 3 2
github.com/c360studio/semboids/internal/api/graphstream.go:105.27,106.15 1 3
github.com/c360studio/semboids/internal/api/graphstream.go:107.30,109.22 2 2
github.com/c360studio/semboids/internal/api/graphstream.go:110.30,112.22 2 1
github.com/c360studio/semboids/internal/api/graphstream.go:113.30,113.30 0 0
github.com/c360studio/semboids/internal/api/graphstream.go:120.43,123.62 3 76
github.com/c360studio/semboids/internal/api/graphstream.go:123.62,125.3 1 54
github.com/c360studio/semboids/internal/api/graphstream.go:126.2,127.28 2 22
github.com/c360studio/semboids/internal/api/graphstream.go:127.28,129.3 1 25
github.com/c360studio/semboids/internal/api/graphstream.go:130.2,130.28 1 22
github.com/c360studio/semboids/internal/api/graphstream.go:130.28,132.3 1 1
github.com/c360studio/semboids/internal/api/graphstream.go:133.2,133.17 1 22
github.com/c360studio/semboids/internal/api/graphstream.go:133.17,135.46 2 3
github.com/c360studio/semboids/internal/api/graphstream.go:135.46,136.30 1 4
github.com/c360studio/semboids/internal/api/graphstream.go:136.30,138.5 1 6
github.com/c360studio/semboids/internal/api/graphstream.go:141.2,144.14 4 22
github.com/c360studio/semboids/internal/api/graphstream.go:148.33,150.2 1 85
github.com/c360studio/semboids/internal/api/graphstream.go:160.77,161.32 1 11
github.com/c360studio/semboids/internal/api/graphstream.go:161.32,164.3 2 0
github.com/c360studio/semboids/internal/api/graphstream.go:165.2,166.9 2 11
github.com/c360studio/semboids/internal/api/graphstream.go:166.9,169.3 2 0
github.com/c360studio/semboids/internal/api/graphstream.go:170.2,171.23 2 11
github.com/c360studio/semboids/internal/api/graphstream.go:171.23,174.3 2 0
github.com/c360studio/semboids/internal/api/graphstream.go:176.2,182.16 5 11
github.com/c360studio/semboids/internal/api/graphstream.go:182.16,185.3 2 0
github.com/c360studio/semboids/internal/api/graphstream.go:186.2,202.15 4 11
github.com/c360studio/semboids/internal/api/graphstream.go:202.15,203.26 1 11
github.com/c360studio/semboids/internal/api/graphstream.go:203.26,205.4 1 1
github.com/c360studio/semboids/internal/api/graphstream.go:207.2,207.30 1 11
github.com/c360studio/semboids/internal/api/graphstream.go:207.30,208.29 1 76
github.com/c360studio/semboids/internal/api/graphstream.go:208.29,210.4 1 0
github.com/c360studio/semboids/internal/api/graphstream.go:211.3,212.16 2 76
github.com/c360studio/semboids/internal/api/graphstream.go:212.16,214.4 1 75
github.com/c360studio/semboids/internal/api/graphstream.go:215.3,216.18 2 1
github.com/c360studio/semboids/internal/api/graphstream.go:216.18,220.4 2 0
github.com/c360studio/semboids/internal/api/graphstream.go:221.3,223.34 3 1
github.com/c360studio/semboids/internal/api/graphstream.go:225.2,235.6 9 11
github.com/c360studio/semboids/internal/api/graphstream.go:235.6,236.10 1 80
github.com/c360studio/semboids/internal/api/graphstream.go:237.21,239.10 2 6
github.com/c360studio/semboids/internal/api/graphstream.go:241.39,242.13 1 9
github.com/c360studio/semboids/internal/api/graphstream.go:242.13,247.74 1 5
github.com/c360studio/semboids/internal/api/graphstream.go:247.74,250.6 1 4
github.com/c360studio/semboids/internal/api/graphstream.go:251.5,251.11 1 5
github.com/c360studio/semboids/internal/api/graphstream.go:253.4,253.35 1 4
github.com/c360studio/semboids/internal/api/graphstream.go:255.42,256.13 1 0
github.com/c360studio/semboids/internal/api/graphstream.go:256.13,260.13 2 0
github.com/c360studio/semboids/internal/api/graphstream.go:262.4,262.38 1 0
github.com/c360studio/semboids/internal/api/graphstream.go:264.19,267.20 3 65
github.com/c360studio/semboids/internal/api/graphstream.go:267.20,268.13 1 52
github.com/c360studio/semboids/internal/api/graphstream.go:270.4,271.18 2 13
github.com/c360studio/semboids/internal/api/graphstream.go:271.18,273.13 2 0
github.com/c360studio/semboids/internal/api/graphstream.go:275.4,275.66 1 13
github.com/c360studio/semboids/internal/api/graphstream.go:275.66,277.5 1 0
github.com/c360studio/semboids/internal/api/graphstream.go:278.4,278.19 1 13
github.com/c360studio/semboids/internal/api/graphstream_decode.go:27.99,28.21 1 85
github.com/c360studio/semboids/internal/api/graphstream_decode.go:28.21,30.3 1 1
github.com/c360studio/semboids/internal/api/graphstream_decode.go:31.2,32.63 2 84
github.com/c360studio/semboids/internal/api/graphstream_decode.go:32.63,34.3 1 2
github.com/c360studio/semboids/internal/api/graphstream_decode.go:35.2,39.32 2 82
github.com/c360studio/semboids/internal/api/graphstream_decode.go:39.32,40.23 1 249
github.com/c360studio/semboids/internal/api/graphstream_decode.go:41.27,42.40 1 82
github.com/c360studio/semboids/internal/api/graphstream_decode.go:42.40,44.5 1 82
github.com/c360studio/semboids/internal/api/graphstream_decode.go:45.31,47.33 1 82
github.com/c360studio/semboids/internal/api/graphstream_decode.go:48.27,49.40 1 80
github.com/c360studio/semboids/internal/api/graphstream_decode.go:49.40,51.5 1 80
github.com/c360studio/semboids/internal/api/graphstream_decode.go:52.28,53.39 1 5
github.com/c360studio/semboids/internal/api/graphstream_decode.go:53.39,55.5 1 5
github.com/c360studio/semboids/internal/api/graphstream_decode.go:58.2,58.21 1 82
github.com/c360studio/semboids/internal/api/graphstream_decode.go:72.95,73.35 1 5
github.com/c360studio/semboids/internal/api/graphstream_decode.go:73.35,75.3 1 1
github.com/c360studio/semboids/internal/api/graphstream_decode.go:76.2,80.50 2 4
github.com/c360studio/semboids/internal/api/graphstream_decode.go:80.50,82.3 1 1
github.com/c360studio/semboids/internal/api/graphstream_decode.go:83.2,83.18 1 3
github.com/c360studio/semboids/internal/api/graphstream_decode.go:83.18,85.3 1 1
github.com/c360studio/semboids/internal/api/graphstream_decode.go:86.2,86.29 1 2
github.com/c360studio/semboids/internal/api/graphstream_metrics.go:34.63,35.16 1 11
github.com/c360studio/semboids/internal/api/graphstream_metrics.go:35.16,37.3 1 11
github.com/c360studio/semboids/internal/api/graphstream_metrics.go:38.2,39.56 2 0
github.com/c360studio/semboids/internal/api/graphstream_metrics.go:39.56,46.3 3 0
github.com/c360studio/semboids/internal/api/graphstream_metrics.go:47.2,47.60 1 0
github.com/c360studio/semboids/internal/api/graphstream_metrics.go:47.60,54.3 3 0
github.com/c360studio/semboids/internal/api/graphstream_metrics.go:56.2,71.3 1 0
github.com/c360studio/semboids/internal/api/graphstream_metrics.go:80.60,81.14 1 8
github.com/c360studio/semboids/internal/api/graphstream_metrics.go:81.14,83.3 1 8
github.com/c360studio/semboids/internal/api/graphstream_metrics.go:84.2,93.44 8 0
github.com/c360studio/semboids/internal/api/graphstream_metrics.go:93.44,95.4 1 0
github.com/c360studio/semboids/internal/api/graphstream_metrics.go:96.22,98.4 1 0
github.com/c360studio/semboids/internal/api/graphstream_metrics.go:99.30,104.4 2 0
github.com/c360studio/semboids/internal/api/graphstream_metrics.go:105.33,107.4 1 0
github.com/c360studio/semboids/internal/api/graphstream_metrics.go:108.30,110.4 1 0
github.com/c360studio/semboids/internal/api/graphstream_metrics.go:111.51,112.23 1 0
github.com/c360studio/semboids/internal/api/graphstream_metrics.go:112.23,114.5 1 0
github.com/c360studio/semboids/internal/api/graphstream_metrics.go:115.4,115.43 1 0
github.com/c360studio/semboids/internal/api/graphstream_views.go:63.64,64.14 1 34
github.com/c360studio/semboids/internal/api/graphstream_views.go:64.14,66.3 1 0
github.com/c360studio/semboids/internal/api/graphstream_views.go:67.2,69.19 3 34
github.com/c360studio/semboids/internal/api/graphstream_views.go:74.64,75.14 1 87
github.com/c360studio/semboids/internal/api/graphstream_views.go:75.14,77.3 1 0
github.com/c360studio/semboids/internal/api/graphstream_views.go:78.2,80.22 3 87
github.com/c360studio/semboids/internal/api/graphstream_views.go:90.107,95.64 4 11
github.com/c360studio/semboids/internal/api/graphstream_views.go:95.64,97.18 2 11
github.com/c360studio/semboids/internal/api/graphstream_views.go:97.18,99.4 1 4
github.com/c360studio/semboids/internal/api/graphstream_views.go:100.3,103.14 4 7
github.com/c360studio/semboids/internal/api/graphstream_views.go:105.2,105.66 1 11
github.com/c360studio/semboids/internal/api/graphstream_views.go:105.66,107.18 2 16
github.com/c360studio/semboids/internal/api/graphstream_views.go:107.18,109.4 1 15
github.com/c360studio/semboids/internal/api/graphstream_views.go:110.3,113.14 4 1
github.com/c360studio/semboids/internal/api/graphstream_views.go:117.2,117.12 1 11
github.com/c360studio/semboids/internal/api/graphstream_views.go:117.12,120.42 3 11
github.com/c360studio/semboids/internal/api/graphstream_views.go:120.42,122.4 1 7
github.com/c360studio/semboids/internal/api/graphstream_views.go:123.3,123.45 1 11
github.com/c360studio/semboids/internal/api/graphstream_views.go:123.45,125.4 1 1
github.com/c360studio/semboids/internal/api/graphstream_views.go:126.3,126.19 1 11
github.com/c360studio/semboids/internal/api/graphstream_views.go:128.2,128.10 1 11
github.com/c360studio/semboids/internal/api/graphstream_views.go:134.101,136.6 2 22
github.com/c360studio/semboids/internal/api/graphstream_views.go:136.6,137.12 1 27
github.com/c360studio/semboids/internal/api/graphstream_views.go:137.12,140.4 2 8
github.com/c360studio/semboids/internal/api/graphstream_views.go:141.3,141.10 1 19
github.com/c360studio/semboids/internal/api/graphstream_views.go:142.21,143.10 1 14
github.com/c360studio/semboids/internal/api/graphstream_views.go:144.40,144.40 0 5
github.com/c360studio/semboids/internal/api/graphstream_views.go:151.156,153.16 2 27
github.com/c360studio/semboids/internal/api/graphstream_views.go:153.16,156.3 2 19
github.com/c360studio/semboids/internal/api/graphstream_views.go:157.2,160.16 2 8
github.com/c360studio/semboids/internal/api/graphstream_views.go:160.16,163.3 2 0
github.com/c360studio/semboids/internal/api/graphstream_views.go:164.2,164.40 1 8
github.com/c360studio/semboids/internal/api/graphstream_views.go:164.40,168.3 3 0
github.com/c360studio/semboids/internal/api/graphstream_views.go:169.2,169.13 1 8
github.com/c360studio/semboids/internal/api/graphstream_views.go:173.54,174.16 1 13
github.com/c360studio/semboids/internal/api/graphstream_views.go:174.16,176.3 1 1
github.com/c360studio/semboids/internal/api/graphstream_views.go:177.2,177.14 1 12
github.com/c360studio/semboids/internal/api/graphstream_views.go:177.14,179.3 1 0
github.com/c360studio/semboids/internal/api/graphstream_views.go:180.2,181.9 2 12
github.com/c360studio/semboids/internal/api/graphstream_views.go:182.19,183.13 1 9
github.com/c360studio/semboids/internal/api/graphstream_views.go:184.20,185.19 1 3
github.com/c360studio/semboids/internal/api/service.go:75.84,77.2 1 7
github.com/c360studio/semboids/internal/api/service.go:80.114,81.17 1 15
github.com/c360studio/semboids/internal/api/service.go:81.17,83.3 1 0
github.com/c360studio/semboids/internal/api/service.go:84.2,85.19 2 15
github.com/c360studio/semboids/internal/api/service.go:85.19,87.3 1 15
github.com/c360studio/semboids/internal/api/service.go:88.2,97.89 3 15
github.com/c360studio/semboids/internal/api/service.go:107.52,108.49 1 7
github.com/c360studio/semboids/internal/api/service.go:108.49,110.3 1 0
github.com/c360studio/semboids/internal/api/service.go:111.2,111.30 1 7
github.com/c360studio/semboids/internal/api/service.go:111.30,114.3 1 1
github.com/c360studio/semboids/internal/api/service.go:115.2,115.107 1 6
github.com/c360studio/semboids/internal/api/service.go:115.107,117.3 1 17
github.com/c360studio/semboids/internal/api/service.go:118.2,118.12 1 6
github.com/c360studio/semboids/internal/api/service.go:123.51,128.2 1 7
github.com/c360studio/semboids/internal/api/service.go:131.53,132.45 1 7
github.com/c360studio/semboids/internal/api/service.go:132.45,134.3 1 6
github.com/c360studio/semboids/internal/api/service.go:135.2,135.56 1 1
github.com/c360studio/semboids/internal/api/service.go:138.45,138.79 1 2
github.com/c360studio/semboids/internal/api/service.go:142.53,145.35 3 1
github.com/c360studio/semboids/internal/api/service.go:145.35,147.53 2 4
github.com/c360studio/semboids/internal/api/service.go:147.53,149.4 1 4
github.com/c360studio/semboids/internal/api/service.go:150.3,150.22 1 4
github.com/c360studio/semboids/internal/api/service.go:152.2,152.12 1 1
github.com/c360studio/semboids/internal/api/service.go:158.54,192.2 1 0
github.com/c360studio/semboids/internal/api/service.go:196.75,197.37 1 14
github.com/c360studio/semboids/internal/api/service.go:197.37,199.3 1 14
github.com/c360studio/semboids/internal/api/service.go:200.2,207.66 8 14
github.com/c360studio/semboids/internal/api/service.go:211.49,212.44 1 5
github.com/c360studio/semboids/internal/api/service.go:212.44,214.3 1 5
github.com/c360studio/semboids/internal/api/service.go:215.2,215.55 1 0
github.com/c360studio/semboids/internal/api/service.go:219.71,220.32 1 1
github.com/c360studio/semboids/internal/api/service.go:220.32,223.3 2 0
github.com/c360studio/semboids/internal/api/service.go:224.2,225.16 2 1
github.com/c360studio/semboids/internal/api/service.go:225.16,228.3 2 0
github.com/c360studio/semboids/internal/api/service.go:229.2,235.4 2 1
github.com/c360studio/semboids/internal/api/service.go:240.73,241.32 1 2
github.com/c360studio/semboids/internal/api/service.go:241.32,244.3 2 0
github.com/c360studio/semboids/internal/api/service.go:245.2,248.78 2 2
github.com/c360studio/semboids/internal/api/service.go:248.78,251.3 2 1
github.com/c360studio/semboids/internal/api/service.go:252.2,253.16 2 1
github.com/c360studio/semboids/internal/api/service.go:253.16,256.3 2 0
github.com/c360studio/semboids/internal/api/service.go:257.2,257.46 1 1
github.com/c360studio/semboids/internal/api/service.go:257.46,260.3 2 0
github.com/c360studio/semboids/internal/api/service.go:261.2,262.64 2 1
github.com/c360studio/semboids/internal/api/service.go:267.71,268.33 1 4
github.com/c360studio/semboids/internal/api/service.go:268.33,271.3 2 1
github.com/c360studio/semboids/internal/api/service.go:272.2,275.92 2 3
github.com/c360studio/semboids/internal/api/service.go:275.92,278.3 2 2
github.com/c360studio/semboids/internal/api/service.go:279.2,280.16 2 1
github.com/c360studio/semboids/internal/api/service.go:280.16,283.3 2 0
github.com/c360studio/semboids/internal/api/service.go:284.2,286.64 3 1
github.com/c360studio/semboids/internal/api/service.go:291.73,292.32 1 2
github.com/c360studio/semboids/internal/api/service.go:292.32,295.3 2 0
github.com/c360studio/semboids/internal/api/service.go:296.2,299.78 2 2
github.com/c360studio/semboids/internal/api/service.go:299.78,302.3 2 0
github.com/c360studio/semboids/internal/api/service.go:303.2,304.16 2 2
github.com/c360studio/semboids/internal/api/service.go:304.16,307.3 2 0
github.com/c360studio/semboids/internal/api/service.go:308.2,308.46 1 2
github.com/c360studio/semboids/internal/api/service.go:308.46,311.3 2 1
github.com/c360studio/semboids/internal/api/service.go:312.2,313.70 2 1
github.com/c360studio/semboids/internal/api/service.go:317.71,318.32 1 3
github.com/c360studio/semboids/internal/api/service.go:318.32,321.3 2 1
github.com/c360studio/semboids/internal/api/service.go:322.2,323.16 2 2
github.com/c360studio/semboids/internal/api/service.go:323.16,326.3 2 1
github.com/c360studio/semboids/internal/api/service.go:327.2,327.64 1 1
github.com/c360studio/semboids/internal/api/service.go:333.76,334.32 1 8
github.com/c360studio/semboids/internal/api/service.go:334.32,337.3 2 1
github.com/c360studio/semboids/internal/api/service.go:338.2,340.12 3 7
github.com/c360studio/semboids/internal/api/service.go:340.12,343.3 2 1
github.com/c360studio/semboids/internal/api/service.go:345.2,348.83 2 6
github.com/c360studio/semboids/internal/api/service.go:348.83,351.3 2 1
github.com/c360studio/semboids/internal/api/service.go:353.2,354.16 2 5
github.com/c360studio/semboids/internal/api/service.go:354.16,357.3 2 0
github.com/c360studio/semboids/internal/api/service.go:362.2,364.28 3 5
github.com/c360studio/semboids/internal/api/service.go:364.28,367.3 2 0
github.com/c360studio/semboids/internal/api/service.go:368.2,369.29 2 5
github.com/c360studio/semboids/internal/api/service.go:369.29,370.49 1 8
github.com/c360studio/semboids/internal/api/service.go:370.49,373.4 2 8
github.com/c360studio/semboids/internal/api/service.go:375.2,375.16 1 5
github.com/c360studio/semboids/internal/api/service.go:375.16,378.3 2 0
github.com/c360studio/semboids/internal/api/service.go:380.2,381.57 2 5
github.com/c360studio/semboids/internal/api/service.go:381.57,384.3 2 0
github.com/c360studio/semboids/internal/api/service.go:385.2,385.54 1 5
github.com/c360studio/semboids/internal/api/service.go:385.54,388.3 2 0
github.com/c360studio/semboids/internal/api/service.go:393.2,393.39 1 5
github.com/c360studio/semboids/internal/api/service.go:393.39,394.33 1 2
github.com/c360studio/semboids/internal/api/service.go:394.33,395.52 1 1
github.com/c360studio/semboids/internal/api/service.go:395.52,397.5 1 0
github.com/c360studio/semboids/internal/api/service.go:401.2,402.102 2 5
github.com/c360studio/semboids/internal/api/service.go:405.58,409.2 3 10
github.com/c360studio/semboids/internal/boidgraph/contract.go:27.45,37.2 1 12
github.com/c360studio/semboids/internal/boidgraph/lifecycle.go:48.43,48.63 1 2
github.com/c360studio/semboids/internal/boidgraph/lifecycle.go:51.43,51.70 1 2
github.com/c360studio/semboids/internal/boidgraph/lifecycle.go:54.40,54.63 1 4
github.com/c360studio/semboids/internal/boidgraph/lifecycle.go:57.43,57.94 1 2
github.com/c360studio/semboids/internal/boidgraph/lifecycle.go:60.49,60.62 1 0
github.com/c360studio/semboids/internal/boidgraph/lifecycle.go:64.55,66.2 1 2
github.com/c360studio/semboids/internal/boidgraph/lifecycle.go:69.40,78.2 1 2
github.com/c360studio/semboids/internal/boidgraph/metrics.go:36.73,37.16 1 13
github.com/c360studio/semboids/internal/boidgraph/metrics.go:37.16,39.3 1 12
github.com/c360studio/semboids/internal/boidgraph/metrics.go:40.2,83.3 11 1
github.com/c360studio/semboids/internal/boidgraph/metrics.go:86.61,87.14 1 233
github.com/c360studio/semboids/internal/boidgraph/metrics.go:87.14,89.3 1 223
github.com/c360studio/semboids/internal/boidgraph/metrics.go:92.47,93.14 1 232
github.com/c360studio/semboids/internal/boidgraph/metrics.go:93.14,95.3 1 222
github.com/c360studio/semboids/internal/boidgraph/metrics.go:98.42,99.14 1 233
github.com/c360studio/semboids/internal/boidgraph/metrics.go:99.14,101.3 1 223
github.com/c360studio/semboids/internal/boidgraph/metrics.go:104.41,105.14 1 144
github.com/c360studio/semboids/internal/boidgraph/metrics.go:105.14,107.3 1 136
github.com/c360studio/semboids/internal/boidgraph/metrics.go:110.54,111.14 1 3
github.com/c360studio/semboids/internal/boidgraph/metrics.go:111.14,113.3 1 0
github.com/c360studio/semboids/internal/boidgraph/metrics.go:121.68,122.16 1 2
github.com/c360studio/semboids/internal/boidgraph/metrics.go:122.16,123.24 1 1
github.com/c360studio/semboids/internal/boidgraph/metrics.go:123.25,123.26 0 1
github.com/c360studio/semboids/internal/boidgraph/metrics.go:125.2,132.14 3 1
github.com/c360studio/semboids/internal/boidgraph/metrics.go:137.78,138.16 1 2
github.com/c360studio/semboids/internal/boidgraph/metrics.go:138.16,140.3 1 1
github.com/c360studio/semboids/internal/boidgraph/metrics.go:141.2,151.10 3 1
github.com/c360studio/semboids/internal/boidgraph/payload.go:43.61,45.2 1 235881
github.com/c360studio/semboids/internal/boidgraph/payload.go:48.36,50.2 1 52730
github.com/c360studio/semboids/internal/boidgraph/payload.go:59.45,61.58 2 26362
github.com/c360studio/semboids/internal/boidgraph/payload.go:61.58,70.3 1 314948
github.com/c360studio/semboids/internal/boidgraph/payload.go:71.2,78.37 2 26362
github.com/c360studio/semboids/internal/boidgraph/payload.go:78.37,80.3 1 183138
github.com/c360studio/semboids/internal/boidgraph/payload.go:81.2,81.16 1 26362
github.com/c360studio/semboids/internal/boidgraph/payload.go:85.40,87.2 1 89310
github.com/c360studio/semboids/internal/boidgraph/payload.go:90.35,91.19 1 89301
github.com/c360studio/semboids/internal/boidgraph/payload.go:91.19,93.3 1 0
github.com/c360studio/semboids/internal/boidgraph/payload.go:94.2,94.22 1 89301
github.com/c360studio/semboids/internal/boidgraph/payload.go:94.22,96.3 1 0
github.com/c360studio/semboids/internal/boidgraph/payload.go:97.2,97.12 1 89301
github.com/c360studio/semboids/internal/boidgraph/payload.go:101.48,104.2 2 89300
github.com/c360studio/semboids/internal/boidgraph/payload.go:107.51,110.2 2 26359
github.com/c360studio/semboids/internal/boidgraph/payload.go:113.54,115.16 2 0
github.com/c360studio/semboids/internal/boidgraph/payload.go:115.16,117.3 1 0
github.com/c360studio/semboids/internal/boidgraph/payload.go:118.2,119.47 2 0
github.com/c360studio/semboids/internal/boidgraph/payload.go:119.47,121.3 1 0
github.com/c360studio/semboids/internal/boidgraph/payload.go:122.2,122.37 1 0
github.com/c360studio/semboids/internal/boidgraph/payload.go:122.37,124.3 1 0
github.com/c360studio/semboids/internal/boidgraph/payload.go:125.2,125.15 1 0
github.com/c360studio/semboids/internal/boidgraph/payload.go:129.60,137.31 1 8
github.com/c360studio/semboids/internal/boidgraph/payload.go:137.31,137.51 1 26367
github.com/c360studio/semboids/internal/boidgraph/probe.go:57.118,58.19 1 2
github.com/c360studio/semboids/internal/boidgraph/probe.go:58.19,60.3 1 0
github.com/c360studio/semboids/internal/boidgraph/probe.go:61.2,61.18 1 2
github.com/c360studio/semboids/internal/boidgraph/probe.go:61.18,63.3 1 0
github.com/c360studio/semboids/internal/boidgraph/probe.go:64.2,70.3 1 2
github.com/c360studio/semboids/internal/boidgraph/probe.go:79.55,81.16 2 2
github.com/c360studio/semboids/internal/boidgraph/probe.go:81.16,83.3 1 0
github.com/c360studio/semboids/internal/boidgraph/probe.go:84.2,85.16 2 2
github.com/c360studio/semboids/internal/boidgraph/probe.go:85.16,87.3 1 0
github.com/c360studio/semboids/internal/boidgraph/probe.go:88.2,88.15 1 2
github.com/c360studio/semboids/internal/boidgraph/probe.go:88.15,88.37 1 2
github.com/c360studio/semboids/internal/boidgraph/probe.go:90.2,90.6 1 2
github.com/c360studio/semboids/internal/boidgraph/probe.go:90.6,91.10 1 25360
github.com/c360studio/semboids/internal/boidgraph/probe.go:92.21,93.14 1 2
github.com/c360studio/semboids/internal/boidgraph/probe.go:94.41,95.11 1 25358
github.com/c360studio/semboids/internal/boidgraph/probe.go:95.11,97.5 1 0
github.com/c360studio/semboids/internal/boidgraph/probe.go:98.4,98.20 1 25358
github.com/c360studio/semboids/internal/boidgraph/probe.go:98.20,99.13 1 2
github.com/c360studio/semboids/internal/boidgraph/probe.go:101.4,103.50 2 25356
github.com/c360studio/semboids/internal/boidgraph/probe.go:112.72,113.38 1 25382
github.com/c360studio/semboids/internal/boidgraph/probe.go:113.38,115.3 1 2
github.com/c360studio/semboids/internal/boidgraph/probe.go:116.2,116.37 1 25380
github.com/c360studio/semboids/internal/boidgraph/probe.go:116.37,118.3 1 90
github.com/c360studio/semboids/internal/boidgraph/probe.go:119.2,120.9 2 25290
github.com/c360studio/semboids/internal/boidgraph/probe.go:120.9,122.3 1 2
github.com/c360studio/semboids/internal/boidgraph/probe.go:123.2,124.17 2 25288
github.com/c360studio/semboids/internal/boidgraph/probe.go:124.17,126.3 1 0
github.com/c360studio/semboids/internal/boidgraph/probe.go:127.2,127.19 1 25288
github.com/c360studio/semboids/internal/boidgraph/probe.go:127.19,129.3 1 25280
github.com/c360studio/semboids/internal/boidgraph/probe.go:134.39,136.2 1 25381
github.com/c360studio/semboids/internal/boidgraph/probe.go:143.54,149.75 2 25291
github.com/c360studio/semboids/internal/boidgraph/probe.go:149.75,151.3 1 2
github.com/c360studio/semboids/internal/boidgraph/probe.go:152.2,153.32 2 25289
github.com/c360studio/semboids/internal/boidgraph/probe.go:153.32,154.33 1 325529
github.com/c360studio/semboids/internal/boidgraph/probe.go:154.33,156.4 1 25691
github.com/c360studio/semboids/internal/boidgraph/probe.go:158.2,158.21 1 25289
github.com/c360studio/semboids/internal/boidgraph/probe.go:158.21,160.3 1 0
github.com/c360studio/semboids/internal/boidgraph/probe.go:161.2,161.21 1 25289
github.com/c360studio/semboids/internal/boidgraph/publisher.go:76.156,77.19 1 13
github.com/c360studio/semboids/internal/boidgraph/publisher.go:77.19,79.3 1 10
github.com/c360studio/semboids/internal/boidgraph/publisher.go:80.2,89.3 1 13
github.com/c360studio/semboids/internal/boidgraph/publisher.go:94.44,95.9 1 381
github.com/c360studio/semboids/internal/boidgraph/publisher.go:96.17,97.14 1 237
github.com/c360studio/semboids/internal/boidgraph/publisher.go:98.10,101.15 3 144
github.com/c360studio/semboids/internal/boidgraph/publisher.go:107.68,109.2 1 8
github.com/c360studio/semboids/internal/boidgraph/publisher.go:121.46,122.6 1 7
github.com/c360studio/semboids/internal/boidgraph/publisher.go:122.6,123.10 1 240
github.com/c360studio/semboids/internal/boidgraph/publisher.go:124.21,125.10 1 7
github.com/c360studio/semboids/internal/boidgraph/publisher.go:126.20,127.29 1 233
github.com/c360studio/semboids/internal/boidgraph/publisher.go:142.70,146.25 3 233
github.com/c360studio/semboids/internal/boidgraph/publisher.go:146.25,154.17 5 89297
github.com/c360studio/semboids/internal/boidgraph/publisher.go:154.17,156.12 2 0
github.com/c360studio/semboids/internal/boidgraph/publisher.go:158.3,158.28 1 89297
github.com/c360studio/semboids/internal/boidgraph/publisher.go:161.2,161.77 1 233
github.com/c360studio/semboids/internal/boidgraph/publisher.go:161.77,167.3 1 1
github.com/c360studio/semboids/internal/boidgraph/publisher.go:167.8,170.3 2 232
github.com/c360studio/semboids/internal/boidgraph/publisher.go:174.2,174.25 1 233
github.com/c360studio/semboids/internal/boidgraph/publisher.go:174.25,178.18 4 89297
github.com/c360studio/semboids/internal/boidgraph/publisher.go:178.18,180.4 1 1
github.com/c360studio/semboids/internal/boidgraph/publisher.go:181.3,181.33 1 89297
github.com/c360studio/semboids/internal/boidgraph/publisher.go:184.2,186.56 3 233
github.com/c360studio/semboids/internal/boidgraph/publisher.go:203.68,204.25 1 7
github.com/c360studio/semboids/internal/boidgraph/publisher.go:204.25,206.3 1 0
github.com/c360studio/semboids/internal/boidgraph/publisher.go:207.2,212.63 2 7
github.com/c360studio/semboids/internal/boidgraph/publisher.go:212.63,214.17 2 11
github.com/c360studio/semboids/internal/boidgraph/publisher.go:214.17,216.4 1 3
github.com/c360studio/semboids/internal/boidgraph/publisher.go:217.3,218.26 2 8
github.com/c360studio/semboids/internal/boidgraph/publisher.go:218.26,219.19 1 8
github.com/c360studio/semboids/internal/boidgraph/publisher.go:220.37,221.11 1 1
github.com/c360studio/semboids/internal/boidgraph/publisher.go:222.77,223.39 1 5
github.com/c360studio/semboids/internal/boidgraph/publisher.go:223.39,224.14 1 4
github.com/c360studio/semboids/internal/boidgraph/publisher.go:226.42,230.11 3 1
github.com/c360studio/semboids/internal/boidgraph/publisher.go:233.3,236.9 3 2
github.com/c360studio/semboids/internal/boidgraph/publisher.go:244.107,246.26 2 380
github.com/c360studio/semboids/internal/boidgraph/publisher.go:246.26,251.3 1 144514
github.com/c360studio/semboids/internal/boidgraph/publisher.go:252.2,252.52 1 380
github.com/c360studio/semboids/internal/boidgraph/vocabulary.go:20.13,20.37 1 1
github.com/c360studio/semboids/internal/boidgraph/vocabulary.go:25.27,32.2 2 1
github.com/c360studio/semboids/internal/flock/engine.go:47.54,57.26 5 27
github.com/c360studio/semboids/internal/flock/engine.go:57.26,59.3 1 1742
github.com/c360studio/semboids/internal/flock/engine.go:60.2,60.10 1 27
github.com/c360studio/semboids/internal/flock/engine.go:66.44,74.2 3 1756
github.com/c360studio/semboids/internal/flock/engine.go:80.43,81.12 1 6
github.com/c360studio/semboids/internal/flock/engine.go:81.12,83.3 1 0
github.com/c360studio/semboids/internal/flock/engine.go:84.2,86.19 3 6
github.com/c360studio/semboids/internal/flock/engine.go:86.19,91.3 4 14
github.com/c360studio/semboids/internal/flock/engine.go:92.2,93.12 2 6
github.com/c360studio/semboids/internal/flock/engine.go:99.44,100.19 1 3
github.com/c360studio/semboids/internal/flock/engine.go:100.19,102.3 1 0
github.com/c360studio/semboids/internal/flock/engine.go:103.2,104.25 2 3
github.com/c360studio/semboids/internal/flock/engine.go:104.25,106.3 1 5
github.com/c360studio/semboids/internal/flock/engine.go:107.2,109.24 3 3
github.com/c360studio/semboids/internal/flock/engine.go:109.24,110.35 1 16
github.com/c360studio/semboids/internal/flock/engine.go:110.35,112.4 1 11
github.com/c360studio/semboids/internal/flock/engine.go:114.2,114.21 1 3
github.com/c360studio/semboids/internal/flock/engine.go:119.41,124.2 4 7
github.com/c360studio/semboids/internal/flock/engine.go:128.33,128.56 1 244
github.com/c360studio/semboids/internal/flock/engine.go:131.37,131.55 1 2
github.com/c360studio/semboids/internal/flock/engine.go:137.72,141.23 4 7
github.com/c360studio/semboids/internal/flock/engine.go:141.23,144.31 3 304
github.com/c360studio/semboids/internal/flock/engine.go:144.31,146.4 1 246
github.com/c360studio/semboids/internal/flock/engine.go:147.3,147.24 1 304
github.com/c360studio/semboids/internal/flock/engine.go:149.2,149.12 1 7
github.com/c360studio/semboids/internal/flock/engine.go:157.59,157.79 1 5
github.com/c360studio/semboids/internal/flock/engine.go:160.34,160.48 1 0
github.com/c360studio/semboids/internal/flock/engine.go:163.25,168.37 2 1522
github.com/c360studio/semboids/internal/flock/engine.go:168.37,170.3 1 2
github.com/c360studio/semboids/internal/flock/engine.go:171.2,173.21 3 1522
github.com/c360studio/semboids/internal/flock/engine.go:173.21,179.3 5 220437
github.com/c360studio/semboids/internal/flock/engine.go:180.2,181.11 2 1522
github.com/c360studio/semboids/internal/flock/engine.go:186.50,189.23 3 220437
github.com/c360studio/semboids/internal/flock/engine.go:189.23,191.3 1 12531
github.com/c360studio/semboids/internal/flock/engine.go:192.2,193.25 2 220437
github.com/c360studio/semboids/internal/flock/engine.go:193.25,195.3 1 27835
github.com/c360studio/semboids/internal/flock/engine.go:197.2,199.30 3 192602
github.com/c360studio/semboids/internal/flock/engine.go:199.30,203.46 4 996514
github.com/c360studio/semboids/internal/flock/engine.go:203.46,207.4 2 283982
github.com/c360studio/semboids/internal/flock/engine.go:208.3,209.33 2 996514
github.com/c360studio/semboids/internal/flock/engine.go:212.2,214.43 3 192602
github.com/c360studio/semboids/internal/flock/engine.go:214.43,216.3 1 149069
github.com/c360studio/semboids/internal/flock/engine.go:217.2,217.29 1 192602
github.com/c360studio/semboids/internal/flock/engine.go:217.29,219.3 1 192462
github.com/c360studio/semboids/internal/flock/engine.go:220.2,220.30 1 192602
github.com/c360studio/semboids/internal/flock/engine.go:220.30,222.3 1 192562
github.com/c360studio/semboids/internal/flock/engine.go:223.2,223.41 1 192602
github.com/c360studio/semboids/internal/flock/engine.go:228.54,230.12 2 534093
github.com/c360studio/semboids/internal/flock/engine.go:230.12,232.3 1 0
github.com/c360studio/semboids/internal/flock/engine.go:233.2,233.69 1 534093
github.com/c360studio/semboids/internal/flock/grid.go:15.40,27.2 3 35
github.com/c360studio/semboids/internal/flock/grid.go:29.46,33.12 3 441528
github.com/c360studio/semboids/internal/flock/grid.go:33.12,35.3 1 0
github.com/c360studio/semboids/internal/flock/grid.go:35.8,35.25 1 441528
github.com/c360studio/semboids/internal/flock/grid.go:35.25,37.3 1 0
github.com/c360studio/semboids/internal/flock/grid.go:38.2,38.12 1 441528
github.com/c360studio/semboids/internal/flock/grid.go:38.12,40.3 1 0
github.com/c360studio/semboids/internal/flock/grid.go:40.8,40.25 1 441528
github.com/c360studio/semboids/internal/flock/grid.go:40.25,42.3 1 0
github.com/c360studio/semboids/internal/flock/grid.go:43.2,43.15 1 441528
github.com/c360studio/semboids/internal/flock/grid.go:47.38,48.27 1 1538
github.com/c360studio/semboids/internal/flock/grid.go:48.27,50.3 1 885888
github.com/c360studio/semboids/internal/flock/grid.go:51.2,51.23 1 1538
github.com/c360studio/semboids/internal/flock/grid.go:51.23,55.3 3 220778
github.com/c360studio/semboids/internal/flock/grid.go:62.84,69.30 6 220750
github.com/c360studio/semboids/internal/flock/grid.go:69.30,70.31 1 662250
github.com/c360studio/semboids/internal/flock/grid.go:70.31,74.34 4 1986750
github.com/c360studio/semboids/internal/flock/grid.go:74.34,75.27 1 7947000
github.com/c360studio/semboids/internal/flock/grid.go:75.27,76.19 1 0
github.com/c360studio/semboids/internal/flock/grid.go:79.4,81.38 3 1986750
github.com/c360studio/semboids/internal/flock/grid.go:81.38,82.20 1 1916934
github.com/c360studio/semboids/internal/flock/grid.go:82.20,83.14 1 220750
github.com/c360studio/semboids/internal/flock/grid.go:85.5,86.30 2 1696184
github.com/c360studio/semboids/internal/flock/grid.go:86.30,88.6 1 996769
github.com/c360studio/semboids/internal/flock/grid.go:92.2,92.12 1 220750
github.com/c360studio/semboids/internal/flock/params.go:30.29,43.2 1 22
github.com/c360studio/semboids/internal/flock/vec2.go:11.32,11.69 1 3160606
github.com/c360studio/semboids/internal/flock/vec2.go:14.32,14.69 1 825576
github.com/c360studio/semboids/internal/flock/vec2.go:17.37,17.70 1 2197959
github.com/c360studio/semboids/internal/flock/vec2.go:20.29,20.60 1 2520693
github.com/c360studio/semboids/internal/flock/vec2.go:23.42,25.27 2 974970
github.com/c360studio/semboids/internal/flock/vec2.go:25.27,27.3 1 956844
github.com/c360studio/semboids/internal/flock/vec2.go:28.2,28.28 1 18126
github.com/c360studio/semboids/internal/flock/vec2.go:32.47,34.9 2 2692707
github.com/c360studio/semboids/internal/flock/vec2.go:35.16,36.10 1 15183
github.com/c360studio/semboids/internal/flock/vec2.go:37.17,38.10 1 15183
github.com/c360studio/semboids/internal/flock/vec2.go:40.2,41.9 2 2692707
github.com/c360studio/semboids/internal/flock/vec2.go:42.16,43.10 1 40215
github.com/c360studio/semboids/internal/flock/vec2.go:44.17,45.10 1 40215
github.com/c360studio/semboids/internal/flock/vec2.go:47.2,47.21 1 2692707
github.com/c360studio/semboids/internal/flock/vec2.go:51.38,53.11 2 220442
github.com/c360studio/semboids/internal/flock/vec2.go:53.11,55.3 1 47
github.com/c360studio/semboids/internal/flock/vec2.go:56.2,57.11 2 220442
github.com/c360studio/semboids/internal/flock/vec2.go:57.11,59.3 1 118
github.com/c360studio/semboids/internal/flock/vec2.go:60.2,60.19 1 220442
github.com/c360studio/semboids/internal/sim/component.go:71.29,89.2 1 40
github.com/c360studio/semboids/internal/sim/component.go:162.107,164.24 2 18
github.com/c360studio/semboids/internal/sim/component.go:164.24,165.60 1 18
github.com/c360studio/semboids/internal/sim/component.go:165.60,167.4 1 0
github.com/c360studio/semboids/internal/sim/component.go:169.2,170.23 2 18
github.com/c360studio/semboids/internal/sim/component.go:170.23,172.3 1 0
github.com/c360studio/semboids/internal/sim/component.go:173.2,173.24 1 18
github.com/c360studio/semboids/internal/sim/component.go:173.24,175.3 1 0
github.com/c360studio/semboids/internal/sim/component.go:176.2,176.35 1 18
github.com/c360studio/semboids/internal/sim/component.go:176.35,178.3 1 18
github.com/c360studio/semboids/internal/sim/component.go:179.2,179.59 1 18
github.com/c360studio/semboids/internal/sim/component.go:179.59,181.3 1 0
github.com/c360studio/semboids/internal/sim/component.go:183.2,183.52 1 18
github.com/c360studio/semboids/internal/sim/component.go:183.52,185.3 1 1
github.com/c360studio/semboids/internal/sim/component.go:187.2,191.16 4 17
github.com/c360studio/semboids/internal/sim/component.go:191.16,193.3 1 0
github.com/c360studio/semboids/internal/sim/component.go:194.2,195.28 2 17
github.com/c360studio/semboids/internal/sim/component.go:195.28,196.25 1 17
github.com/c360studio/semboids/internal/sim/component.go:196.25,198.9 2 17
github.com/c360studio/semboids/internal/sim/component.go:201.2,202.16 2 17
github.com/c360studio/semboids/internal/sim/component.go:202.16,204.3 1 0
github.com/c360studio/semboids/internal/sim/component.go:205.2,206.84 2 17
github.com/c360studio/semboids/internal/sim/component.go:206.84,208.3 1 17
github.com/c360studio/semboids/internal/sim/component.go:210.2,211.61 2 17
github.com/c360studio/semboids/internal/sim/component.go:211.61,213.3 1 0
github.com/c360studio/semboids/internal/sim/component.go:215.2,229.27 4 17
github.com/c360studio/semboids/internal/sim/component.go:229.27,231.3 1 17
github.com/c360studio/semboids/internal/sim/component.go:232.2,238.27 7 17
github.com/c360studio/semboids/internal/sim/component.go:238.27,240.3 1 17
github.com/c360studio/semboids/internal/sim/component.go:241.2,243.28 2 17
github.com/c360studio/semboids/internal/sim/component.go:243.28,251.17 2 5
github.com/c360studio/semboids/internal/sim/component.go:251.17,253.4 1 0
github.com/c360studio/semboids/internal/sim/component.go:254.3,263.76 7 5
github.com/c360studio/semboids/internal/sim/component.go:268.2,268.34 1 17
github.com/c360studio/semboids/internal/sim/component.go:268.34,270.3 1 2
github.com/c360studio/semboids/internal/sim/component.go:271.2,271.15 1 17
github.com/c360studio/semboids/internal/sim/component.go:275.44,276.12 1 20
github.com/c360studio/semboids/internal/sim/component.go:276.12,278.3 1 0
github.com/c360studio/semboids/internal/sim/component.go:279.2,279.26 1 20
github.com/c360studio/semboids/internal/sim/component.go:279.26,281.3 1 1
github.com/c360studio/semboids/internal/sim/component.go:282.2,283.28 2 20
github.com/c360studio/semboids/internal/sim/component.go:283.28,285.3 1 20
github.com/c360studio/semboids/internal/sim/component.go:289.39,291.2 1 533
github.com/c360studio/semboids/internal/sim/component.go:295.50,296.12 1 4
github.com/c360studio/semboids/internal/sim/component.go:296.12,298.3 1 1
github.com/c360studio/semboids/internal/sim/component.go:299.2,301.12 3 3
github.com/c360studio/semboids/internal/sim/component.go:307.39,308.25 1 0
github.com/c360studio/semboids/internal/sim/component.go:308.25,310.3 1 0
github.com/c360studio/semboids/internal/sim/component.go:314.39,316.2 1 96
github.com/c360studio/semboids/internal/sim/component.go:320.50,321.12 1 0
github.com/c360studio/semboids/internal/sim/component.go:321.12,323.3 1 0
github.com/c360studio/semboids/internal/sim/component.go:324.2,326.12 3 0
github.com/c360studio/semboids/internal/sim/component.go:331.73,332.24 1 0
github.com/c360studio/semboids/internal/sim/component.go:332.24,334.3 1 0
github.com/c360studio/semboids/internal/sim/component.go:335.2,335.29 1 0
github.com/c360studio/semboids/internal/sim/component.go:341.50,342.24 1 566
github.com/c360studio/semboids/internal/sim/component.go:342.24,344.3 1 37
github.com/c360studio/semboids/internal/sim/component.go:345.2,346.13 2 529
github.com/c360studio/semboids/internal/sim/component.go:346.13,348.3 1 489
github.com/c360studio/semboids/internal/sim/component.go:349.2,350.15 2 40
github.com/c360studio/semboids/internal/sim/component.go:350.15,352.3 1 0
github.com/c360studio/semboids/internal/sim/component.go:353.2,354.21 2 40
github.com/c360studio/semboids/internal/sim/component.go:354.21,356.3 1 30
github.com/c360studio/semboids/internal/sim/component.go:357.2,358.84 2 10
github.com/c360studio/semboids/internal/sim/component.go:365.58,367.2 1 2
github.com/c360studio/semboids/internal/sim/component.go:370.47,377.2 1 0
github.com/c360studio/semboids/internal/sim/component.go:380.51,380.74 1 0
github.com/c360studio/semboids/internal/sim/component.go:383.52,383.76 1 1
github.com/c360studio/semboids/internal/sim/component.go:386.59,427.2 1 4
github.com/c360studio/semboids/internal/sim/component.go:430.53,436.15 5 0
github.com/c360studio/semboids/internal/sim/component.go:436.15,439.3 2 0
github.com/c360studio/semboids/internal/sim/component.go:440.2,445.3 1 0
github.com/c360studio/semboids/internal/sim/component.go:449.54,453.15 4 0
github.com/c360studio/semboids/internal/sim/component.go:453.15,455.3 1 0
github.com/c360studio/semboids/internal/sim/component.go:456.2,460.3 2 0
github.com/c360studio/semboids/internal/sim/component.go:464.40,465.22 1 12
github.com/c360studio/semboids/internal/sim/component.go:465.22,467.3 1 0
github.com/c360studio/semboids/internal/sim/component.go:468.2,468.12 1 12
github.com/c360studio/semboids/internal/sim/component.go:472.54,473.16 1 16
github.com/c360studio/semboids/internal/sim/component.go:473.16,475.3 1 1
github.com/c360studio/semboids/internal/sim/component.go:476.2,476.34 1 15
github.com/c360studio/semboids/internal/sim/component.go:476.34,478.3 1 0
github.com/c360studio/semboids/internal/sim/component.go:479.2,481.19 3 15
github.com/c360studio/semboids/internal/sim/component.go:481.19,483.3 1 2
github.com/c360studio/semboids/internal/sim/component.go:484.2,487.25 4 13
github.com/c360studio/semboids/internal/sim/component.go:487.25,489.43 1 5
github.com/c360studio/semboids/internal/sim/component.go:489.43,489.73 1 10
github.com/c360studio/semboids/internal/sim/component.go:490.3,490.17 1 5
github.com/c360studio/semboids/internal/sim/component.go:490.17,494.4 3 0
github.com/c360studio/semboids/internal/sim/component.go:495.3,495.22 1 5
github.com/c360studio/semboids/internal/sim/component.go:497.2,499.24 3 13
github.com/c360studio/semboids/internal/sim/component.go:499.24,500.23 1 5
github.com/c360studio/semboids/internal/sim/component.go:500.23,500.47 1 5
github.com/c360studio/semboids/internal/sim/component.go:502.2,502.20 1 13
github.com/c360studio/semboids/internal/sim/component.go:502.20,503.23 1 5
github.com/c360studio/semboids/internal/sim/component.go:503.23,504.63 1 5
github.com/c360studio/semboids/internal/sim/component.go:504.63,506.5 1 0
github.com/c360studio/semboids/internal/sim/component.go:509.2,509.44 1 13
github.com/c360studio/semboids/internal/sim/component.go:509.44,511.38 2 2
github.com/c360studio/semboids/internal/sim/component.go:511.38,513.4 1 24
github.com/c360studio/semboids/internal/sim/component.go:514.3,515.23 2 2
github.com/c360studio/semboids/internal/sim/component.go:515.23,515.49 1 2
github.com/c360studio/semboids/internal/sim/component.go:516.3,516.23 1 2
github.com/c360studio/semboids/internal/sim/component.go:516.23,516.48 1 2
github.com/c360studio/semboids/internal/sim/component.go:517.3,517.23 1 2
github.com/c360studio/semboids/internal/sim/component.go:517.23,517.42 1 2
github.com/c360studio/semboids/internal/sim/component.go:519.2,519.22 1 13
github.com/c360studio/semboids/internal/sim/component.go:519.22,519.36 1 13
github.com/c360studio/semboids/internal/sim/component.go:522.2,522.30 1 13
github.com/c360studio/semboids/internal/sim/component.go:522.30,524.25 2 13
github.com/c360studio/semboids/internal/sim/component.go:524.25,526.4 1 13
github.com/c360studio/semboids/internal/sim/component.go:527.3,527.14 1 13
github.com/c360studio/semboids/internal/sim/component.go:529.2,529.12 1 13
github.com/c360studio/semboids/internal/sim/component.go:534.49,536.16 2 10
github.com/c360studio/semboids/internal/sim/component.go:536.16,539.3 2 0
github.com/c360studio/semboids/internal/sim/component.go:540.2,540.21 1 10
github.com/c360studio/semboids/internal/sim/component.go:544.53,545.16 1 16
github.com/c360studio/semboids/internal/sim/component.go:545.16,547.3 1 1
github.com/c360studio/semboids/internal/sim/component.go:548.2,552.17 5 15
github.com/c360studio/semboids/internal/sim/component.go:552.17,554.3 1 0
github.com/c360studio/semboids/internal/sim/component.go:557.2,558.19 2 15
github.com/c360studio/semboids/internal/sim/component.go:558.19,560.3 1 15
github.com/c360studio/semboids/internal/sim/component.go:561.2,561.9 1 15
github.com/c360studio/semboids/internal/sim/component.go:562.14,563.18 1 5
github.com/c360studio/semboids/internal/sim/component.go:564.10,564.10 0 10
github.com/c360studio/semboids/internal/sim/component.go:566.2,566.9 1 10
github.com/c360studio/semboids/internal/sim/component.go:567.14,568.18 1 9
github.com/c360studio/semboids/internal/sim/component.go:569.20,570.63 1 1
github.com/c360studio/semboids/internal/sim/component.go:575.46,582.6 5 13
github.com/c360studio/semboids/internal/sim/component.go:582.6,583.10 1 579
github.com/c360studio/semboids/internal/sim/component.go:584.21,585.10 1 12
github.com/c360studio/semboids/internal/sim/component.go:586.26,600.11 6 567
github.com/c360studio/semboids/internal/sim/component.go:601.22,602.11 1 1
github.com/c360studio/semboids/internal/sim/component.go:603.12,603.12 0 566
github.com/c360studio/semboids/internal/sim/component.go:607.4,607.52 1 566
github.com/c360studio/semboids/internal/sim/component.go:607.52,609.5 1 49
github.com/c360studio/semboids/internal/sim/component.go:611.4,611.44 1 566
github.com/c360studio/semboids/internal/sim/component.go:611.44,613.5 1 24
github.com/c360studio/semboids/internal/sim/component.go:616.4,621.18 4 566
github.com/c360studio/semboids/internal/sim/component.go:621.18,623.13 2 0
github.com/c360studio/semboids/internal/sim/component.go:625.4,625.58 1 566
github.com/c360studio/semboids/internal/sim/component.go:625.58,629.13 2 0
github.com/c360studio/semboids/internal/sim/component.go:631.4,633.17 3 566
github.com/c360studio/semboids/internal/sim/component.go:641.75,643.16 2 49
github.com/c360studio/semboids/internal/sim/component.go:643.16,645.3 1 49
github.com/c360studio/semboids/internal/sim/component.go:646.2,656.16 4 49
github.com/c360studio/semboids/internal/sim/component.go:656.16,659.3 2 0
github.com/c360studio/semboids/internal/sim/component.go:660.2,660.60 1 49
github.com/c360studio/semboids/internal/sim/component.go:660.60,664.3 1 0
github.com/c360studio/semboids/internal/sim/component.go:671.39,672.25 1 567
github.com/c360studio/semboids/internal/sim/component.go:672.25,674.3 1 0
github.com/c360studio/semboids/internal/sim/component.go:675.2,676.16 2 567
github.com/c360studio/semboids/internal/sim/component.go:676.16,678.3 1 0
github.com/c360studio/semboids/internal/sim/component.go:679.2,679.23 1 567
github.com/c360studio/semboids/internal/sim/component.go:679.23,682.3 2 3
github.com/c360studio/semboids/internal/sim/component.go:688.69,699.16 4 24
github.com/c360studio/semboids/internal/sim/component.go:699.16,702.3 2 0
github.com/c360studio/semboids/internal/sim/component.go:703.2,703.60 1 24
github.com/c360studio/semboids/internal/sim/component.go:703.60,707.3 1 0
github.com/c360studio/semboids/internal/sim/drainpool.go:23.37,24.11 1 24
github.com/c360studio/semboids/internal/sim/drainpool.go:24.11,26.3 1 1
github.com/c360studio/semboids/internal/sim/drainpool.go:27.2,27.48 1 24
github.com/c360studio/semboids/internal/sim/drainpool.go:33.60,34.9 1 124
github.com/c360studio/semboids/internal/sim/drainpool.go:35.27,35.27 0 123
github.com/c360studio/semboids/internal/sim/drainpool.go:36.20,37.9 1 1
github.com/c360studio/semboids/internal/sim/drainpool.go:39.2,40.12 2 123
github.com/c360studio/semboids/internal/sim/drainpool.go:40.12,42.16 2 123
github.com/c360studio/semboids/internal/sim/drainpool.go:42.16,42.27 1 123
github.com/c360studio/semboids/internal/sim/drainpool.go:43.3,43.7 1 123
github.com/c360studio/semboids/internal/sim/drainpool.go:50.28,50.43 1 21
github.com/c360studio/semboids/internal/sim/factory.go:9.51,11.2 1 4
github.com/c360studio/semboids/internal/sim/factory.go:14.89,28.2 3 4
github.com/c360studio/semboids/internal/sim/factory.go:31.80,33.18 2 0
github.com/c360studio/semboids/internal/sim/factory.go:33.18,34.51 1 0
github.com/c360studio/semboids/internal/sim/factory.go:34.51,36.4 1 0
github.com/c360studio/semboids/internal/sim/factory.go:38.2,39.16 2 0
github.com/c360studio/semboids/internal/sim/factory.go:39.16,41.3 1 0
github.com/c360studio/semboids/internal/sim/factory.go:42.2,42.55 1 0
github.com/c360studio/semboids/internal/sim/factory.go:45.95,46.45 1 17
github.com/c360studio/semboids/internal/sim/factory.go:46.45,48.3 1 0
github.com/c360studio/semboids/internal/sim/factory.go:49.2,50.35 2 17
github.com/c360studio/semboids/internal/sim/factory.go:50.35,52.17 2 17
github.com/c360studio/semboids/internal/sim/factory.go:52.17,54.4 1 0
github.com/c360studio/semboids/internal/sim/factory.go:55.3,55.29 1 17
github.com/c360studio/semboids/internal/sim/factory.go:57.2,57.36 1 17
github.com/c360studio/semboids/internal/sim/factory.go:57.36,59.17 2 51
github.com/c360studio/semboids/internal/sim/factory.go:59.17,61.4 1 0
github.com/c360studio/semboids/internal/sim/factory.go:62.3,62.31 1 51
github.com/c360studio/semboids/internal/sim/factory.go:64.2,64.29 1 17
github.com/c360studio/semboids/internal/sim/frame.go:35.9,45.2 1 569
github.com/c360studio/semboids/internal/sim/frame.go:50.46,61.28 11 569
github.com/c360studio/semboids/internal/sim/frame.go:61.28,62.12 1 471
github.com/c360studio/semboids/internal/sim/frame.go:62.12,64.4 1 0
github.com/c360studio/semboids/internal/sim/frame.go:65.3,73.25 9 471
github.com/c360studio/semboids/internal/sim/frame.go:75.2,76.28 2 569
github.com/c360studio/semboids/internal/sim/frame.go:76.28,77.12 1 7282
github.com/c360studio/semboids/internal/sim/frame.go:77.12,79.4 1 6713
github.com/c360studio/semboids/internal/sim/frame.go:80.3,92.22 13 7282
github.com/c360studio/semboids/internal/sim/frame.go:92.22,94.4 1 7281
github.com/c360studio/semboids/internal/sim/frame.go:95.3,96.25 2 7282
github.com/c360studio/semboids/internal/sim/frame.go:98.2,99.17 2 569
github.com/c360studio/semboids/internal/sim/frame.go:103.48,105.2 1 31679
github.com/c360studio/semboids/internal/sim/lifecycle.go:74.60,75.44 1 39
github.com/c360studio/semboids/internal/sim/lifecycle.go:75.44,77.3 1 1
github.com/c360studio/semboids/internal/sim/lifecycle.go:78.2,84.51 2 38
github.com/c360studio/semboids/internal/sim/lifecycle.go:84.51,86.3 1 1
github.com/c360studio/semboids/internal/sim/lifecycle.go:87.2,88.32 2 37
github.com/c360studio/semboids/internal/sim/lifecycle.go:88.32,89.51 1 328
github.com/c360studio/semboids/internal/sim/lifecycle.go:89.51,90.69 1 61
github.com/c360studio/semboids/internal/sim/lifecycle.go:90.69,92.5 1 12
github.com/c360studio/semboids/internal/sim/lifecycle.go:95.2,95.13 1 37
github.com/c360studio/semboids/internal/sim/lifecycle.go:95.13,97.3 1 25
github.com/c360studio/semboids/internal/sim/lifecycle.go:98.2,98.27 1 12
github.com/c360studio/semboids/internal/sim/lifecycle.go:102.47,104.11 2 15
github.com/c360studio/semboids/internal/sim/lifecycle.go:104.11,106.3 1 1
github.com/c360studio/semboids/internal/sim/lifecycle.go:107.2,108.16 2 14
github.com/c360studio/semboids/internal/sim/lifecycle.go:108.16,110.3 1 1
github.com/c360studio/semboids/internal/sim/lifecycle.go:111.2,111.24 1 13
github.com/c360studio/semboids/internal/sim/lifecycle.go:118.57,120.16 2 2
github.com/c360studio/semboids/internal/sim/lifecycle.go:120.16,123.3 2 0
github.com/c360studio/semboids/internal/sim/lifecycle.go:124.2,125.16 2 2
github.com/c360studio/semboids/internal/sim/lifecycle.go:125.16,128.3 2 0
github.com/c360studio/semboids/internal/sim/lifecycle.go:129.2,129.15 1 2
github.com/c360studio/semboids/internal/sim/lifecycle.go:129.15,129.37 1 2
github.com/c360studio/semboids/internal/sim/lifecycle.go:131.2,132.6 2 2
github.com/c360studio/semboids/internal/sim/lifecycle.go:132.6,133.10 1 50
github.com/c360studio/semboids/internal/sim/lifecycle.go:134.21,135.10 1 2
github.com/c360studio/semboids/internal/sim/lifecycle.go:136.41,137.11 1 48
github.com/c360studio/semboids/internal/sim/lifecycle.go:137.11,139.5 1 0
github.com/c360studio/semboids/internal/sim/lifecycle.go:140.4,140.20 1 48
github.com/c360studio/semboids/internal/sim/lifecycle.go:140.20,141.13 1 2
github.com/c360studio/semboids/internal/sim/lifecycle.go:143.4,144.50 1 46
github.com/c360studio/semboids/internal/sim/lifecycle.go:144.50,145.13 1 11
github.com/c360studio/semboids/internal/sim/lifecycle.go:147.4,148.15 2 35
github.com/c360studio/semboids/internal/sim/lifecycle.go:148.15,149.13 1 24
github.com/c360studio/semboids/internal/sim/lifecycle.go:151.4,151.33 1 11
github.com/c360studio/semboids/internal/sim/lifecycle.go:151.33,152.13 1 0
github.com/c360studio/semboids/internal/sim/lifecycle.go:154.4,162.35 5 11
github.com/c360studio/semboids/internal/sim/lifecycle.go:162.35,162.63 1 11
github.com/c360studio/semboids/internal/sim/lifecycle.go:174.72,175.57 1 23
github.com/c360studio/semboids/internal/sim/lifecycle.go:175.57,177.17 2 31
github.com/c360studio/semboids/internal/sim/lifecycle.go:177.17,178.41 1 5
github.com/c360studio/semboids/internal/sim/lifecycle.go:178.41,179.17 1 5
github.com/c360studio/semboids/internal/sim/lifecycle.go:180.38,181.12 1 1
github.com/c360studio/semboids/internal/sim/lifecycle.go:182.78,183.34 1 2
github.com/c360studio/semboids/internal/sim/lifecycle.go:183.34,184.15 1 2
github.com/c360studio/semboids/internal/sim/lifecycle.go:188.4,189.10 2 2
github.com/c360studio/semboids/internal/sim/lifecycle.go:191.3,195.17 2 26
github.com/c360studio/semboids/internal/sim/lifecycle.go:195.17,197.4 1 16
github.com/c360studio/semboids/internal/sim/lifecycle.go:198.3,198.40 1 10
github.com/c360studio/semboids/internal/sim/lifecycle.go:198.40,199.16 1 10
github.com/c360studio/semboids/internal/sim/lifecycle.go:200.37,201.11 1 1
github.com/c360studio/semboids/internal/sim/lifecycle.go:202.77,203.33 1 7
github.com/c360studio/semboids/internal/sim/lifecycle.go:203.33,204.14 1 6
github.com/c360studio/semboids/internal/sim/lifecycle.go:206.42,210.11 3 1
github.com/c360studio/semboids/internal/sim/lifecycle.go:213.3,214.9 2 2
github.com/c360studio/semboids/internal/sim/lifecycle.go:216.2,216.76 1 0
github.com/c360studio/semboids/internal/sim/lifecycle.go:222.77,226.2 2 4
github.com/c360studio/semboids/internal/sim/lifecycle.go:229.67,231.25 2 15
github.com/c360studio/semboids/internal/sim/lifecycle.go:231.25,233.3 1 15
github.com/c360studio/semboids/internal/sim/lifecycle.go:234.2,234.18 1 0
github.com/c360studio/semboids/internal/sim/lifecycle.go:240.58,243.6 3 2
github.com/c360studio/semboids/internal/sim/lifecycle.go:243.6,244.10 1 481
github.com/c360studio/semboids/internal/sim/lifecycle.go:245.21,246.10 1 2
github.com/c360studio/semboids/internal/sim/lifecycle.go:247.19,248.24 1 479
github.com/c360studio/semboids/internal/sim/lifecycle.go:258.56,259.49 1 482
github.com/c360studio/semboids/internal/sim/lifecycle.go:259.49,260.34 1 47
github.com/c360studio/semboids/internal/sim/lifecycle.go:260.34,263.59 3 47
github.com/c360studio/semboids/internal/sim/lifecycle.go:263.59,267.5 2 0
github.com/c360studio/semboids/internal/sim/lifecycle.go:268.4,268.45 1 47
github.com/c360studio/semboids/internal/sim/lifecycle.go:287.81,290.56 3 50
github.com/c360studio/semboids/internal/sim/lifecycle.go:290.56,292.63 2 56
github.com/c360studio/semboids/internal/sim/lifecycle.go:292.63,294.4 1 49
github.com/c360studio/semboids/internal/sim/lifecycle.go:295.3,295.31 1 7
github.com/c360studio/semboids/internal/sim/lifecycle.go:295.31,296.9 1 1
github.com/c360studio/semboids/internal/sim/lifecycle.go:298.3,298.10 1 6
github.com/c360studio/semboids/internal/sim/lifecycle.go:299.21,300.14 1 0
github.com/c360studio/semboids/internal/sim/lifecycle.go:301.30,301.30 0 6
github.com/c360studio/semboids/internal/sim/lifecycle.go:303.3,303.15 1 6
github.com/c360studio/semboids/internal/sim/lifecycle.go:305.2,305.12 1 1
github.com/c360studio/semboids/internal/sim/lifecycle.go:311.51,315.6 4 2
github.com/c360studio/semboids/internal/sim/lifecycle.go:315.6,316.10 1 98
github.com/c360studio/semboids/internal/sim/lifecycle.go:317.21,318.10 1 2
github.com/c360studio/semboids/internal/sim/lifecycle.go:319.19,321.15 2 96
github.com/c360studio/semboids/internal/sim/lifecycle.go:321.15,323.13 2 96
github.com/c360studio/semboids/internal/sim/lifecycle.go:325.4,326.17 2 0
github.com/c360studio/semboids/internal/sim/lifecycle.go:326.17,329.5 2 0
github.com/c360studio/semboids/internal/sim/lifecycle.go:344.73,345.16 1 17
github.com/c360studio/semboids/internal/sim/lifecycle.go:345.16,347.3 1 17
github.com/c360studio/semboids/internal/sim/lifecycle.go:348.2,359.117 12 0
github.com/c360studio/semboids/internal/sim/lifecycle.go:362.58,363.14 1 47
github.com/c360studio/semboids/internal/sim/lifecycle.go:363.14,365.3 1 47
github.com/c360studio/semboids/internal/sim/lifecycle.go:366.2,368.33 3 0
github.com/c360studio/semboids/internal/sim/lifecycle.go:371.42,372.14 1 11
github.com/c360studio/semboids/internal/sim/lifecycle.go:372.14,374.3 1 11
github.com/c360studio/semboids/internal/sim/lifecycle.go:375.2,376.16 2 0
github.com/c360studio/semboids/internal/sim/lifecycle.go:379.52,380.14 1 5
github.com/c360studio/semboids/internal/sim/lifecycle.go:380.14,382.3 1 5
github.com/c360studio/semboids/internal/sim/lifecycle.go:383.2,383.23 1 0
github.com/c360studio/semboids/internal/sim/population.go:21.44,23.2 1 21
github.com/c360studio/semboids/internal/sim/population.go:26.45,27.12 1 802
github.com/c360studio/semboids/internal/sim/population.go:27.12,29.3 1 0
github.com/c360studio/semboids/internal/sim/population.go:30.2,32.15 3 802
github.com/c360studio/semboids/internal/sim/population.go:36.55,37.19 1 813
github.com/c360studio/semboids/internal/sim/population.go:37.19,39.3 1 0
github.com/c360studio/semboids/internal/sim/population.go:40.2,42.15 3 813
github.com/c360studio/semboids/internal/sim/population.go:48.67,54.2 5 914
github.com/c360studio/semboids/internal/sim/population.go:57.53,58.19 1 4
github.com/c360studio/semboids/internal/sim/population.go:58.19,60.3 1 0
github.com/c360studio/semboids/internal/sim/population.go:61.2,63.15 3 4
github.com/c360studio/semboids/internal/sim/population.go:68.51,74.2 5 482
github.com/c360studio/semboids/internal/sim/steering.go:52.51,56.56 2 16
github.com/c360studio/semboids/internal/sim/steering.go:56.56,58.3 1 1
github.com/c360studio/semboids/internal/sim/steering.go:59.2,60.18 2 15
github.com/c360studio/semboids/internal/sim/steering.go:60.18,62.3 1 0
github.com/c360studio/semboids/internal/sim/steering.go:64.2,66.9 3 15
github.com/c360studio/semboids/internal/sim/steering.go:66.9,68.3 1 1
github.com/c360studio/semboids/internal/sim/steering.go:70.2,71.16 2 14
github.com/c360studio/semboids/internal/sim/steering.go:71.16,73.3 1 1
github.com/c360studio/semboids/internal/sim/steering.go:74.2,75.18 2 13
github.com/c360studio/semboids/internal/sim/steering.go:75.18,77.3 1 0
github.com/c360studio/semboids/internal/sim/steering.go:79.2,80.23 2 13
github.com/c360studio/semboids/internal/sim/steering.go:80.23,82.29 2 12
github.com/c360studio/semboids/internal/sim/steering.go:82.29,84.4 1 0
github.com/c360studio/semboids/internal/sim/steering.go:85.3,85.14 1 12
github.com/c360studio/semboids/internal/sim/steering.go:87.2,87.15 1 13
github.com/c360studio/semboids/internal/sim/steering.go:90.42,91.23 1 14
github.com/c360studio/semboids/internal/sim/steering.go:92.15,93.24 1 2
github.com/c360studio/semboids/internal/sim/steering.go:94.14,96.17 2 11
github.com/c360studio/semboids/internal/sim/steering.go:96.17,98.4 1 0
github.com/c360studio/semboids/internal/sim/steering.go:99.3,99.29 1 11
github.com/c360studio/semboids/internal/sim/steering.go:100.10,101.61 1 1
github.com/c360studio/semboids/internal/sim/steering.go:105.36,106.23 1 12
github.com/c360studio/semboids/internal/sim/steering.go:107.15,108.21 1 11
github.com/c360studio/semboids/internal/sim/steering.go:109.14,111.17 2 1
github.com/c360studio/semboids/internal/sim/steering.go:111.17,113.4 1 0
github.com/c360studio/semboids/internal/sim/steering.go:114.3,114.21 1 1
github.com/c360studio/semboids/internal/sim/steering.go:115.10,116.61 1 0
github.com/c360studio/semboids/internal/sim/steering.go:144.59,149.2 1 21
github.com/c360studio/semboids/internal/sim/steering.go:152.43,156.2 3 20
github.com/c360studio/semboids/internal/sim/steering.go:162.54,164.27 2 4
github.com/c360studio/semboids/internal/sim/steering.go:164.27,166.3 1 2
github.com/c360studio/semboids/internal/sim/steering.go:167.2,170.29 4 2
github.com/c360studio/semboids/internal/sim/steering.go:170.29,171.18 1 1
github.com/c360studio/semboids/internal/sim/steering.go:171.18,173.4 1 0
github.com/c360studio/semboids/internal/sim/steering.go:175.2,176.30 2 2
github.com/c360studio/semboids/internal/sim/steering.go:176.30,177.18 1 3
github.com/c360studio/semboids/internal/sim/steering.go:177.18,179.4 1 2
github.com/c360studio/semboids/internal/sim/steering.go:181.2,181.12 1 2
github.com/c360studio/semboids/internal/sim/steering.go:186.35,194.30 5 577
github.com/c360studio/semboids/internal/sim/steering.go:194.30,196.17 2 5
github.com/c360studio/semboids/internal/sim/steering.go:196.17,198.12 2 1
github.com/c360studio/semboids/internal/sim/steering.go:200.3,200.19 1 4
github.com/c360studio/semboids/internal/sim/steering.go:203.2,203.27 1 577
github.com/c360studio/semboids/internal/sim/steering.go:203.27,205.26 2 19
github.com/c360studio/semboids/internal/sim/steering.go:205.26,207.12 2 1
github.com/c360studio/semboids/internal/sim/steering.go:209.3,209.52 1 18
github.com/c360studio/semboids/internal/sim/steering.go:214.43,214.66 1 9
github.com/c360studio/semboids/internal/sim/steering.go:222.25,223.23 1 568
github.com/c360studio/semboids/internal/sim/steering.go:223.23,225.3 1 566
github.com/c360studio/semboids/internal/sim/steering.go:226.2,227.26 2 2
github.com/c360studio/semboids/internal/sim/steering.go:227.26,229.3 1 3
github.com/c360studio/semboids/internal/sim/steering.go:230.2,231.26 2 2
github.com/c360studio/semboids/internal/sim/steering.go:231.26,233.3 1 13
github.com/c360studio/semboids/internal/sim/steering.go:235.2,236.30 2 2
github.com/c360studio/semboids/internal/sim/steering.go:236.30,238.10 2 12
github.com/c360studio/semboids/internal/sim/steering.go:238.10,239.12 1 0
github.com/c360studio/semboids/internal/sim/steering.go:241.3,242.10 2 12
github.com/c360studio/semboids/internal/sim/steering.go:242.10,243.12 1 0
github.com/c360studio/semboids/internal/sim/steering.go:245.3,246.17 2 12
github.com/c360studio/semboids/internal/sim/steering.go:247.16,248.45 1 11
github.com/c360studio/semboids/internal/sim/steering.go:249.19,250.45 1 0
github.com/c360studio/semboids/internal/sim/steering.go:251.16,252.38 1 1
github.com/c360studio/semboids/internal/sim/steering.go:254.3,255.13 2 12
github.com/c360studio/semboids/internal/sim/steering.go:255.13,256.12 1 0
github.com/c360studio/semboids/internal/sim/steering.go:258.3,259.47 2 12
github.com/c360studio/semboids/internal/sim/steering.go:261.2,261.12 1 2
github.com/c360studio/semboids/internal/sim/steering.go:266.62,268.23 2 567
github.com/c360studio/semboids/internal/sim/steering.go:268.23,270.3 1 565
github.com/c360studio/semboids/internal/sim/steering.go:271.2,272.30 2 2
github.com/c360studio/semboids/internal/sim/steering.go:272.30,273.71 1 12
github.com/c360studio/semboids/internal/sim/steering.go:273.71,275.4 1 12
github.com/c360studio/semboids/internal/sim/steering.go:277.2,277.26 1 2
github.com/c360studio/semboids/internal/sim/steering.go:277.26,279.3 1 13
github.com/c360studio/semboids/internal/sim/steering.go:280.2,280.14 1 2
github.com/c360studio/semboids/internal/sim/tracker.go:36.69,44.2 1 22
github.com/c360studio/semboids/internal/sim/tracker.go:49.68,52.26 3 593
github.com/c360studio/semboids/internal/sim/tracker.go:52.26,54.10 2 7311
github.com/c360studio/semboids/internal/sim/tracker.go:54.10,59.4 4 156
github.com/c360studio/semboids/internal/sim/tracker.go:60.3,62.30 3 7311
github.com/c360studio/semboids/internal/sim/tracker.go:62.30,64.24 2 5143
github.com/c360studio/semboids/internal/sim/tracker.go:64.24,67.5 2 63
github.com/c360studio/semboids/internal/sim/tracker.go:68.4,68.11 1 5143
github.com/c360studio/semboids/internal/sim/tracker.go:68.11,71.46 2 5127
github.com/c360studio/semboids/internal/sim/tracker.go:71.46,74.6 2 26
github.com/c360studio/semboids/internal/sim/tracker.go:75.10,78.5 2 16
github.com/c360studio/semboids/internal/sim/tracker.go:81.2,81.17 1 593
github.com/c360studio/semboids/internal/sim/tracker.go:86.43,86.63 1 573
github.com/c360studio/semboids/internal/sim/tracker.go:91.44,92.25 1 4
github.com/c360studio/semboids/internal/sim/tracker.go:92.25,96.3 3 12
github.com/c360studio/semboids/internal/zone/ingest.go:25.99,26.40 1 3
github.com/c360studio/semboids/internal/zone/ingest.go:26.40,28.3 1 1
github.com/c360studio/semboids/internal/zone/ingest.go:29.2,30.26 2 2
github.com/c360studio/semboids/internal/zone/ingest.go:30.26,34.17 4 6
github.com/c360studio/semboids/internal/zone/ingest.go:34.17,36.4 1 0
github.com/c360studio/semboids/internal/zone/ingest.go:37.3,37.71 1 6
github.com/c360studio/semboids/internal/zone/ingest.go:37.71,39.4 1 0
github.com/c360studio/semboids/internal/zone/ingest.go:41.2,41.12 1 2
github.com/c360studio/semboids/internal/zone/payload.go:25.36,27.2 1 18
github.com/c360studio/semboids/internal/zone/payload.go:31.45,33.58 2 7
github.com/c360studio/semboids/internal/zone/payload.go:33.58,42.3 1 39
github.com/c360studio/semboids/internal/zone/payload.go:43.2,50.29 2 7
github.com/c360studio/semboids/internal/zone/payload.go:50.29,55.3 1 2
github.com/c360studio/semboids/internal/zone/payload.go:56.2,56.16 1 7
github.com/c360studio/semboids/internal/zone/payload.go:60.40,62.2 1 13
github.com/c360studio/semboids/internal/zone/payload.go:65.35,66.19 1 9
github.com/c360studio/semboids/internal/zone/payload.go:66.19,68.3 1 1
github.com/c360studio/semboids/internal/zone/payload.go:69.2,69.22 1 8
github.com/c360studio/semboids/internal/zone/payload.go:69.22,71.3 1 0
github.com/c360studio/semboids/internal/zone/payload.go:72.2,72.26 1 8
github.com/c360studio/semboids/internal/zone/payload.go:76.48,79.2 2 7
github.com/c360studio/semboids/internal/zone/payload.go:82.51,85.2 2 4
github.com/c360studio/semboids/internal/zone/payload.go:88.54,90.16 2 0
github.com/c360studio/semboids/internal/zone/payload.go:90.16,92.3 1 0
github.com/c360studio/semboids/internal/zone/payload.go:93.2,94.47 2 0
github.com/c360studio/semboids/internal/zone/payload.go:94.47,96.3 1 0
github.com/c360studio/semboids/internal/zone/payload.go:97.2,97.37 1 0
github.com/c360studio/semboids/internal/zone/payload.go:97.37,99.3 1 0
github.com/c360studio/semboids/internal/zone/payload.go:100.2,100.15 1 0
github.com/c360studio/semboids/internal/zone/payload.go:105.60,112.31 1 4
github.com/c360studio/semboids/internal/zone/payload.go:112.31,112.51 1 8
github.com/c360studio/semboids/internal/zone/zone.go:34.43,38.2 3 6
github.com/c360studio/semboids/internal/zone/zone.go:41.32,42.16 1 31
github.com/c360studio/semboids/internal/zone/zone.go:42.16,44.3 1 1
github.com/c360studio/semboids/internal/zone/zone.go:45.2,45.16 1 30
github.com/c360studio/semboids/internal/zone/zone.go:46.40,46.40 0 29
github.com/c360studio/semboids/internal/zone/zone.go:47.10,48.62 1 1
github.com/c360studio/semboids/internal/zone/zone.go:50.2,50.14 1 29
github.com/c360studio/semboids/internal/zone/zone.go:50.14,52.3 1 3
github.com/c360studio/semboids/internal/zone/zone.go:53.2,53.50 1 26
github.com/c360studio/semboids/internal/zone/zone.go:53.50,55.3 1 1
github.com/c360studio/semboids/internal/zone/zone.go:56.2,56.12 1 25
github.com/c360studio/semboids/internal/zone/zone.go:61.35,63.26 2 10
github.com/c360studio/semboids/internal/zone/zone.go:63.26,64.38 1 23
github.com/c360studio/semboids/internal/zone/zone.go:64.38,66.4 1 6
github.com/c360studio/semboids/internal/zone/zone.go:67.3,67.32 1 17
github.com/c360studio/semboids/internal/zone/zone.go:67.32,69.4 1 1
github.com/c360studio/semboids/internal/zone/zone.go:70.3,70.26 1 16
github.com/c360studio/semboids/internal/zone/zone.go:72.2,72.12 1 3
