=== RUN   TestAuthoredConfigUsesDeclaredAuthority
--- PASS: TestAuthoredConfigUsesDeclaredAuthority (0.01s)
=== RUN   TestExtractPlatformUsesEffectiveIdentity
--- PASS: TestExtractPlatformUsesEffectiveIdentity (0.00s)
=== RUN   TestControlledStopKeepsStartContextLive
--- PASS: TestControlledStopKeepsStartContextLive (0.00s)
=== RUN   TestFailedStartStopsWithFreshContext
--- PASS: TestFailedStartStopsWithFreshContext (0.00s)
=== RUN   TestAbortStartContextUsesFreshStopContext
--- PASS: TestAbortStartContextUsesFreshStopContext (0.00s)
=== RUN   TestSignalDuringStartupAbortsAndJoinsBeforeCleanup
--- PASS: TestSignalDuringStartupAbortsAndJoinsBeforeCleanup (0.00s)
PASS
ok  	github.com/c360studio/semboids/cmd/semboids	1.303s
?   	github.com/c360studio/semboids/cmd/sweep	[no test files]
=== RUN   TestFactoryBindsControlsAfterServiceConstruction
2026/10/01 12:04:02 INFO Boids API handlers registered service=boids prefix=/boids/
--- PASS: TestFactoryBindsControlsAfterServiceConstruction (0.00s)
PASS
ok  	github.com/c360studio/semboids/componentregistry	1.473s
=== RUN   TestDecodeBoidEntity
=== PAUSE TestDecodeBoidEntity
=== RUN   TestDecodeCommunity
=== PAUSE TestDecodeCommunity
=== RUN   TestSharedFanOutIsFlatInClientCount
2026/10/01 12:04:02 github.com/testcontainers/testcontainers-go - Connected to docker: 
  Server Version: 29.8.0
  API Version: 1.51
  Operating System: Docker Desktop
  Total Memory: 23742 MB
  Labels:
    com.docker.desktop.address=unix:///Users/coby/Library/Containers/com.docker.docker/Data/docker-cli.sock
  Testcontainers for Go Version: v0.40.0
  Resolved Docker Host: unix:///var/run/docker.sock
  Resolved Docker Socket Path: /var/run/docker.sock
  Test SessionID: a886e494d244fe2b84d5a250b4c50fb723c1b9599f7d95853e2350ca2e72c688
  Test ProcessID: 8a4806ce-4164-4f8d-90ee-9ed05cf0d36a
2026/10/01 12:04:02 🐳 Creating container for image nats:2.14-alpine
2026/10/01 12:04:02 🐳 Creating container for image testcontainers/ryuk:0.13.0
2026/10/01 12:04:02 ✅ Container created: 04c70cd4ea08
2026/10/01 12:04:02 🐳 Starting container: 04c70cd4ea08
2026/10/01 12:04:02 ✅ Container started: 04c70cd4ea08
2026/10/01 12:04:02 ⏳ Waiting for container id 04c70cd4ea08 image: testcontainers/ryuk:0.13.0. Waiting for: port 8080/tcp to be listening
2026/10/01 12:04:02 Shell not found in container
2026/10/01 12:04:02 🔔 Container is ready: 04c70cd4ea08
2026/10/01 12:04:02 ✅ Container created: 581eaa9ba17c
2026/10/01 12:04:02 🐳 Starting container: 581eaa9ba17c
2026/10/01 12:04:02 ✅ Container started: 581eaa9ba17c
2026/10/01 12:04:02 ⏳ Waiting for container id 581eaa9ba17c image: nats:2.14-alpine. Waiting for: log message "Server is ready"
2026/10/01 12:04:02 🔔 Container is ready: 581eaa9ba17c
2026/10/01 12:04:02 INFO Connecting to NATS urls=nats://localhost:55084
2026/10/01 12:04:02 INFO Successfully connected to NATS urls=nats://localhost:55084
2026/10/01 12:04:02 INFO Created new KV bucket bucket=ENTITY_STATES
2026/10/01 12:04:02 INFO graph view attached service=boids bucket=ENTITY_STATES
2026/10/01 12:04:02 INFO Boids API handlers registered service=boids prefix=/boids/
2026/10/01 12:04:02 INFO Graph stream client connected service=boids
2026/10/01 12:04:03 INFO Graph stream client connected service=boids
2026/10/01 12:04:03 INFO Graph stream client connected service=boids
2026/10/01 12:04:04 INFO Graph stream client connected service=boids
2026/10/01 12:04:04 INFO Graph stream client disconnected service=boids
2026/10/01 12:04:04 INFO Graph stream client disconnected service=boids
2026/10/01 12:04:04 INFO Graph stream client disconnected service=boids
2026/10/01 12:04:04 INFO Graph stream client disconnected service=boids
2026/10/01 12:04:04 INFO Graph stream client connected service=boids
2026/10/01 12:04:05 INFO Graph stream ended; view no longer current service=boids error="graphview: view stopped"
2026/10/01 12:04:05 🐳 Stopping container: 581eaa9ba17c
2026/10/01 12:04:05 ✅ Container stopped: 581eaa9ba17c
2026/10/01 12:04:05 🐳 Terminating container: 581eaa9ba17c
2026/10/01 12:04:05 🚫 Container terminated: 581eaa9ba17c
--- PASS: TestSharedFanOutIsFlatInClientCount (3.32s)
=== RUN   TestAttachDuringWritesConverges
2026/10/01 12:04:05 🐳 Creating container for image nats:2.14-alpine
2026/10/01 12:04:05 ✅ Container created: f0de341f4f2d
2026/10/01 12:04:05 🐳 Starting container: f0de341f4f2d
2026/10/01 12:04:05 ✅ Container started: f0de341f4f2d
2026/10/01 12:04:05 ⏳ Waiting for container id f0de341f4f2d image: nats:2.14-alpine. Waiting for: log message "Server is ready"
2026/10/01 12:04:05 🔔 Container is ready: f0de341f4f2d
2026/10/01 12:04:05 INFO Connecting to NATS urls=nats://localhost:55088
2026/10/01 12:04:05 INFO Successfully connected to NATS urls=nats://localhost:55088
2026/10/01 12:04:05 INFO Created new KV bucket bucket=ENTITY_STATES
2026/10/01 12:04:05 INFO graph view attached service=boids bucket=ENTITY_STATES
2026/10/01 12:04:05 INFO Boids API handlers registered service=boids prefix=/boids/
2026/10/01 12:04:05 INFO Graph stream client connected service=boids
2026/10/01 12:04:06 INFO Graph stream ended; view no longer current service=boids error="graphview: view stopped"
2026/10/01 12:04:06 🐳 Stopping container: f0de341f4f2d
2026/10/01 12:04:06 ✅ Container stopped: f0de341f4f2d
2026/10/01 12:04:06 🐳 Terminating container: f0de341f4f2d
2026/10/01 12:04:06 🚫 Container terminated: f0de341f4f2d
--- PASS: TestAttachDuringWritesConverges (0.96s)
=== RUN   TestSlowClientDoesNotStallPeers
2026/10/01 12:04:06 🐳 Creating container for image nats:2.14-alpine
2026/10/01 12:04:06 ✅ Container created: 04eaea801164
2026/10/01 12:04:06 🐳 Starting container: 04eaea801164
2026/10/01 12:04:06 ✅ Container started: 04eaea801164
2026/10/01 12:04:06 ⏳ Waiting for container id 04eaea801164 image: nats:2.14-alpine. Waiting for: log message "Server is ready"
2026/10/01 12:04:06 🔔 Container is ready: 04eaea801164
2026/10/01 12:04:06 INFO Connecting to NATS urls=nats://localhost:55090
2026/10/01 12:04:06 INFO Successfully connected to NATS urls=nats://localhost:55090
2026/10/01 12:04:06 INFO Created new KV bucket bucket=ENTITY_STATES
2026/10/01 12:04:06 INFO graph view attached service=boids bucket=ENTITY_STATES
2026/10/01 12:04:06 INFO Boids API handlers registered service=boids prefix=/boids/
2026/10/01 12:04:06 INFO Graph stream client connected service=boids
2026/10/01 12:04:06 INFO Graph stream client connected service=boids
2026/10/01 12:04:07 INFO Graph stream client disconnected service=boids
2026/10/01 12:04:07 🐳 Stopping container: 04eaea801164
2026/10/01 12:04:07 ✅ Container stopped: 04eaea801164
2026/10/01 12:04:07 🐳 Terminating container: 04eaea801164
2026/10/01 12:04:07 🚫 Container terminated: 04eaea801164
--- PASS: TestSlowClientDoesNotStallPeers (1.01s)
=== RUN   TestWatcherLossEndsStreamFailClosed
2026/10/01 12:04:07 🐳 Creating container for image nats:2.14-alpine
2026/10/01 12:04:07 ✅ Container created: e20f8cb3b399
2026/10/01 12:04:07 🐳 Starting container: e20f8cb3b399
2026/10/01 12:04:07 ✅ Container started: e20f8cb3b399
2026/10/01 12:04:07 ⏳ Waiting for container id e20f8cb3b399 image: nats:2.14-alpine. Waiting for: log message "Server is ready"
2026/10/01 12:04:07 🔔 Container is ready: e20f8cb3b399
2026/10/01 12:04:07 INFO Connecting to NATS urls=nats://localhost:55091
2026/10/01 12:04:07 INFO Successfully connected to NATS urls=nats://localhost:55091
2026/10/01 12:04:07 INFO Created new KV bucket bucket=ENTITY_STATES
2026/10/01 12:04:07 INFO graph view attached service=boids bucket=ENTITY_STATES
2026/10/01 12:04:07 INFO Boids API handlers registered service=boids prefix=/boids/
2026/10/01 12:04:07 INFO Graph stream client connected service=boids
2026/10/01 12:04:27 ERROR NATS error error="nats: stream not found: recreating ordered consumer" subject=_INBOX.zkBy1Mhu8yf8lfVrqBzPb4
2026/10/01 12:04:27 INFO Graph stream ended; view no longer current service=boids error="graphview: watcher lost: graphview: watcher updates channel closed"
2026/10/01 12:04:27 🐳 Stopping container: e20f8cb3b399
2026/10/01 12:04:27 ✅ Container stopped: e20f8cb3b399
2026/10/01 12:04:27 🐳 Terminating container: e20f8cb3b399
2026/10/01 12:04:28 🚫 Container terminated: e20f8cb3b399
--- PASS: TestWatcherLossEndsStreamFailClosed (20.48s)
=== RUN   TestCommunityDataRemainsOptional
2026/10/01 12:04:28 🐳 Creating container for image nats:2.14-alpine
2026/10/01 12:04:28 ✅ Container created: 2814a4e3503c
2026/10/01 12:04:28 🐳 Starting container: 2814a4e3503c
2026/10/01 12:04:28 ✅ Container started: 2814a4e3503c
2026/10/01 12:04:28 ⏳ Waiting for container id 2814a4e3503c image: nats:2.14-alpine. Waiting for: log message "Server is ready"
2026/10/01 12:04:28 🔔 Container is ready: 2814a4e3503c
2026/10/01 12:04:28 INFO Connecting to NATS urls=nats://localhost:55099
2026/10/01 12:04:28 INFO Successfully connected to NATS urls=nats://localhost:55099
2026/10/01 12:04:28 INFO Created new KV bucket bucket=ENTITY_STATES
2026/10/01 12:04:28 INFO graph view attached service=boids bucket=ENTITY_STATES
2026/10/01 12:04:28 INFO Boids API handlers registered service=boids prefix=/boids/
2026/10/01 12:04:28 INFO Graph stream client connected service=boids
2026/10/01 12:04:29 INFO Created new KV bucket bucket=COMMUNITY_INDEX
2026/10/01 12:04:33 INFO graph view attached service=boids bucket=COMMUNITY_INDEX
2026/10/01 12:04:33 🐳 Stopping container: 2814a4e3503c
2026/10/01 12:04:33 ✅ Container stopped: 2814a4e3503c
2026/10/01 12:04:33 🐳 Terminating container: 2814a4e3503c
2026/10/01 12:04:33 🚫 Container terminated: 2814a4e3503c
--- PASS: TestCommunityDataRemainsOptional (5.68s)
=== RUN   TestGraphStreamOverKV
2026/10/01 12:04:33 🐳 Creating container for image nats:2.14-alpine
2026/10/01 12:04:33 ✅ Container created: 23d82cceba8a
2026/10/01 12:04:33 🐳 Starting container: 23d82cceba8a
2026/10/01 12:04:34 ✅ Container started: 23d82cceba8a
2026/10/01 12:04:34 ⏳ Waiting for container id 23d82cceba8a image: nats:2.14-alpine. Waiting for: log message "Server is ready"
2026/10/01 12:04:34 🔔 Container is ready: 23d82cceba8a
2026/10/01 12:04:34 INFO Connecting to NATS urls=nats://localhost:55100
2026/10/01 12:04:34 INFO Successfully connected to NATS urls=nats://localhost:55100
2026/10/01 12:04:34 INFO Created new KV bucket bucket=ENTITY_STATES
2026/10/01 12:04:34 INFO graph view attached service=boids bucket=ENTITY_STATES
2026/10/01 12:04:34 INFO Boids API handlers registered service=boids prefix=/boids/
2026/10/01 12:04:34 INFO Graph stream client connected service=boids
2026/10/01 12:04:35 INFO Graph stream client disconnected service=boids
2026/10/01 12:04:35 🐳 Stopping container: 23d82cceba8a
2026/10/01 12:04:35 ✅ Container stopped: 23d82cceba8a
2026/10/01 12:04:35 🐳 Terminating container: 23d82cceba8a
2026/10/01 12:04:35 🚫 Container terminated: 23d82cceba8a
--- PASS: TestGraphStreamOverKV (1.68s)
=== RUN   TestGraphViewsCancellationJoinsPendingOpens
--- PASS: TestGraphViewsCancellationJoinsPendingOpens (0.00s)
=== RUN   TestGraphViewsStopDeadlineDoesNotClaimJoin
--- PASS: TestGraphViewsStopDeadlineDoesNotClaimJoin (0.00s)
=== RUN   TestGraphViewsNilStopDoesNotCancel
--- PASS: TestGraphViewsNilStopDoesNotCancel (0.00s)
=== RUN   TestGraphViewsStopBoundsNativeWatcherJoin
--- PASS: TestGraphViewsStopBoundsNativeWatcherJoin (0.00s)
=== RUN   TestServiceStopCancelsBaseEvenWhenViewsCannotJoin
--- PASS: TestServiceStopCancelsBaseEvenWhenViewsCannotJoin (0.00s)
=== RUN   TestBridgeCoalescesLatestWins
--- PASS: TestBridgeCoalescesLatestWins (0.00s)
=== RUN   TestBridgeSeedFromSnapshotIsTheInitialSync
--- PASS: TestBridgeSeedFromSnapshotIsTheInitialSync (0.00s)
=== RUN   TestBridgeCommunityInversion
--- PASS: TestBridgeCommunityInversion (0.00s)
=== RUN   TestBridgeEntityRemoval
--- PASS: TestBridgeEntityRemoval (0.00s)
=== RUN   TestBridgePoisonKeepsLastKnownGood
--- PASS: TestBridgePoisonKeepsLastKnownGood (0.00s)
=== RUN   TestGetRulesDerivesFromRuleConfig
2026/10/01 12:04:35 INFO Boids API handlers registered service=boids prefix=/boids/
--- PASS: TestGetRulesDerivesFromRuleConfig (0.00s)
=== RUN   TestToggleFlipsRulePairAndClears
2026/10/01 12:04:35 INFO Boids API handlers registered service=boids prefix=/boids/
2026/10/01 12:04:35 INFO Zone rules toggled service=boids kind=flee rules="[predator-flee predator-clear]" enabled=false
2026/10/01 12:04:35 INFO Zone rules toggled service=boids kind=flee rules="[predator-flee predator-clear]" enabled=true
--- PASS: TestToggleFlipsRulePairAndClears (0.00s)
=== RUN   TestToggleRejections
2026/10/01 12:04:35 INFO Boids API handlers registered service=boids prefix=/boids/
=== RUN   TestToggleRejections/unknown_kind
=== RUN   TestToggleRejections/bad_body
=== RUN   TestToggleRejections/wrong_method_on_toggle
=== RUN   TestToggleRejections/wrong_method_on_list
--- PASS: TestToggleRejections (0.00s)
    --- PASS: TestToggleRejections/unknown_kind (0.00s)
    --- PASS: TestToggleRejections/bad_body (0.00s)
    --- PASS: TestToggleRejections/wrong_method_on_toggle (0.00s)
    --- PASS: TestToggleRejections/wrong_method_on_list (0.00s)
=== RUN   TestUnavailableWithoutRuleProcessor
2026/10/01 12:04:35 INFO Boids API handlers registered service=boids prefix=/boids/
--- PASS: TestUnavailableWithoutRuleProcessor (0.00s)
=== RUN   TestGraphDialRoundTrip
2026/10/01 12:04:35 INFO Boids API handlers registered service=boids prefix=/boids/
2026/10/01 12:04:35 INFO Graph dial set service=boids hz=10
--- PASS: TestGraphDialRoundTrip (0.00s)
=== RUN   TestToggleWorksWithoutSim
2026/10/01 12:04:35 INFO Boids API handlers registered service=boids prefix=/boids/
2026/10/01 12:04:35 INFO Zone rules toggled service=boids kind=wind rules="[wind-bias wind-clear]" enabled=false
--- PASS: TestToggleWorksWithoutSim (0.00s)
=== RUN   TestCullToggleSkipsModifierClear
2026/10/01 12:04:35 INFO Boids API handlers registered service=boids prefix=/boids/
2026/10/01 12:04:35 INFO Zone rules toggled service=boids kind=cull rules=[predator-cull] enabled=true
2026/10/01 12:04:35 INFO Zone rules toggled service=boids kind=cull rules=[predator-cull] enabled=false
--- PASS: TestCullToggleSkipsModifierClear (0.00s)
=== RUN   TestPopulationEndpoints
2026/10/01 12:04:35 INFO Boids API handlers registered service=boids prefix=/boids/
2026/10/01 12:04:35 INFO Spawn wave requested service=boids n=25
2026/10/01 12:04:35 INFO Churn dial set service=boids hz=4
--- PASS: TestPopulationEndpoints (0.00s)
=== CONT  TestDecodeBoidEntity
=== CONT  TestDecodeCommunity
=== RUN   TestDecodeCommunity/level-0_entry_keeps_its_members
=== PAUSE TestDecodeCommunity/level-0_entry_keeps_its_members
=== RUN   TestDecodeBoidEntity/boid_key_decodes_position_and_neighbors
=== PAUSE TestDecodeBoidEntity/boid_key_decodes_position_and_neighbors
=== RUN   TestDecodeCommunity/non_level-0_key_maps_to_absence
=== PAUSE TestDecodeCommunity/non_level-0_key_maps_to_absence
=== RUN   TestDecodeBoidEntity/neighbor_count_resets_the_set_so_a_shrinking_flock_does_not_accumulate
=== RUN   TestDecodeCommunity/level_field_is_authoritative_even_when_the_key_prefix_says_otherwise
=== PAUSE TestDecodeCommunity/level_field_is_authoritative_even_when_the_key_prefix_says_otherwise
=== RUN   TestDecodeCommunity/malformed_value_poisons_the_key_rather_than_skipping_silently
=== PAUSE TestDecodeCommunity/malformed_value_poisons_the_key_rather_than_skipping_silently
=== CONT  TestDecodeCommunity/non_level-0_key_maps_to_absence
=== CONT  TestDecodeCommunity/malformed_value_poisons_the_key_rather_than_skipping_silently
=== CONT  TestDecodeCommunity/level_field_is_authoritative_even_when_the_key_prefix_says_otherwise
=== CONT  TestDecodeCommunity/level-0_entry_keeps_its_members
--- PASS: TestDecodeCommunity (0.00s)
    --- PASS: TestDecodeCommunity/non_level-0_key_maps_to_absence (0.00s)
    --- PASS: TestDecodeCommunity/malformed_value_poisons_the_key_rather_than_skipping_silently (0.00s)
    --- PASS: TestDecodeCommunity/level_field_is_authoritative_even_when_the_key_prefix_says_otherwise (0.00s)
    --- PASS: TestDecodeCommunity/level-0_entry_keeps_its_members (0.00s)
=== PAUSE TestDecodeBoidEntity/neighbor_count_resets_the_set_so_a_shrinking_flock_does_not_accumulate
=== RUN   TestDecodeBoidEntity/duplicate_predicates_resolve_last-write-wins
=== PAUSE TestDecodeBoidEntity/duplicate_predicates_resolve_last-write-wins
=== RUN   TestDecodeBoidEntity/non-boid_key_maps_to_absence
=== PAUSE TestDecodeBoidEntity/non-boid_key_maps_to_absence
=== RUN   TestDecodeBoidEntity/malformed_value_poisons_the_key_rather_than_skipping_silently
=== PAUSE TestDecodeBoidEntity/malformed_value_poisons_the_key_rather_than_skipping_silently
=== RUN   TestDecodeBoidEntity/non-canonical_predicate_is_rejected_by_the_contract
=== PAUSE TestDecodeBoidEntity/non-canonical_predicate_is_rejected_by_the_contract
=== CONT  TestDecodeBoidEntity/boid_key_decodes_position_and_neighbors
=== CONT  TestDecodeBoidEntity/duplicate_predicates_resolve_last-write-wins
=== CONT  TestDecodeBoidEntity/non-boid_key_maps_to_absence
=== CONT  TestDecodeBoidEntity/malformed_value_poisons_the_key_rather_than_skipping_silently
=== CONT  TestDecodeBoidEntity/neighbor_count_resets_the_set_so_a_shrinking_flock_does_not_accumulate
=== CONT  TestDecodeBoidEntity/non-canonical_predicate_is_rejected_by_the_contract
--- PASS: TestDecodeBoidEntity (0.00s)
    --- PASS: TestDecodeBoidEntity/non-boid_key_maps_to_absence (0.00s)
    --- PASS: TestDecodeBoidEntity/boid_key_decodes_position_and_neighbors (0.00s)
    --- PASS: TestDecodeBoidEntity/duplicate_predicates_resolve_last-write-wins (0.00s)
    --- PASS: TestDecodeBoidEntity/malformed_value_poisons_the_key_rather_than_skipping_silently (0.00s)
    --- PASS: TestDecodeBoidEntity/neighbor_count_resets_the_set_so_a_shrinking_flock_does_not_accumulate (0.00s)
    --- PASS: TestDecodeBoidEntity/non-canonical_predicate_is_rejected_by_the_contract (0.00s)
PASS
ok  	github.com/c360studio/semboids/internal/api	34.803s
=== RUN   TestBoidWorkflowRegisters
2026/10/01 12:04:02 INFO lifecycle: registered workflow workflow=flock.boid pattern=*.*.sim.flock.boid.* phase_count=3 operator_writable_predicates=0 child_workflows=0 reference_predicates=0
--- PASS: TestBoidWorkflowRegisters (0.00s)
=== RUN   TestBoidLifecycleParticipant
--- PASS: TestBoidLifecycleParticipant (0.00s)
=== RUN   TestBoidTransitionsValid
--- PASS: TestBoidTransitionsValid (0.00s)
=== RUN   TestBoidEntityID6Part
--- PASS: TestBoidEntityID6Part (0.00s)
=== RUN   TestBoidTriples
--- PASS: TestBoidTriples (0.00s)
=== RUN   TestNeighborCountAlwaysPresent
--- PASS: TestNeighborCountAlwaysPresent (0.00s)
=== RUN   TestBoidPayloadSchemaAndRegistry
--- PASS: TestBoidPayloadSchemaAndRegistry (0.00s)
=== RUN   TestRegisteredPayloadRoundTripAndFloor
=== RUN   TestRegisteredPayloadRoundTripAndFloor/UTC
=== RUN   TestRegisteredPayloadRoundTripAndFloor/UTC#01
=== RUN   TestRegisteredPayloadRoundTripAndFloor/fixture
--- PASS: TestRegisteredPayloadRoundTripAndFloor (0.00s)
    --- PASS: TestRegisteredPayloadRoundTripAndFloor/UTC (0.00s)
    --- PASS: TestRegisteredPayloadRoundTripAndFloor/UTC#01 (0.00s)
    --- PASS: TestRegisteredPayloadRoundTripAndFloor/fixture (0.00s)
=== RUN   TestProbeRecordsLatency
--- PASS: TestProbeRecordsLatency (0.00s)
=== RUN   TestProbeSampling
--- PASS: TestProbeSampling (0.00s)
=== RUN   TestProbeSkipsNonBoidAndMalformed
--- PASS: TestProbeSkipsNonBoidAndMalformed (0.00s)
=== RUN   TestParseObservedAtNewest
--- PASS: TestParseObservedAtNewest (0.00s)
=== RUN   TestPublisherPublishesEachBoid
--- PASS: TestPublisherPublishesEachBoid (0.01s)
=== RUN   TestPublisherDropsWhenStalled
--- PASS: TestPublisherDropsWhenStalled (0.00s)
=== RUN   TestPublisherClearsEmptiedNeighborSets
--- PASS: TestPublisherClearsEmptiedNeighborSets (0.02s)
=== RUN   TestClearNeighborsRetryClassification
=== RUN   TestClearNeighborsRetryClassification/conflict_then_success
=== RUN   TestClearNeighborsRetryClassification/unavailable_then_success
=== RUN   TestClearNeighborsRetryClassification/conflict_exhausts_bound
2026/10/01 12:04:02 WARN clear emptied neighbor set boid=7 attempts=3 error="projection mutation  failed (revision-conflict, ): revision-conflict"
=== RUN   TestClearNeighborsRetryClassification/not_found_is_already_clear
=== RUN   TestClearNeighborsRetryClassification/ambiguous_is_not_retried
2026/10/01 12:04:02 WARN clear emptied neighbor set: ambiguous outcome, not retried boid=7 error="projection mutation  failed (commit-unknown, ): commit-unknown"
=== RUN   TestClearNeighborsRetryClassification/invalid_is_not_retried
2026/10/01 12:04:02 WARN clear emptied neighbor set boid=7 attempts=1 error="projection mutation  failed (invalid, ): invalid"
--- PASS: TestClearNeighborsRetryClassification (0.00s)
    --- PASS: TestClearNeighborsRetryClassification/conflict_then_success (0.00s)
    --- PASS: TestClearNeighborsRetryClassification/unavailable_then_success (0.00s)
    --- PASS: TestClearNeighborsRetryClassification/conflict_exhausts_bound (0.00s)
    --- PASS: TestClearNeighborsRetryClassification/not_found_is_already_clear (0.00s)
    --- PASS: TestClearNeighborsRetryClassification/ambiguous_is_not_retried (0.00s)
    --- PASS: TestClearNeighborsRetryClassification/invalid_is_not_retried (0.00s)
=== RUN   TestPublisherNoCrossSnapshotReorder
--- PASS: TestPublisherNoCrossSnapshotReorder (0.01s)
=== RUN   TestLPADistinguishesDisjointFlocks
2026/10/01 12:04:02 github.com/testcontainers/testcontainers-go - Connected to docker: 
  Server Version: 29.8.0
  API Version: 1.51
  Operating System: Docker Desktop
  Total Memory: 23742 MB
  Labels:
    com.docker.desktop.address=unix:///Users/coby/Library/Containers/com.docker.docker/Data/docker-cli.sock
  Testcontainers for Go Version: v0.40.0
  Resolved Docker Host: unix:///var/run/docker.sock
  Resolved Docker Socket Path: /var/run/docker.sock
  Test SessionID: a886e494d244fe2b84d5a250b4c50fb723c1b9599f7d95853e2350ca2e72c688
  Test ProcessID: ca5b76a3-6a3d-431d-8e19-b507e557b3cf
2026/10/01 12:04:02 🐳 Creating container for image nats:2.14-alpine
2026/10/01 12:04:02 ⏳ Waiting for Reaper "04c70cd4" to be ready
2026/10/01 12:04:03 🔥 Reaper obtained from Docker for this test session 04c70cd4
2026/10/01 12:04:03 ✅ Container created: 37b96d71b7d6
2026/10/01 12:04:03 🐳 Starting container: 37b96d71b7d6
2026/10/01 12:04:03 ✅ Container started: 37b96d71b7d6
2026/10/01 12:04:03 ⏳ Waiting for container id 37b96d71b7d6 image: nats:2.14-alpine. Waiting for: log message "Server is ready"
2026/10/01 12:04:03 🔔 Container is ready: 37b96d71b7d6
2026/10/01 12:04:03 INFO Connecting to NATS urls=nats://localhost:55085
2026/10/01 12:04:03 INFO Successfully connected to NATS urls=nats://localhost:55085
2026/10/01 12:04:03 INFO component initialized component=graph-ingest component=graph-ingest
2026/10/01 12:04:03 INFO Created new KV bucket bucket=ENTITY_STATES
2026/10/01 12:04:03 INFO Created new KV bucket bucket=ENTITY_SUFFIX_INDEX
2026/10/01 12:04:03 INFO Created new KV bucket bucket=GRAPH_INGEST_APPLIED_SEQ
2026/10/01 12:04:03 INFO Created new KV bucket bucket=GRAPH_STATUS
2026/10/01 12:04:03 INFO JetStream consumer acknowledgement policy applied component=graph-ingest port=entity_stream stream=ENTITY consumer=graph-ingest-entity-wildcard policy_source=server requested_max_ack_pending=0 effective_max_ack_pending=1000
2026/10/01 12:04:03 INFO query handlers registered component=graph-ingest subjects="[graph.ingest.query.entity graph.ingest.query.batch graph.ingest.query.prefix graph.ingest.query.suffix]"
2026/10/01 12:04:03 INFO mutation handlers registered component=graph-ingest subjects="[graph.mutation.entity.create graph.mutation.entity.reconcile graph.mutation.triple.append graph.mutation.entity.delete]"
2026/10/01 12:04:03 INFO component started component=graph-ingest component=graph-ingest start_time=2026-10-01T12:04:03.244Z
2026/10/01 12:04:03 INFO component initialized component=graph-index component=graph-index
2026/10/01 12:04:03 INFO Created new KV bucket bucket=OUTGOING_INDEX
2026/10/01 12:04:03 INFO Created new KV bucket bucket=INCOMING_INDEX
2026/10/01 12:04:03 INFO Created new KV bucket bucket=ALIAS_INDEX
2026/10/01 12:04:03 INFO Created new KV bucket bucket=PREDICATE_INDEX
2026/10/01 12:04:03 INFO Created new KV bucket bucket=NAME_INDEX
2026/10/01 12:04:03 INFO Using existing KV bucket bucket=GRAPH_STATUS
2026/10/01 12:04:03 INFO resource available component=graph-index resource=ENTITY_STATES attempt=1
2026/10/01 12:04:03 INFO query handlers registered component=graph-index subjects="[graph.index.query.outgoing graph.index.query.incoming graph.index.query.alias graph.index.query.predicate graph.index.query.predicateList graph.index.query.predicateStats graph.index.query.predicateCompound graph.index.query.byName]"
2026/10/01 12:04:03 INFO component started component=graph-index component=graph-index start_time=2026-10-01T12:04:03.290Z
2026/10/01 12:04:03 INFO entity watcher started component=graph-index bucket=ENTITY_STATES
2026/10/01 12:04:03 INFO component initialized component=graph-clustering component=graph-clustering
2026/10/01 12:04:03 INFO Created new KV bucket bucket=COMMUNITY_SUMMARIES
2026/10/01 12:04:03 INFO Created new KV bucket bucket=COMMUNITY_INDEX
2026/10/01 12:04:03 INFO resource available component=graph-clustering resource=ENTITY_STATES attempt=1
2026/10/01 12:04:03 INFO resource available component=graph-clustering resource=OUTGOING_INDEX attempt=1
2026/10/01 12:04:03 INFO resource available component=graph-clustering resource=INCOMING_INDEX attempt=1
2026/10/01 12:04:03 INFO query handlers registered component=graph-clustering subjects="[graph.clustering.query.community graph.clustering.query.members graph.clustering.query.entity graph.clustering.query.level]"
2026/10/01 12:04:03 INFO component started component=graph-clustering component=graph-clustering start_time=2026-10-01T12:04:03.313Z detection_interval=2s enable_llm=false enable_anomaly_detection=false
2026/10/01 12:04:03 INFO detection loop started component=graph-clustering interval=2s
2026/10/01 12:04:05 WARN community detection deferred component=graph-clustering reason=bootstrap_incomplete status_known=true status_age=2.005860625s state=building lag=0 staleness_ms=0
2026/10/01 12:04:09 INFO readiness gate cleared; resuming community detection component=graph-clustering status_known=true state=ready staleness_ms=0
    clustering_spike_integration_test.go:263: spike confirmed: cluster A → c360.semboids.sim.flock.boid.1, cluster B → c360.semboids.sim.flock.boid.4
2026/10/01 12:04:09 WARN Failed to fetch entities for summarization component=graph-clustering community_id=c360.semboids.sim.flock.boid.5 error="kvEntityQuerier.GetEntities: get entity failed: context canceled"
2026/10/01 12:04:09 INFO component stopped gracefully component=graph-clustering component=graph-clustering
2026/10/01 12:04:09 INFO component stopped gracefully component=graph-index component=graph-index
2026/10/01 12:04:09 INFO component stopped gracefully component=graph-ingest component=graph-ingest
2026/10/01 12:04:09 🐳 Stopping container: 37b96d71b7d6
2026/10/01 12:04:09 ✅ Container stopped: 37b96d71b7d6
2026/10/01 12:04:09 🐳 Terminating container: 37b96d71b7d6
2026/10/01 12:04:09 🚫 Container terminated: 37b96d71b7d6
--- PASS: TestLPADistinguishesDisjointFlocks (6.92s)
=== RUN   TestDebugDumpOutgoingIndex
2026/10/01 12:04:09 🐳 Creating container for image nats:2.14-alpine
2026/10/01 12:04:09 ✅ Container created: 30f27a46cc02
2026/10/01 12:04:09 🐳 Starting container: 30f27a46cc02
2026/10/01 12:04:09 ✅ Container started: 30f27a46cc02
2026/10/01 12:04:09 ⏳ Waiting for container id 30f27a46cc02 image: nats:2.14-alpine. Waiting for: log message "Server is ready"
2026/10/01 12:04:09 🔔 Container is ready: 30f27a46cc02
2026/10/01 12:04:09 INFO Connecting to NATS urls=nats://localhost:55092
2026/10/01 12:04:09 INFO Successfully connected to NATS urls=nats://localhost:55092
2026/10/01 12:04:09 INFO component initialized component=graph-ingest component=graph-ingest
2026/10/01 12:04:09 INFO Created new KV bucket bucket=ENTITY_STATES
2026/10/01 12:04:09 INFO Created new KV bucket bucket=ENTITY_SUFFIX_INDEX
2026/10/01 12:04:09 INFO Created new KV bucket bucket=GRAPH_INGEST_APPLIED_SEQ
2026/10/01 12:04:09 INFO Created new KV bucket bucket=GRAPH_STATUS
2026/10/01 12:04:09 INFO JetStream consumer acknowledgement policy applied component=graph-ingest port=entity_stream stream=ENTITY consumer=graph-ingest-entity-wildcard policy_source=server requested_max_ack_pending=0 effective_max_ack_pending=1000
2026/10/01 12:04:09 INFO query handlers registered component=graph-ingest subjects="[graph.ingest.query.entity graph.ingest.query.batch graph.ingest.query.prefix graph.ingest.query.suffix]"
2026/10/01 12:04:09 INFO mutation handlers registered component=graph-ingest subjects="[graph.mutation.entity.create graph.mutation.entity.reconcile graph.mutation.triple.append graph.mutation.entity.delete]"
2026/10/01 12:04:09 INFO component started component=graph-ingest component=graph-ingest start_time=2026-10-01T12:04:09.838Z
2026/10/01 12:04:09 INFO component initialized component=graph-index component=graph-index
2026/10/01 12:04:09 INFO Created new KV bucket bucket=OUTGOING_INDEX
2026/10/01 12:04:09 INFO Created new KV bucket bucket=INCOMING_INDEX
2026/10/01 12:04:09 INFO Created new KV bucket bucket=ALIAS_INDEX
2026/10/01 12:04:09 INFO Created new KV bucket bucket=PREDICATE_INDEX
2026/10/01 12:04:09 INFO Created new KV bucket bucket=NAME_INDEX
2026/10/01 12:04:09 INFO Using existing KV bucket bucket=GRAPH_STATUS
2026/10/01 12:04:09 INFO resource available component=graph-index resource=ENTITY_STATES attempt=1
2026/10/01 12:04:09 INFO query handlers registered component=graph-index subjects="[graph.index.query.outgoing graph.index.query.incoming graph.index.query.alias graph.index.query.predicate graph.index.query.predicateList graph.index.query.predicateStats graph.index.query.predicateCompound graph.index.query.byName]"
2026/10/01 12:04:09 INFO component started component=graph-index component=graph-index start_time=2026-10-01T12:04:09.856Z
2026/10/01 12:04:09 INFO entity watcher started component=graph-index bucket=ENTITY_STATES
2026/10/01 12:04:09 INFO component initialized component=graph-clustering component=graph-clustering
2026/10/01 12:04:09 INFO Created new KV bucket bucket=COMMUNITY_SUMMARIES
2026/10/01 12:04:09 INFO Created new KV bucket bucket=COMMUNITY_INDEX
2026/10/01 12:04:09 INFO resource available component=graph-clustering resource=ENTITY_STATES attempt=1
2026/10/01 12:04:09 INFO resource available component=graph-clustering resource=OUTGOING_INDEX attempt=1
2026/10/01 12:04:09 INFO resource available component=graph-clustering resource=INCOMING_INDEX attempt=1
2026/10/01 12:04:09 INFO query handlers registered component=graph-clustering subjects="[graph.clustering.query.community graph.clustering.query.members graph.clustering.query.entity graph.clustering.query.level]"
2026/10/01 12:04:09 INFO component started component=graph-clustering component=graph-clustering start_time=2026-10-01T12:04:09.867Z detection_interval=2s enable_llm=false enable_anomaly_detection=false
2026/10/01 12:04:09 INFO detection loop started component=graph-clustering interval=2s
2026/10/01 12:04:11 WARN community detection deferred component=graph-clustering reason=bootstrap_incomplete status_known=true status_age=2.002396917s state=building lag=0 staleness_ms=0
2026/10/01 12:04:15 INFO readiness gate cleared; resuming community detection component=graph-clustering status_known=true state=ready staleness_ms=0
    debug_index_integration_test.go:95: OUTGOING_INDEX keys (8):
    debug_index_integration_test.go:101:   c360.semboids.sim.flock.boid.0 = [{"to_entity_id":"c360.semboids.sim.flock.boid.1","predicate":"flock.neighbor.of"},{"to_entity_id":"c360.semboids.sim.flock.boid.2","predicate":"flock.neighbor.of"},{"to_entity_id":"c360.semboids.sim.flock.boid.3","predicate":"flock.neighbor.of"}]
    debug_index_integration_test.go:101:   c360.semboids.sim.flock.boid.1 = [{"to_entity_id":"c360.semboids.sim.flock.boid.0","predicate":"flock.neighbor.of"},{"to_entity_id":"c360.semboids.sim.flock.boid.2","predicate":"flock.neighbor.of"},{"to_entity_id":"c360.semboids.sim.flock.boid.3","predicate":"flock.neighbor.of"}]
    debug_index_integration_test.go:101:   c360.semboids.sim.flock.boid.2 = [{"to_entity_id":"c360.semboids.sim.flock.boid.0","predicate":"flock.neighbor.of"},{"to_entity_id":"c360.semboids.sim.flock.boid.1","predicate":"flock.neighbor.of"},{"to_entity_id":"c360.semboids.sim.flock.boid.3","predicate":"flock.neighbor.of"}]
    debug_index_integration_test.go:101:   c360.semboids.sim.flock.boid.3 = [{"to_entity_id":"c360.semboids.sim.flock.boid.0","predicate":"flock.neighbor.of"},{"to_entity_id":"c360.semboids.sim.flock.boid.1","predicate":"flock.neighbor.of"},{"to_entity_id":"c360.semboids.sim.flock.boid.2","predicate":"flock.neighbor.of"}]
    debug_index_integration_test.go:101:   c360.semboids.sim.flock.boid.4 = [{"to_entity_id":"c360.semboids.sim.flock.boid.5","predicate":"flock.neighbor.of"},{"to_entity_id":"c360.semboids.sim.flock.boid.6","predicate":"flock.neighbor.of"},{"to_entity_id":"c360.semboids.sim.flock.boid.7","predicate":"flock.neighbor.of"}]
    debug_index_integration_test.go:101:   c360.semboids.sim.flock.boid.5 = [{"to_entity_id":"c360.semboids.sim.flock.boid.4","predicate":"flock.neighbor.of"},{"to_entity_id":"c360.semboids.sim.flock.boid.6","predicate":"flock.neighbor.of"},{"to_entity_id":"c360.semboids.sim.flock.boid.7","predicate":"flock.neighbor.of"}]
    debug_index_integration_test.go:101:   c360.semboids.sim.flock.boid.6 = [{"to_entity_id":"c360.semboids.sim.flock.boid.4","predicate":"flock.neighbor.of"},{"to_entity_id":"c360.semboids.sim.flock.boid.5","predicate":"flock.neighbor.of"},{"to_entity_id":"c360.semboids.sim.flock.boid.7","predicate":"flock.neighbor.of"}]
    debug_index_integration_test.go:101:   c360.semboids.sim.flock.boid.7 = [{"to_entity_id":"c360.semboids.sim.flock.boid.4","predicate":"flock.neighbor.of"},{"to_entity_id":"c360.semboids.sim.flock.boid.5","predicate":"flock.neighbor.of"},{"to_entity_id":"c360.semboids.sim.flock.boid.6","predicate":"flock.neighbor.of"}]
    debug_index_integration_test.go:108: ENTITY_STATES keys (8): [c360.semboids.sim.flock.boid.0 c360.semboids.sim.flock.boid.1 c360.semboids.sim.flock.boid.2 c360.semboids.sim.flock.boid.3 c360.semboids.sim.flock.boid.4 c360.semboids.sim.flock.boid.5 c360.semboids.sim.flock.boid.6 c360.semboids.sim.flock.boid.7]
    debug_index_integration_test.go:111: ENTITY c360.semboids.sim.flock.boid.0 = {"id":"c360.semboids.sim.flock.boid.0","triples":[{"subject":"c360.semboids.sim.flock.boid.0","predicate":"flock.position.x","object":0,"source":"spike","timestamp":"2026-10-01T12:04:09.86747Z","confidence":1,"context":"spike-create-0"},{"subject":"c360.semboids.sim.flock.boid.0","predicate":"flock.neighbor.of","object":"c360.semboids.sim.flock.boid.1","source":"spike","timestamp":"2026-10-01T12:04:09.86747Z","confidence":1,"context":"spike-create-0"},{"subject":"c360.semboids.sim.flock.boid.0","predicate":"flock.neighbor.of","object":"c360.semboids.sim.flock.boid.2","source":"spike","timestamp":"2026-10-01T12:04:09.86747Z","confidence":1,"context":"spike-create-0"},{"subject":"c360.semboids.sim.flock.boid.0","predicate":"flock.neighbor.of","object":"c360.semboids.sim.flock.boid.3","source":"spike","timestamp":"2026-10-01T12:04:09.86747Z","confidence":1,"context":"spike-create-0"},{"subj...
    debug_index_integration_test.go:111: ENTITY c360.semboids.sim.flock.boid.4 = {"id":"c360.semboids.sim.flock.boid.4","triples":[{"subject":"c360.semboids.sim.flock.boid.4","predicate":"flock.position.x","object":400,"source":"spike","timestamp":"2026-10-01T12:04:09.87734Z","confidence":1,"context":"spike-create-4"},{"subject":"c360.semboids.sim.flock.boid.4","predicate":"flock.neighbor.of","object":"c360.semboids.sim.flock.boid.5","source":"spike","timestamp":"2026-10-01T12:04:09.87734Z","confidence":1,"context":"spike-create-4"},{"subject":"c360.semboids.sim.flock.boid.4","predicate":"flock.neighbor.of","object":"c360.semboids.sim.flock.boid.6","source":"spike","timestamp":"2026-10-01T12:04:09.87734Z","confidence":1,"context":"spike-create-4"},{"subject":"c360.semboids.sim.flock.boid.4","predicate":"flock.neighbor.of","object":"c360.semboids.sim.flock.boid.7","source":"spike","timestamp":"2026-10-01T12:04:09.87734Z","confidence":1,"context":"spike-create-4"},{"su...
    debug_index_integration_test.go:119: INCOMING_INDEX keys (24):
    debug_index_integration_test.go:122:   c360.semboids.sim.flock.boid.0.c360.semboids.sim.flock.boid.1.666c6f636b2e6e65696768626f722e6f66 = 
    debug_index_integration_test.go:122:   c360.semboids.sim.flock.boid.0.c360.semboids.sim.flock.boid.2.666c6f636b2e6e65696768626f722e6f66 = 
    debug_index_integration_test.go:122:   c360.semboids.sim.flock.boid.0.c360.semboids.sim.flock.boid.3.666c6f636b2e6e65696768626f722e6f66 = 
    debug_index_integration_test.go:122:   c360.semboids.sim.flock.boid.1.c360.semboids.sim.flock.boid.0.666c6f636b2e6e65696768626f722e6f66 = 
    debug_index_integration_test.go:122:   c360.semboids.sim.flock.boid.1.c360.semboids.sim.flock.boid.2.666c6f636b2e6e65696768626f722e6f66 = 
    debug_index_integration_test.go:122:   c360.semboids.sim.flock.boid.1.c360.semboids.sim.flock.boid.3.666c6f636b2e6e65696768626f722e6f66 = 
    debug_index_integration_test.go:122:   c360.semboids.sim.flock.boid.2.c360.semboids.sim.flock.boid.0.666c6f636b2e6e65696768626f722e6f66 = 
    debug_index_integration_test.go:122:   c360.semboids.sim.flock.boid.2.c360.semboids.sim.flock.boid.1.666c6f636b2e6e65696768626f722e6f66 = 
    debug_index_integration_test.go:122:   c360.semboids.sim.flock.boid.2.c360.semboids.sim.flock.boid.3.666c6f636b2e6e65696768626f722e6f66 = 
    debug_index_integration_test.go:122:   c360.semboids.sim.flock.boid.3.c360.semboids.sim.flock.boid.0.666c6f636b2e6e65696768626f722e6f66 = 
    debug_index_integration_test.go:122:   c360.semboids.sim.flock.boid.3.c360.semboids.sim.flock.boid.1.666c6f636b2e6e65696768626f722e6f66 = 
    debug_index_integration_test.go:122:   c360.semboids.sim.flock.boid.3.c360.semboids.sim.flock.boid.2.666c6f636b2e6e65696768626f722e6f66 = 
    debug_index_integration_test.go:122:   c360.semboids.sim.flock.boid.4.c360.semboids.sim.flock.boid.5.666c6f636b2e6e65696768626f722e6f66 = 
    debug_index_integration_test.go:122:   c360.semboids.sim.flock.boid.4.c360.semboids.sim.flock.boid.6.666c6f636b2e6e65696768626f722e6f66 = 
    debug_index_integration_test.go:122:   c360.semboids.sim.flock.boid.4.c360.semboids.sim.flock.boid.7.666c6f636b2e6e65696768626f722e6f66 = 
    debug_index_integration_test.go:122:   c360.semboids.sim.flock.boid.5.c360.semboids.sim.flock.boid.4.666c6f636b2e6e65696768626f722e6f66 = 
    debug_index_integration_test.go:122:   c360.semboids.sim.flock.boid.5.c360.semboids.sim.flock.boid.6.666c6f636b2e6e65696768626f722e6f66 = 
    debug_index_integration_test.go:122:   c360.semboids.sim.flock.boid.5.c360.semboids.sim.flock.boid.7.666c6f636b2e6e65696768626f722e6f66 = 
    debug_index_integration_test.go:122:   c360.semboids.sim.flock.boid.6.c360.semboids.sim.flock.boid.4.666c6f636b2e6e65696768626f722e6f66 = 
    debug_index_integration_test.go:122:   c360.semboids.sim.flock.boid.6.c360.semboids.sim.flock.boid.5.666c6f636b2e6e65696768626f722e6f66 = 
    debug_index_integration_test.go:122:   c360.semboids.sim.flock.boid.6.c360.semboids.sim.flock.boid.7.666c6f636b2e6e65696768626f722e6f66 = 
    debug_index_integration_test.go:122:   c360.semboids.sim.flock.boid.7.c360.semboids.sim.flock.boid.4.666c6f636b2e6e65696768626f722e6f66 = 
    debug_index_integration_test.go:122:   c360.semboids.sim.flock.boid.7.c360.semboids.sim.flock.boid.5.666c6f636b2e6e65696768626f722e6f66 = 
    debug_index_integration_test.go:122:   c360.semboids.sim.flock.boid.7.c360.semboids.sim.flock.boid.6.666c6f636b2e6e65696768626f722e6f66 = 
    debug_index_integration_test.go:136: COMMUNITY_INDEX keys (27):
    debug_index_integration_test.go:142:   0.c360.semboids.sim.flock.boid.4 = {"id":"c360.semboids.sim.flock.boid.4","level":0,"members":["c360.semboids.sim.flock.boid.0","c360.semboids.sim.flock.boid.1","c360.semboids.sim.flock.boid.2","c360.semboids.sim.flock.boid.3","c360.semboids.sim.flock.boid.4","c360.semboids.sim.flock.boid.5","c360.semboids.sim.flock.boid.6","c360.semboids.sim.flock.boid.7"],"statistical_summary":"Community of 8 entities including 8 boids. Key themes: boid, flock.position.x, entity.indexing.profile, control.","keywords":["boid","flock.position.x","entity.indexing.profile","control"],"rep_entities":["c360.semboids.sim.flock.boid.0","c360.semboids...
    debug_index_integration_test.go:142:   1.c360.semboids.sim.flock.boid.5 = {"id":"c360.semboids.sim.flock.boid.5","level":1,"members":["c360.semboids.sim.flock.boid.0","c360.semboids.sim.flock.boid.1","c360.semboids.sim.flock.boid.2","c360.semboids.sim.flock.boid.3","c360.semboids.sim.flock.boid.4","c360.semboids.sim.flock.boid.5","c360.semboids.sim.flock.boid.6","c360.semboids.sim.flock.boid.7"],"statistical_summary":"Community of 8 entities including 8 boids. Key themes: boid, flock.position.x, entity.indexing.profile, control.","keywords":["boid","flock.position.x","entity.indexing.profile","control"],"rep_entities":["c360.semboids.sim.flock.boid.0","c360.semboids...
    debug_index_integration_test.go:142:   2.c360.semboids.sim.flock.boid.4 = {"id":"c360.semboids.sim.flock.boid.4","level":2,"members":["c360.semboids.sim.flock.boid.0","c360.semboids.sim.flock.boid.1","c360.semboids.sim.flock.boid.2","c360.semboids.sim.flock.boid.3","c360.semboids.sim.flock.boid.4","c360.semboids.sim.flock.boid.5","c360.semboids.sim.flock.boid.6","c360.semboids.sim.flock.boid.7"],"statistical_summary":"Community of 8 entities including 8 boids. Key themes: boid, flock.position.x, entity.indexing.profile, control.","keywords":["boid","flock.position.x","entity.indexing.profile","control"],"rep_entities":["c360.semboids.sim.flock.boid.0","c360.semboids...
    debug_index_integration_test.go:142:   entity.0.c360.semboids.sim.flock.boid.0 = c360.semboids.sim.flock.boid.4
    debug_index_integration_test.go:142:   entity.0.c360.semboids.sim.flock.boid.1 = c360.semboids.sim.flock.boid.4
    debug_index_integration_test.go:142:   entity.0.c360.semboids.sim.flock.boid.2 = c360.semboids.sim.flock.boid.4
    debug_index_integration_test.go:142:   entity.0.c360.semboids.sim.flock.boid.3 = c360.semboids.sim.flock.boid.4
    debug_index_integration_test.go:142:   entity.0.c360.semboids.sim.flock.boid.4 = c360.semboids.sim.flock.boid.4
    debug_index_integration_test.go:142:   entity.0.c360.semboids.sim.flock.boid.5 = c360.semboids.sim.flock.boid.4
    debug_index_integration_test.go:142:   entity.0.c360.semboids.sim.flock.boid.6 = c360.semboids.sim.flock.boid.4
    debug_index_integration_test.go:142:   entity.0.c360.semboids.sim.flock.boid.7 = c360.semboids.sim.flock.boid.4
    debug_index_integration_test.go:142:   entity.1.c360.semboids.sim.flock.boid.0 = c360.semboids.sim.flock.boid.5
    debug_index_integration_test.go:142:   entity.1.c360.semboids.sim.flock.boid.1 = c360.semboids.sim.flock.boid.5
    debug_index_integration_test.go:142:   entity.1.c360.semboids.sim.flock.boid.2 = c360.semboids.sim.flock.boid.5
    debug_index_integration_test.go:142:   entity.1.c360.semboids.sim.flock.boid.3 = c360.semboids.sim.flock.boid.5
    debug_index_integration_test.go:142:   entity.1.c360.semboids.sim.flock.boid.4 = c360.semboids.sim.flock.boid.5
    debug_index_integration_test.go:142:   entity.1.c360.semboids.sim.flock.boid.5 = c360.semboids.sim.flock.boid.5
    debug_index_integration_test.go:142:   entity.1.c360.semboids.sim.flock.boid.6 = c360.semboids.sim.flock.boid.5
    debug_index_integration_test.go:142:   entity.1.c360.semboids.sim.flock.boid.7 = c360.semboids.sim.flock.boid.5
    debug_index_integration_test.go:142:   entity.2.c360.semboids.sim.flock.boid.0 = c360.semboids.sim.flock.boid.4
    debug_index_integration_test.go:142:   entity.2.c360.semboids.sim.flock.boid.1 = c360.semboids.sim.flock.boid.4
    debug_index_integration_test.go:142:   entity.2.c360.semboids.sim.flock.boid.2 = c360.semboids.sim.flock.boid.4
    debug_index_integration_test.go:142:   entity.2.c360.semboids.sim.flock.boid.3 = c360.semboids.sim.flock.boid.4
    debug_index_integration_test.go:142:   entity.2.c360.semboids.sim.flock.boid.4 = c360.semboids.sim.flock.boid.4
    debug_index_integration_test.go:142:   entity.2.c360.semboids.sim.flock.boid.5 = c360.semboids.sim.flock.boid.4
    debug_index_integration_test.go:142:   entity.2.c360.semboids.sim.flock.boid.6 = c360.semboids.sim.flock.boid.4
    debug_index_integration_test.go:142:   entity.2.c360.semboids.sim.flock.boid.7 = c360.semboids.sim.flock.boid.4
2026/10/01 12:04:17 INFO component stopped gracefully component=graph-clustering component=graph-clustering
2026/10/01 12:04:17 INFO component stopped gracefully component=graph-index component=graph-index
2026/10/01 12:04:17 INFO component stopped gracefully component=graph-ingest component=graph-ingest
2026/10/01 12:04:17 🐳 Stopping container: 30f27a46cc02
2026/10/01 12:04:18 ✅ Container stopped: 30f27a46cc02
2026/10/01 12:04:18 🐳 Terminating container: 30f27a46cc02
2026/10/01 12:04:18 🚫 Container terminated: 30f27a46cc02
--- PASS: TestDebugDumpOutgoingIndex (8.60s)
=== RUN   TestLPALibraryOnDisjointCliques
    lpa_unit_test.go:165: level 0: 2 communities
    lpa_unit_test.go:167:   c360.semboids.sim.flock.boid.1 (level 0): [c360.semboids.sim.flock.boid.0 c360.semboids.sim.flock.boid.1 c360.semboids.sim.flock.boid.2 c360.semboids.sim.flock.boid.3]
    lpa_unit_test.go:167:   c360.semboids.sim.flock.boid.4 (level 0): [c360.semboids.sim.flock.boid.4 c360.semboids.sim.flock.boid.5 c360.semboids.sim.flock.boid.6 c360.semboids.sim.flock.boid.7]
--- PASS: TestLPALibraryOnDisjointCliques (0.00s)
=== RUN   TestSnapshotsPreserveLifecycleFactsAndRetractDeletedNeighbors
2026/10/01 12:04:18 🐳 Creating container for image nats:2.14-alpine
2026/10/01 12:04:18 ✅ Container created: ae34da340f6f
2026/10/01 12:04:18 🐳 Starting container: ae34da340f6f
2026/10/01 12:04:18 ✅ Container started: ae34da340f6f
2026/10/01 12:04:18 ⏳ Waiting for container id ae34da340f6f image: nats:2.14-alpine. Waiting for: log message "Server is ready"
2026/10/01 12:04:18 🔔 Container is ready: ae34da340f6f
2026/10/01 12:04:18 INFO Connecting to NATS urls=nats://localhost:55095
2026/10/01 12:04:18 INFO Successfully connected to NATS urls=nats://localhost:55095
2026/10/01 12:04:18 INFO component initialized component=graph-ingest component=graph-ingest
2026/10/01 12:04:18 INFO Created new KV bucket bucket=ENTITY_STATES
2026/10/01 12:04:18 INFO Created new KV bucket bucket=ENTITY_SUFFIX_INDEX
2026/10/01 12:04:18 INFO Created new KV bucket bucket=GRAPH_INGEST_APPLIED_SEQ
2026/10/01 12:04:18 INFO Created new KV bucket bucket=GRAPH_STATUS
2026/10/01 12:04:18 INFO JetStream consumer acknowledgement policy applied component=graph-ingest port=entity_stream stream=ENTITY consumer=graph-ingest-entity-wildcard policy_source=server requested_max_ack_pending=0 effective_max_ack_pending=1000
2026/10/01 12:04:18 INFO query handlers registered component=graph-ingest subjects="[graph.ingest.query.entity graph.ingest.query.batch graph.ingest.query.prefix graph.ingest.query.suffix]"
2026/10/01 12:04:18 INFO mutation handlers registered component=graph-ingest subjects="[graph.mutation.entity.create graph.mutation.entity.reconcile graph.mutation.triple.append graph.mutation.entity.delete]"
2026/10/01 12:04:18 INFO component started component=graph-ingest component=graph-ingest start_time=2026-10-01T12:04:18.712Z
2026/10/01 12:04:18 INFO component initialized component=graph-index component=graph-index
2026/10/01 12:04:18 INFO Created new KV bucket bucket=OUTGOING_INDEX
2026/10/01 12:04:18 INFO Created new KV bucket bucket=INCOMING_INDEX
2026/10/01 12:04:18 INFO Created new KV bucket bucket=ALIAS_INDEX
2026/10/01 12:04:18 INFO Created new KV bucket bucket=PREDICATE_INDEX
2026/10/01 12:04:18 INFO Created new KV bucket bucket=NAME_INDEX
2026/10/01 12:04:18 INFO Using existing KV bucket bucket=GRAPH_STATUS
2026/10/01 12:04:18 INFO resource available component=graph-index resource=ENTITY_STATES attempt=1
2026/10/01 12:04:18 INFO query handlers registered component=graph-index subjects="[graph.index.query.outgoing graph.index.query.incoming graph.index.query.alias graph.index.query.predicate graph.index.query.predicateList graph.index.query.predicateStats graph.index.query.predicateCompound graph.index.query.byName]"
2026/10/01 12:04:18 INFO component started component=graph-index component=graph-index start_time=2026-10-01T12:04:18.754Z
2026/10/01 12:04:18 INFO lifecycle: registered workflow workflow=flock.boid pattern=*.*.sim.flock.boid.* phase_count=3 operator_writable_predicates=0 child_workflows=0 reference_predicates=0
2026/10/01 12:04:18 INFO entity watcher started component=graph-index bucket=ENTITY_STATES
2026/10/01 12:04:18 WARN graph mutation rejected component=graph-ingest subject=graph.mutation.entity.reconcile reason=revision_mismatch error="revision mismatch: expected 11, current 13"
2026/10/01 12:04:18 WARN graph mutation revision mismatch component=graph-ingest operation=entity.reconcile entity_id=c360.semboids.sim.flock.boid.0 expected_revision=11
2026/10/01 12:04:18 INFO component stopped gracefully component=graph-index component=graph-index
2026/10/01 12:04:18 INFO component stopped gracefully component=graph-ingest component=graph-ingest
2026/10/01 12:04:18 🐳 Stopping container: ae34da340f6f
2026/10/01 12:04:19 ✅ Container stopped: ae34da340f6f
2026/10/01 12:04:19 🐳 Terminating container: ae34da340f6f
2026/10/01 12:04:19 🚫 Container terminated: ae34da340f6f
--- PASS: TestSnapshotsPreserveLifecycleFactsAndRetractDeletedNeighbors (0.95s)
=== RUN   TestNeighborEmptyGate
2026/10/01 12:04:19 🐳 Creating container for image nats:2.14-alpine
2026/10/01 12:04:19 ✅ Container created: 3a43cdedf3ee
2026/10/01 12:04:19 🐳 Starting container: 3a43cdedf3ee
2026/10/01 12:04:19 ✅ Container started: 3a43cdedf3ee
2026/10/01 12:04:19 ⏳ Waiting for container id 3a43cdedf3ee image: nats:2.14-alpine. Waiting for: log message "Server is ready"
2026/10/01 12:04:19 🔔 Container is ready: 3a43cdedf3ee
2026/10/01 12:04:19 INFO Connecting to NATS urls=nats://localhost:55097
2026/10/01 12:04:19 INFO Successfully connected to NATS urls=nats://localhost:55097
2026/10/01 12:04:19 INFO component initialized component=graph-ingest component=graph-ingest
2026/10/01 12:04:19 INFO Created new KV bucket bucket=ENTITY_STATES
2026/10/01 12:04:19 INFO Created new KV bucket bucket=ENTITY_SUFFIX_INDEX
2026/10/01 12:04:19 INFO Created new KV bucket bucket=GRAPH_INGEST_APPLIED_SEQ
2026/10/01 12:04:19 INFO Created new KV bucket bucket=GRAPH_STATUS
2026/10/01 12:04:19 INFO JetStream consumer acknowledgement policy applied component=graph-ingest port=entity_stream stream=ENTITY consumer=graph-ingest-entity-wildcard policy_source=server requested_max_ack_pending=0 effective_max_ack_pending=1000
2026/10/01 12:04:19 INFO query handlers registered component=graph-ingest subjects="[graph.ingest.query.entity graph.ingest.query.batch graph.ingest.query.prefix graph.ingest.query.suffix]"
2026/10/01 12:04:19 INFO mutation handlers registered component=graph-ingest subjects="[graph.mutation.entity.create graph.mutation.entity.reconcile graph.mutation.triple.append graph.mutation.entity.delete]"
2026/10/01 12:04:19 INFO component started component=graph-ingest component=graph-ingest start_time=2026-10-01T12:04:19.456Z
2026/10/01 12:04:19 INFO component initialized component=graph-index component=graph-index
2026/10/01 12:04:19 INFO Created new KV bucket bucket=OUTGOING_INDEX
2026/10/01 12:04:19 INFO Created new KV bucket bucket=INCOMING_INDEX
2026/10/01 12:04:19 INFO Created new KV bucket bucket=ALIAS_INDEX
2026/10/01 12:04:19 INFO Created new KV bucket bucket=PREDICATE_INDEX
2026/10/01 12:04:19 INFO Created new KV bucket bucket=NAME_INDEX
2026/10/01 12:04:19 INFO Using existing KV bucket bucket=GRAPH_STATUS
2026/10/01 12:04:19 INFO resource available component=graph-index resource=ENTITY_STATES attempt=1
2026/10/01 12:04:19 INFO query handlers registered component=graph-index subjects="[graph.index.query.outgoing graph.index.query.incoming graph.index.query.alias graph.index.query.predicate graph.index.query.predicateList graph.index.query.predicateStats graph.index.query.predicateCompound graph.index.query.byName]"
2026/10/01 12:04:19 INFO component started component=graph-index component=graph-index start_time=2026-10-01T12:04:19.480Z
2026/10/01 12:04:19 INFO entity watcher started component=graph-index bucket=ENTITY_STATES
    neighbor_empty_verify_test.go:207: STEP 1 (neighbors {1,2,3}): version=1  ENTITY_STATES flock.neighbor.of=3  INCOMING rows for source=3
    neighbor_empty_verify_test.go:215: STEP 2 (empty via stream MergeEntity): version=2  ENTITY_STATES flock.neighbor.of=3  INCOMING rows for source=3
    neighbor_empty_verify_test.go:222: GATE RESULT: stream MergeEntity does NOT clear an emptied neighbor set (3 stale flock.neighbor.of remain in ENTITY_STATES) — the app-side removal is still load-bearing.
    neighbor_empty_verify_test.go:263: STEP 3 (entity.reconcile, empty desired): kv_revision=3  ENTITY_STATES flock.neighbor.of=0  INCOMING rows for source=-1
2026/10/01 12:04:25 INFO component stopped gracefully component=graph-index component=graph-index
2026/10/01 12:04:25 INFO component stopped gracefully component=graph-ingest component=graph-ingest
2026/10/01 12:04:25 🐳 Stopping container: 3a43cdedf3ee
2026/10/01 12:04:26 ✅ Container stopped: 3a43cdedf3ee
2026/10/01 12:04:26 🐳 Terminating container: 3a43cdedf3ee
2026/10/01 12:04:26 🚫 Container terminated: 3a43cdedf3ee
--- PASS: TestNeighborEmptyGate (7.02s)
=== RUN   TestE2ELatencyProbeTracksBacklog
2026/10/01 12:04:26 🐳 Creating container for image nats:2.14-alpine
2026/10/01 12:04:26 ✅ Container created: 1b9309b1effe
2026/10/01 12:04:26 🐳 Starting container: 1b9309b1effe
2026/10/01 12:04:26 ✅ Container started: 1b9309b1effe
2026/10/01 12:04:26 ⏳ Waiting for container id 1b9309b1effe image: nats:2.14-alpine. Waiting for: log message "Server is ready"
2026/10/01 12:04:26 🔔 Container is ready: 1b9309b1effe
2026/10/01 12:04:26 INFO Connecting to NATS urls=nats://localhost:55098
2026/10/01 12:04:26 INFO Successfully connected to NATS urls=nats://localhost:55098
2026/10/01 12:04:26 INFO component initialized component=graph-ingest component=graph-ingest
2026/10/01 12:04:26 INFO Created new KV bucket bucket=ENTITY_STATES
2026/10/01 12:04:26 INFO Created new KV bucket bucket=ENTITY_SUFFIX_INDEX
2026/10/01 12:04:26 INFO Created new KV bucket bucket=GRAPH_INGEST_APPLIED_SEQ
2026/10/01 12:04:26 INFO Created new KV bucket bucket=GRAPH_STATUS
2026/10/01 12:04:26 INFO JetStream consumer acknowledgement policy applied component=graph-ingest port=entity_stream stream=ENTITY consumer=graph-ingest-entity-wildcard policy_source=server requested_max_ack_pending=0 effective_max_ack_pending=1000
2026/10/01 12:04:26 INFO query handlers registered component=graph-ingest subjects="[graph.ingest.query.entity graph.ingest.query.batch graph.ingest.query.prefix graph.ingest.query.suffix]"
2026/10/01 12:04:26 INFO mutation handlers registered component=graph-ingest subjects="[graph.mutation.entity.create graph.mutation.entity.reconcile graph.mutation.triple.append graph.mutation.entity.delete]"
2026/10/01 12:04:26 INFO component started component=graph-ingest component=graph-ingest start_time=2026-10-01T12:04:26.476Z
    probe_integration_test.go:151: baseline: 358 samples, mean e2e 0.0013s
2026/10/01 12:04:27 INFO Graph snapshot cadence set graph_hz=30
    probe_integration_test.go:164: flood: 24029 new samples, window mean e2e 4.6437s
2026/10/01 12:04:39 ERROR Failed to merge entity component=graph-ingest entity_id=c360.semboids.sim.flock.boid.30 error="Component.MergeEntity: CAS update failed: retry cancelled before attempt 1: context canceled"
2026/10/01 12:04:39 WARN graph-ingest: redelivery-guard durable stamp failed; redelivering component=graph-ingest entity_id=c360.semboids.sim.flock.boid.275 error="kv put c360.semboids.sim.flock.boid.275/ENTITY: context canceled"
2026/10/01 12:04:39 WARN graph-ingest: redelivery-guard durable stamp failed; redelivering component=graph-ingest entity_id=c360.semboids.sim.flock.boid.10 error="kv put c360.semboids.sim.flock.boid.10/ENTITY: context canceled"
2026/10/01 12:04:39 WARN graph-ingest: redelivery-guard durable stamp failed; redelivering component=graph-ingest entity_id=c360.semboids.sim.flock.boid.135 error="kv put c360.semboids.sim.flock.boid.135/ENTITY: context canceled"
2026/10/01 12:04:39 ERROR Failed to merge entity component=graph-ingest entity_id=c360.semboids.sim.flock.boid.332 error="Component.MergeEntity: CAS update failed: retry cancelled before attempt 1: context canceled"
2026/10/01 12:04:39 ERROR Failed to merge entity component=graph-ingest entity_id=c360.semboids.sim.flock.boid.185 error="Component.MergeEntity: CAS update failed: retry cancelled before attempt 1: context canceled"
2026/10/01 12:04:39 ERROR Failed to merge entity component=graph-ingest entity_id=c360.semboids.sim.flock.boid.57 error="Component.MergeEntity: CAS update failed: retry cancelled before attempt 1: context canceled"
2026/10/01 12:04:39 WARN publish snapshot batch tick=393 boids=400 error="PublishBatchToStream: context already cancelled: context canceled"
2026/10/01 12:04:39 INFO component stopped gracefully component=graph-ingest component=graph-ingest
2026/10/01 12:04:39 🐳 Stopping container: 1b9309b1effe
2026/10/01 12:04:39 ✅ Container stopped: 1b9309b1effe
2026/10/01 12:04:39 🐳 Terminating container: 1b9309b1effe
2026/10/01 12:04:39 🚫 Container terminated: 1b9309b1effe
--- PASS: TestE2ELatencyProbeTracksBacklog (13.80s)
=== RUN   TestSnapshotsLandAndReplace
2026/10/01 12:04:40 🐳 Creating container for image nats:2.14-alpine
2026/10/01 12:04:40 ✅ Container created: 1aa13c3afa58
2026/10/01 12:04:40 🐳 Starting container: 1aa13c3afa58
2026/10/01 12:04:40 ✅ Container started: 1aa13c3afa58
2026/10/01 12:04:40 ⏳ Waiting for container id 1aa13c3afa58 image: nats:2.14-alpine. Waiting for: log message "Server is ready"
2026/10/01 12:04:40 🔔 Container is ready: 1aa13c3afa58
2026/10/01 12:04:40 INFO Connecting to NATS urls=nats://localhost:55101
2026/10/01 12:04:40 INFO Successfully connected to NATS urls=nats://localhost:55101
2026/10/01 12:04:40 INFO component initialized component=graph-ingest component=graph-ingest
2026/10/01 12:04:40 INFO Created new KV bucket bucket=ENTITY_STATES
2026/10/01 12:04:40 INFO Created new KV bucket bucket=ENTITY_SUFFIX_INDEX
2026/10/01 12:04:40 INFO Created new KV bucket bucket=GRAPH_INGEST_APPLIED_SEQ
2026/10/01 12:04:40 INFO Created new KV bucket bucket=GRAPH_STATUS
2026/10/01 12:04:40 INFO JetStream consumer acknowledgement policy applied component=graph-ingest port=entity_stream stream=ENTITY consumer=graph-ingest-entity-wildcard policy_source=server requested_max_ack_pending=0 effective_max_ack_pending=1000
2026/10/01 12:04:40 INFO query handlers registered component=graph-ingest subjects="[graph.ingest.query.entity graph.ingest.query.batch graph.ingest.query.prefix graph.ingest.query.suffix]"
2026/10/01 12:04:40 INFO mutation handlers registered component=graph-ingest subjects="[graph.mutation.entity.create graph.mutation.entity.reconcile graph.mutation.triple.append graph.mutation.entity.delete]"
2026/10/01 12:04:40 INFO component started component=graph-ingest component=graph-ingest start_time=2026-10-01T12:04:40.292Z
2026/10/01 12:04:41 INFO component stopped gracefully component=graph-ingest component=graph-ingest
2026/10/01 12:04:41 🐳 Stopping container: 1aa13c3afa58
2026/10/01 12:04:41 ✅ Container stopped: 1aa13c3afa58
2026/10/01 12:04:41 🐳 Terminating container: 1aa13c3afa58
2026/10/01 12:04:41 🚫 Container terminated: 1aa13c3afa58
--- PASS: TestSnapshotsLandAndReplace (1.66s)
PASS
ok  	github.com/c360studio/semboids/internal/boidgraph	40.779s
=== RUN   TestTickSteadyStateAllocs
--- PASS: TestTickSteadyStateAllocs (0.17s)
=== RUN   TestTickBudgetHeadroom
    bench_test.go:55: tick at 500 boids: 1811396ns (budget 33ms)
--- PASS: TestTickBudgetHeadroom (2.16s)
=== RUN   TestAddBoidsAllocatesFreshMonotonicIDs
--- PASS: TestAddBoidsAllocatesFreshMonotonicIDs (0.00s)
=== RUN   TestNextIDNeverReused
--- PASS: TestNextIDNeverReused (0.00s)
=== RUN   TestRemoveBoidsPreservesSurvivors
--- PASS: TestRemoveBoidsPreservesSurvivors (0.00s)
=== RUN   TestPopulationChangeAppliesAcrossTick
--- PASS: TestPopulationChangeAppliesAcrossTick (0.00s)
=== RUN   TestSpawnPlacementDeterministic
--- PASS: TestSpawnPlacementDeterministic (0.00s)
=== RUN   TestSeparationRepels
--- PASS: TestSeparationRepels (0.00s)
=== RUN   TestCohesionAttracts
--- PASS: TestCohesionAttracts (0.00s)
=== RUN   TestAlignmentConvergesHeadings
--- PASS: TestAlignmentConvergesHeadings (0.00s)
=== RUN   TestClampsAlwaysHold
--- PASS: TestClampsAlwaysHold (0.01s)
=== RUN   TestDeterministicSeeding
--- PASS: TestDeterministicSeeding (0.02s)
=== RUN   TestDifferentSeedsDiverge
--- PASS: TestDifferentSeedsDiverge (0.00s)
=== RUN   TestPositionsStayInWorld
--- PASS: TestPositionsStayInWorld (0.02s)
=== RUN   TestInitialSpeedsWithinClamp
--- PASS: TestInitialSpeedsWithinClamp (0.00s)
=== RUN   TestExternalSteeringBendsTrajectory
--- PASS: TestExternalSteeringBendsTrajectory (0.00s)
=== RUN   TestExternalSteeringClampsHold
--- PASS: TestExternalSteeringClampsHold (0.00s)
=== RUN   TestDeterminismUnaffectedByEmptyExternal
--- PASS: TestDeterminismUnaffectedByEmptyExternal (0.02s)
=== RUN   TestExternalSteeringClearable
--- PASS: TestExternalSteeringClearable (0.00s)
=== RUN   TestGridNeighborsBasic
--- PASS: TestGridNeighborsBasic (0.00s)
=== RUN   TestGridNeighborsExcludesSelf
--- PASS: TestGridNeighborsExcludesSelf (0.00s)
=== RUN   TestGridNeighborsRadiusFilter
--- PASS: TestGridNeighborsRadiusFilter (0.00s)
=== RUN   TestGridNeighborsWrapAround
=== RUN   TestGridNeighborsWrapAround/left_sees_right
=== RUN   TestGridNeighborsWrapAround/right_sees_left
=== RUN   TestGridNeighborsWrapAround/top_sees_bottom
=== RUN   TestGridNeighborsWrapAround/corner_sees_opposite_corner
--- PASS: TestGridNeighborsWrapAround (0.00s)
    --- PASS: TestGridNeighborsWrapAround/left_sees_right (0.00s)
    --- PASS: TestGridNeighborsWrapAround/right_sees_left (0.00s)
    --- PASS: TestGridNeighborsWrapAround/top_sees_bottom (0.00s)
    --- PASS: TestGridNeighborsWrapAround/corner_sees_opposite_corner (0.00s)
=== RUN   TestGridReuseAcrossRebuilds
--- PASS: TestGridReuseAcrossRebuilds (0.00s)
=== RUN   TestSnapshotNeighbors
--- PASS: TestSnapshotNeighbors (0.00s)
=== RUN   TestSnapshotNeighborsDoesNotPerturbSim
--- PASS: TestSnapshotNeighborsDoesNotPerturbSim (0.01s)
=== RUN   TestVec2Ops
=== RUN   TestVec2Ops/add
=== RUN   TestVec2Ops/sub
=== RUN   TestVec2Ops/scale
=== RUN   TestVec2Ops/limit_under
=== RUN   TestVec2Ops/limit_over
=== RUN   TestVec2Ops/limit_zero_vec
--- PASS: TestVec2Ops (0.00s)
    --- PASS: TestVec2Ops/add (0.00s)
    --- PASS: TestVec2Ops/sub (0.00s)
    --- PASS: TestVec2Ops/scale (0.00s)
    --- PASS: TestVec2Ops/limit_under (0.00s)
    --- PASS: TestVec2Ops/limit_over (0.00s)
    --- PASS: TestVec2Ops/limit_zero_vec (0.00s)
=== RUN   TestVec2Len
--- PASS: TestVec2Len (0.00s)
=== RUN   TestTorusDelta
=== RUN   TestTorusDelta/direct
=== RUN   TestTorusDelta/wrap_x
=== RUN   TestTorusDelta/wrap_x_negative
=== RUN   TestTorusDelta/wrap_y
=== RUN   TestTorusDelta/wrap_both
--- PASS: TestTorusDelta (0.00s)
    --- PASS: TestTorusDelta/direct (0.00s)
    --- PASS: TestTorusDelta/wrap_x (0.00s)
    --- PASS: TestTorusDelta/wrap_x_negative (0.00s)
    --- PASS: TestTorusDelta/wrap_y (0.00s)
    --- PASS: TestTorusDelta/wrap_both (0.00s)
=== RUN   TestWrap
=== RUN   TestWrap/inside
=== RUN   TestWrap/over_x
=== RUN   TestWrap/under_x
=== RUN   TestWrap/over_y
=== RUN   TestWrap/under_y
--- PASS: TestWrap (0.00s)
    --- PASS: TestWrap/inside (0.00s)
    --- PASS: TestWrap/over_x (0.00s)
    --- PASS: TestWrap/under_x (0.00s)
    --- PASS: TestWrap/over_y (0.00s)
    --- PASS: TestWrap/under_y (0.00s)
PASS
ok  	github.com/c360studio/semboids/internal/flock	4.358s
=== RUN   TestComponentPublishesOneFramePerTick
--- PASS: TestComponentPublishesOneFramePerTick (0.02s)
=== RUN   TestComponentStopsCleanlyOnContextCancel
--- PASS: TestComponentStopsCleanlyOnContextCancel (0.11s)
=== RUN   TestComponentStopIsIdempotent
--- PASS: TestComponentStopIsIdempotent (0.00s)
=== RUN   TestComponentRejectsDoubleStart
--- PASS: TestComponentRejectsDoubleStart (0.00s)
=== RUN   TestComponentPublishesTransitionEvents
--- PASS: TestComponentPublishesTransitionEvents (0.16s)
=== RUN   TestComponentClearModifierKind
--- PASS: TestComponentClearModifierKind (0.00s)
=== RUN   TestComponentRejectsInvalidZones
--- PASS: TestComponentRejectsInvalidZones (0.00s)
=== RUN   TestComponentDefaults
--- PASS: TestComponentDefaults (0.00s)
=== RUN   TestPredatorCullReclaimsBoid
2026/10/01 12:04:03 github.com/testcontainers/testcontainers-go - Connected to docker: 
  Server Version: 29.8.0
  API Version: 1.51
  Operating System: Docker Desktop
  Total Memory: 23742 MB
  Labels:
    com.docker.desktop.address=unix:///Users/coby/Library/Containers/com.docker.docker/Data/docker-cli.sock
  Testcontainers for Go Version: v0.40.0
  Resolved Docker Host: unix:///var/run/docker.sock
  Resolved Docker Socket Path: /var/run/docker.sock
  Test SessionID: a886e494d244fe2b84d5a250b4c50fb723c1b9599f7d95853e2350ca2e72c688
  Test ProcessID: 7a2b9983-3cbe-4881-95ee-3fbebb1caeb3
2026/10/01 12:04:03 🐳 Creating container for image nats:2.14-alpine
2026/10/01 12:04:03 ⏳ Waiting for Reaper "04c70cd4" to be ready
2026/10/01 12:04:03 🔥 Reaper obtained from Docker for this test session 04c70cd4
2026/10/01 12:04:03 ✅ Container created: 8429067922b2
2026/10/01 12:04:03 🐳 Starting container: 8429067922b2
2026/10/01 12:04:03 ✅ Container started: 8429067922b2
2026/10/01 12:04:03 ⏳ Waiting for container id 8429067922b2 image: nats:2.14-alpine. Waiting for: log message "Server is ready"
2026/10/01 12:04:04 🔔 Container is ready: 8429067922b2
2026/10/01 12:04:04 INFO Connecting to NATS urls=nats://localhost:55087
2026/10/01 12:04:04 INFO Successfully connected to NATS urls=nats://localhost:55087
2026/10/01 12:04:04 INFO lifecycle: registered workflow workflow=flock.boid pattern=*.*.sim.flock.boid.* phase_count=3 operator_writable_predicates=0 child_workflows=0 reference_predicates=0
2026/10/01 12:04:04 INFO component initialized component=graph-ingest component=graph-ingest
2026/10/01 12:04:04 INFO Created new KV bucket bucket=ENTITY_STATES
2026/10/01 12:04:04 INFO Created new KV bucket bucket=ENTITY_SUFFIX_INDEX
2026/10/01 12:04:04 INFO Created new KV bucket bucket=GRAPH_INGEST_APPLIED_SEQ
2026/10/01 12:04:04 INFO Created new KV bucket bucket=GRAPH_STATUS
2026/10/01 12:04:04 INFO JetStream consumer acknowledgement policy applied component=graph-ingest port=entity_stream stream=ENTITY consumer=graph-ingest-entity-wildcard policy_source=server requested_max_ack_pending=0 effective_max_ack_pending=1000
2026/10/01 12:04:04 INFO query handlers registered component=graph-ingest subjects="[graph.ingest.query.entity graph.ingest.query.batch graph.ingest.query.prefix graph.ingest.query.suffix]"
2026/10/01 12:04:04 INFO mutation handlers registered component=graph-ingest subjects="[graph.mutation.entity.create graph.mutation.entity.reconcile graph.mutation.triple.append graph.mutation.entity.delete]"
2026/10/01 12:04:04 INFO component started component=graph-ingest component=graph-ingest start_time=2026-10-01T12:04:04.060Z
2026/10/01 12:04:04 WARN Invalid buffer window size, using default component=rule-processor default=10m0s error="time: invalid duration \"\""
2026/10/01 12:04:04 WARN Invalid alert cooldown period, using default component=rule-processor default=2m0s error="time: invalid duration \"\""
2026/10/01 12:04:04 INFO Loaded rule definitions from file component=rule-processor path=/var/folders/db/qk1n2zs935q9ld3p2sn98yzr0000gn/T/TestPredatorCullReclaimsBoid2925182018/001/predator-cull.json count=1
2026/10/01 12:04:04 INFO Loaded rule from definition component=rule-processor rule_id=predator-cull rule_type=expression rule_name="Predator cull fixture" on_enter_actions=1 on_exit_actions=0
2026/10/01 12:04:04 INFO Rule processor initialized component=rule-processor rule_count=1
2026/10/01 12:04:04 INFO Created RULE_STATE KV bucket for stateful rules component=rule-processor
2026/10/01 12:04:04 INFO ActionExecutor initialized with publishing and KV write support (graph integration disabled) component=rule-processor
2026/10/01 12:04:04 INFO State tracker initialized for stateful ECA rules component=rule-processor
2026/10/01 12:04:04 INFO Created RULE_SCHEDULES KV bucket for cron rule fire tracking component=rule-processor
2026/10/01 12:04:04 INFO Cron scheduler initialized component=rule-processor registered_rules=0
2026/10/01 12:04:04 INFO No rule entity patterns configured; holding no ENTITY_STATES watchers component=rule-processor
2026/10/01 12:04:04 INFO Rule processor subscribed (NATS) component=rule-processor subject=boids.zone.events
2026/10/01 12:04:04 INFO Cron scheduler started component=rule-processor registered_rules=0
2026/10/01 12:04:04 INFO Using existing KV bucket bucket=GRAPH_STATUS
2026/10/01 12:04:04 INFO Rule processor started component=rule-processor subject_count=1
    cull_integration_test.go:264: cull chain complete: physics 12→3 boids, ENTITY_STATES boid entities down to 4
2026/10/01 12:04:05 ERROR Failed to execute action component=rule-processor rule_id=predator-cull entity_id=c360.semboids.sim.flock.boid.9 related_id="" action_type=lifecycle_transition error="lifecycle_transition: workflow=\"flock.boid\" entity_id=\"c360.semboids.sim.flock.boid.9\" phase=\"culled\": lifecycle: exact read for \"c360.semboids.sim.flock.boid.9\": context canceled"
2026/10/01 12:04:05 WARN reclaim culled entity: ambiguous outcome, not retried entity=c360.semboids.sim.flock.boid.8 error="projection mutation delete failed (commit-unknown, unknown): graph mutation entity.delete transport failed (commit_unknown): context canceled"
2026/10/01 12:04:05 WARN Stateful evaluation failed component=rule-processor rule_name=predator-cull error="get rule state: context canceled"
2026/10/01 12:04:05 WARN Stateful evaluation failed component=rule-processor rule_name=predator-cull error="get rule state: context canceled"
2026/10/01 12:04:05 INFO Cron scheduler stopping component=rule-processor
2026/10/01 12:04:05 INFO Rule processor stopped component=rule-processor
2026/10/01 12:04:05 INFO component stopped gracefully component=graph-ingest component=graph-ingest
2026/10/01 12:04:05 🐳 Stopping container: 8429067922b2
2026/10/01 12:04:05 ✅ Container stopped: 8429067922b2
2026/10/01 12:04:05 🐳 Terminating container: 8429067922b2
2026/10/01 12:04:06 🚫 Container terminated: 8429067922b2
--- PASS: TestPredatorCullReclaimsBoid (2.27s)
=== RUN   TestCullRuleDisabledKeepsFlock
2026/10/01 12:04:06 🐳 Creating container for image nats:2.14-alpine
2026/10/01 12:04:06 ✅ Container created: 3f32e699da02
2026/10/01 12:04:06 🐳 Starting container: 3f32e699da02
2026/10/01 12:04:06 ✅ Container started: 3f32e699da02
2026/10/01 12:04:06 ⏳ Waiting for container id 3f32e699da02 image: nats:2.14-alpine. Waiting for: log message "Server is ready"
2026/10/01 12:04:06 🔔 Container is ready: 3f32e699da02
2026/10/01 12:04:06 INFO Connecting to NATS urls=nats://localhost:55089
2026/10/01 12:04:06 INFO Successfully connected to NATS urls=nats://localhost:55089
2026/10/01 12:04:06 INFO lifecycle: registered workflow workflow=flock.boid pattern=*.*.sim.flock.boid.* phase_count=3 operator_writable_predicates=0 child_workflows=0 reference_predicates=0
2026/10/01 12:04:06 INFO component initialized component=graph-ingest component=graph-ingest
2026/10/01 12:04:06 INFO Created new KV bucket bucket=ENTITY_STATES
2026/10/01 12:04:06 INFO Created new KV bucket bucket=ENTITY_SUFFIX_INDEX
2026/10/01 12:04:06 INFO Created new KV bucket bucket=GRAPH_INGEST_APPLIED_SEQ
2026/10/01 12:04:06 INFO Created new KV bucket bucket=GRAPH_STATUS
2026/10/01 12:04:06 INFO JetStream consumer acknowledgement policy applied component=graph-ingest port=entity_stream stream=ENTITY consumer=graph-ingest-entity-wildcard policy_source=server requested_max_ack_pending=0 effective_max_ack_pending=1000
2026/10/01 12:04:06 INFO query handlers registered component=graph-ingest subjects="[graph.ingest.query.entity graph.ingest.query.batch graph.ingest.query.prefix graph.ingest.query.suffix]"
2026/10/01 12:04:06 INFO mutation handlers registered component=graph-ingest subjects="[graph.mutation.entity.create graph.mutation.entity.reconcile graph.mutation.triple.append graph.mutation.entity.delete]"
2026/10/01 12:04:06 INFO component started component=graph-ingest component=graph-ingest start_time=2026-10-01T12:04:06.456Z
2026/10/01 12:04:06 WARN Invalid buffer window size, using default component=rule-processor default=10m0s error="time: invalid duration \"\""
2026/10/01 12:04:06 WARN Invalid alert cooldown period, using default component=rule-processor default=2m0s error="time: invalid duration \"\""
2026/10/01 12:04:06 INFO Loaded rule definitions from file component=rule-processor path=/var/folders/db/qk1n2zs935q9ld3p2sn98yzr0000gn/T/TestCullRuleDisabledKeepsFlock734381847/001/predator-cull.json count=1
2026/10/01 12:04:06 WARN No rules configured - processor will not trigger any actions. Configure rules via rules_files or inline_rules in config. component=rule-processor
2026/10/01 12:04:06 INFO Rule processor initialized component=rule-processor rule_count=0
2026/10/01 12:04:06 INFO Created RULE_STATE KV bucket for stateful rules component=rule-processor
2026/10/01 12:04:06 INFO ActionExecutor initialized with publishing and KV write support (graph integration disabled) component=rule-processor
2026/10/01 12:04:06 INFO State tracker initialized for stateful ECA rules component=rule-processor
2026/10/01 12:04:06 INFO Created RULE_SCHEDULES KV bucket for cron rule fire tracking component=rule-processor
2026/10/01 12:04:06 INFO Cron scheduler initialized component=rule-processor registered_rules=0
2026/10/01 12:04:06 INFO No rule entity patterns configured; holding no ENTITY_STATES watchers component=rule-processor
2026/10/01 12:04:06 INFO Rule processor subscribed (NATS) component=rule-processor subject=boids.zone.events
2026/10/01 12:04:06 INFO Cron scheduler started component=rule-processor registered_rules=0
2026/10/01 12:04:06 INFO Using existing KV bucket bucket=GRAPH_STATUS
2026/10/01 12:04:06 INFO Rule processor started component=rule-processor subject_count=1
2026/10/01 12:04:14 INFO Cron scheduler stopping component=rule-processor
2026/10/01 12:04:14 INFO Rule processor stopped component=rule-processor
2026/10/01 12:04:14 INFO component stopped gracefully component=graph-ingest component=graph-ingest
2026/10/01 12:04:14 🐳 Stopping container: 3f32e699da02
2026/10/01 12:04:14 ✅ Container stopped: 3f32e699da02
2026/10/01 12:04:14 🐳 Terminating container: 3f32e699da02
2026/10/01 12:04:14 🚫 Container terminated: 3f32e699da02
--- PASS: TestCullRuleDisabledKeepsFlock (8.72s)
=== RUN   TestDrainPoolBoundsConcurrency
--- PASS: TestDrainPoolBoundsConcurrency (0.00s)
=== RUN   TestDrainPoolSubmitBlocksWhenFull
--- PASS: TestDrainPoolSubmitBlocksWhenFull (0.05s)
=== RUN   TestDrainPoolWaitJoinsInFlight
--- PASS: TestDrainPoolWaitJoinsInFlight (0.00s)
=== RUN   TestDrainPoolCancelledCtxDropsWork
--- PASS: TestDrainPoolCancelledCtxDropsWork (0.00s)
=== RUN   TestDrainPoolClampsToSerial
--- PASS: TestDrainPoolClampsToSerial (0.05s)
=== RUN   TestFrameMarshalsCompactWireFormat
--- PASS: TestFrameMarshalsCompactWireFormat (0.00s)
=== RUN   TestFrameWithoutZonesOrMods
--- PASS: TestFrameWithoutZonesOrMods (0.00s)
=== RUN   TestFrameRoundTrips
--- PASS: TestFrameRoundTrips (0.00s)
=== RUN   TestFramesFlowThroughNATS
2026/10/01 12:04:14 🐳 Creating container for image nats:2.14-alpine
2026/10/01 12:04:14 ✅ Container created: 4aca92283690
2026/10/01 12:04:14 🐳 Starting container: 4aca92283690
2026/10/01 12:04:14 ✅ Container started: 4aca92283690
2026/10/01 12:04:14 ⏳ Waiting for container id 4aca92283690 image: nats:2.14-alpine. Waiting for: log message "Server is ready"
2026/10/01 12:04:15 🔔 Container is ready: 4aca92283690
2026/10/01 12:04:15 INFO Connecting to NATS urls=nats://localhost:55093
2026/10/01 12:04:15 INFO Successfully connected to NATS urls=nats://localhost:55093
2026/10/01 12:04:16 🐳 Stopping container: 4aca92283690
2026/10/01 12:04:16 ✅ Container stopped: 4aca92283690
2026/10/01 12:04:16 🐳 Terminating container: 4aca92283690
2026/10/01 12:04:16 🚫 Container terminated: 4aca92283690
--- PASS: TestFramesFlowThroughNATS (1.37s)
=== RUN   TestCreatePendingCreatesActivePerBoid
--- PASS: TestCreatePendingCreatesActivePerBoid (0.00s)
=== RUN   TestCreatePendingRunsConcurrently
--- PASS: TestCreatePendingRunsConcurrently (0.00s)
=== RUN   TestCulledBoidID
--- PASS: TestCulledBoidID (0.00s)
=== RUN   TestBoidIDFromKey
--- PASS: TestBoidIDFromKey (0.00s)
=== RUN   TestDeleteEntityFencedPairing
--- PASS: TestDeleteEntityFencedPairing (0.00s)
=== RUN   TestDeleteEntityRetryClassification
=== RUN   TestDeleteEntityRetryClassification/unavailable_read_retries
=== RUN   TestDeleteEntityRetryClassification/conflict_read_retries
=== RUN   TestDeleteEntityRetryClassification/ambiguous_read_is_not_retried
2026/10/01 12:04:16 WARN reclaim culled entity entity=c360.semboids.sim.flock.boid.9 attempts=1 error="projection mutation  failed (commit-unknown, ): commit-unknown"
=== RUN   TestDeleteEntityRetryClassification/invalid_read_is_not_retried
2026/10/01 12:04:16 WARN reclaim culled entity entity=c360.semboids.sim.flock.boid.9 attempts=1 error="projection mutation  failed (invalid, ): invalid"
=== RUN   TestDeleteEntityRetryClassification/unavailable_delete_retries
=== RUN   TestDeleteEntityRetryClassification/conflict_re-reads_then_succeeds
=== RUN   TestDeleteEntityRetryClassification/read_not-found_is_already_reclaimed
=== RUN   TestDeleteEntityRetryClassification/delete_not-found_is_already_reclaimed
=== RUN   TestDeleteEntityRetryClassification/ambiguous_is_not_retried
2026/10/01 12:04:16 WARN reclaim culled entity: ambiguous outcome, not retried entity=c360.semboids.sim.flock.boid.9 error="projection mutation  failed (commit-unknown, ): commit-unknown"
=== RUN   TestDeleteEntityRetryClassification/conflict_exhausts_bound
2026/10/01 12:04:16 WARN reclaim culled entity entity=c360.semboids.sim.flock.boid.9 attempts=5 error="projection mutation  failed (revision-conflict, ): revision-conflict"
=== RUN   TestDeleteEntityRetryClassification/invalid_is_not_retried
2026/10/01 12:04:16 WARN reclaim culled entity entity=c360.semboids.sim.flock.boid.9 attempts=1 error="projection mutation  failed (invalid, ): invalid"
--- PASS: TestDeleteEntityRetryClassification (0.00s)
    --- PASS: TestDeleteEntityRetryClassification/unavailable_read_retries (0.00s)
    --- PASS: TestDeleteEntityRetryClassification/conflict_read_retries (0.00s)
    --- PASS: TestDeleteEntityRetryClassification/ambiguous_read_is_not_retried (0.00s)
    --- PASS: TestDeleteEntityRetryClassification/invalid_read_is_not_retried (0.00s)
    --- PASS: TestDeleteEntityRetryClassification/unavailable_delete_retries (0.00s)
    --- PASS: TestDeleteEntityRetryClassification/conflict_re-reads_then_succeeds (0.00s)
    --- PASS: TestDeleteEntityRetryClassification/read_not-found_is_already_reclaimed (0.00s)
    --- PASS: TestDeleteEntityRetryClassification/delete_not-found_is_already_reclaimed (0.00s)
    --- PASS: TestDeleteEntityRetryClassification/ambiguous_is_not_retried (0.00s)
    --- PASS: TestDeleteEntityRetryClassification/conflict_exhausts_bound (0.00s)
    --- PASS: TestDeleteEntityRetryClassification/invalid_is_not_retried (0.00s)
=== RUN   TestCreateWithRetrySurvivesSeedRace
--- PASS: TestCreateWithRetrySurvivesSeedRace (0.30s)
=== RUN   TestCreateWithRetryExhaustsBound
--- PASS: TestCreateWithRetryExhaustsBound (1.50s)
=== RUN   TestCreateTreatsAlreadyManagedAsSuccess
--- PASS: TestCreateTreatsAlreadyManagedAsSuccess (0.00s)
=== RUN   TestComponentStoppedInstanceCannotRestart
--- PASS: TestComponentStoppedInstanceCannotRestart (0.01s)
=== RUN   TestComponentStopReportsIncompleteJoin
--- PASS: TestComponentStopReportsIncompleteJoin (0.01s)
=== RUN   TestComponentRejectsNilContexts
--- PASS: TestComponentRejectsNilContexts (0.00s)
=== RUN   TestPopulationStateStagesAndDrains
--- PASS: TestPopulationStateStagesAndDrains (0.00s)
=== RUN   TestPopulationStateConcurrentStaging
--- PASS: TestPopulationStateConcurrentStaging (0.00s)
=== RUN   TestRuleRoundTripAppliesModifiers
2026/10/01 12:04:18 🐳 Creating container for image nats:2.14-alpine
2026/10/01 12:04:18 ✅ Container created: a06c180c3050
2026/10/01 12:04:18 🐳 Starting container: a06c180c3050
2026/10/01 12:04:18 ✅ Container started: a06c180c3050
2026/10/01 12:04:18 ⏳ Waiting for container id a06c180c3050 image: nats:2.14-alpine. Waiting for: log message "Server is ready"
2026/10/01 12:04:18 🔔 Container is ready: a06c180c3050
2026/10/01 12:04:18 INFO Connecting to NATS urls=nats://localhost:55094
2026/10/01 12:04:18 INFO Successfully connected to NATS urls=nats://localhost:55094
2026/10/01 12:04:18 WARN Invalid buffer window size, using default component=rule-processor default=10m0s error="time: invalid duration \"\""
2026/10/01 12:04:18 WARN Invalid alert cooldown period, using default component=rule-processor default=2m0s error="time: invalid duration \"\""
2026/10/01 12:04:18 INFO Loaded rule definitions from file component=rule-processor path=/var/folders/db/qk1n2zs935q9ld3p2sn98yzr0000gn/T/TestRuleRoundTripAppliesModifiers157742754/001/predator.json count=1
2026/10/01 12:04:18 INFO Loaded rule from definition component=rule-processor rule_id=predator-flee rule_type=expression rule_name="Predator flee fixture" on_enter_actions=1 on_exit_actions=0
2026/10/01 12:04:18 INFO Rule processor initialized component=rule-processor rule_count=1
2026/10/01 12:04:18 INFO Created RULE_STATE KV bucket for stateful rules component=rule-processor
2026/10/01 12:04:18 INFO ActionExecutor initialized with publishing and KV write support (graph integration disabled) component=rule-processor
2026/10/01 12:04:18 INFO State tracker initialized for stateful ECA rules component=rule-processor
2026/10/01 12:04:18 INFO Created RULE_SCHEDULES KV bucket for cron rule fire tracking component=rule-processor
2026/10/01 12:04:18 INFO Cron scheduler initialized component=rule-processor registered_rules=0
2026/10/01 12:04:18 INFO No rule entity patterns configured; holding no ENTITY_STATES watchers component=rule-processor
2026/10/01 12:04:18 INFO Rule processor subscribed (NATS) component=rule-processor subject=boids.zone.events
2026/10/01 12:04:18 INFO Cron scheduler started component=rule-processor registered_rules=0
2026/10/01 12:04:18 INFO Created new KV bucket bucket=GRAPH_STATUS
2026/10/01 12:04:18 INFO Rule processor started component=rule-processor subject_count=1
    roundtrip_integration_test.go:178: round trip complete: 8/10 boids under flee modifier
2026/10/01 12:04:18 INFO Cron scheduler stopping component=rule-processor
2026/10/01 12:04:18 WARN Stateful evaluation failed component=rule-processor rule_name=predator-flee error="get rule state: context canceled"
2026/10/01 12:04:18 INFO Rule processor stopped component=rule-processor
2026/10/01 12:04:18 🐳 Stopping container: a06c180c3050
2026/10/01 12:04:18 ✅ Container stopped: a06c180c3050
2026/10/01 12:04:18 🐳 Terminating container: a06c180c3050
2026/10/01 12:04:18 🚫 Container terminated: a06c180c3050
--- PASS: TestRuleRoundTripAppliesModifiers (0.51s)
=== RUN   TestDisabledRuleProducesNoModifiers
2026/10/01 12:04:18 🐳 Creating container for image nats:2.14-alpine
2026/10/01 12:04:18 ✅ Container created: 8e6165a9a1a9
2026/10/01 12:04:18 🐳 Starting container: 8e6165a9a1a9
2026/10/01 12:04:18 ✅ Container started: 8e6165a9a1a9
2026/10/01 12:04:18 ⏳ Waiting for container id 8e6165a9a1a9 image: nats:2.14-alpine. Waiting for: log message "Server is ready"
2026/10/01 12:04:18 🔔 Container is ready: 8e6165a9a1a9
2026/10/01 12:04:18 INFO Connecting to NATS urls=nats://localhost:55096
2026/10/01 12:04:18 INFO Successfully connected to NATS urls=nats://localhost:55096
2026/10/01 12:04:18 WARN Invalid buffer window size, using default component=rule-processor default=10m0s error="time: invalid duration \"\""
2026/10/01 12:04:18 WARN Invalid alert cooldown period, using default component=rule-processor default=2m0s error="time: invalid duration \"\""
2026/10/01 12:04:18 INFO Loaded rule definitions from file component=rule-processor path=/var/folders/db/qk1n2zs935q9ld3p2sn98yzr0000gn/T/TestDisabledRuleProducesNoModifiers1493390531/001/predator.json count=1
2026/10/01 12:04:18 WARN No rules configured - processor will not trigger any actions. Configure rules via rules_files or inline_rules in config. component=rule-processor
2026/10/01 12:04:18 INFO Rule processor initialized component=rule-processor rule_count=0
2026/10/01 12:04:18 INFO Created RULE_STATE KV bucket for stateful rules component=rule-processor
2026/10/01 12:04:18 INFO ActionExecutor initialized with publishing and KV write support (graph integration disabled) component=rule-processor
2026/10/01 12:04:18 INFO State tracker initialized for stateful ECA rules component=rule-processor
2026/10/01 12:04:18 INFO Created RULE_SCHEDULES KV bucket for cron rule fire tracking component=rule-processor
2026/10/01 12:04:18 INFO Cron scheduler initialized component=rule-processor registered_rules=0
2026/10/01 12:04:18 INFO No rule entity patterns configured; holding no ENTITY_STATES watchers component=rule-processor
2026/10/01 12:04:18 INFO Rule processor subscribed (NATS) component=rule-processor subject=boids.zone.events
2026/10/01 12:04:18 INFO Cron scheduler started component=rule-processor registered_rules=0
2026/10/01 12:04:18 INFO Created new KV bucket bucket=GRAPH_STATUS
2026/10/01 12:04:18 INFO Rule processor started component=rule-processor subject_count=1
2026/10/01 12:04:23 INFO Cron scheduler stopping component=rule-processor
2026/10/01 12:04:23 INFO Rule processor stopped component=rule-processor
2026/10/01 12:04:23 🐳 Stopping container: 8e6165a9a1a9
2026/10/01 12:04:23 ✅ Container stopped: 8e6165a9a1a9
2026/10/01 12:04:23 🐳 Terminating container: 8e6165a9a1a9
2026/10/01 12:04:24 🚫 Container terminated: 8e6165a9a1a9
--- PASS: TestDisabledRuleProducesNoModifiers (5.50s)
=== RUN   TestSnapshotCadenceFollowsDial
2026/10/01 12:04:24 INFO Graph snapshot cadence set graph_hz=50
2026/10/01 12:04:24 INFO Graph snapshot cadence set graph_hz=0
--- PASS: TestSnapshotCadenceFollowsDial (0.30s)
=== RUN   TestSetGraphHzClampsAndRejects
2026/10/01 12:04:24 INFO Graph snapshot cadence set graph_hz=30
--- PASS: TestSetGraphHzClampsAndRejects (0.00s)
=== RUN   TestParseModifier
=== RUN   TestParseModifier/numeric_boid_id
=== RUN   TestParseModifier/string_boid_id_(substitution_renders_strings)
=== RUN   TestParseModifier/cancel
=== RUN   TestParseModifier/unknown_kind
=== RUN   TestParseModifier/missing_boid_id
--- PASS: TestParseModifier (0.00s)
    --- PASS: TestParseModifier/numeric_boid_id (0.00s)
    --- PASS: TestParseModifier/string_boid_id_(substitution_renders_strings) (0.00s)
    --- PASS: TestParseModifier/cancel (0.00s)
    --- PASS: TestParseModifier/unknown_kind (0.00s)
    --- PASS: TestParseModifier/missing_boid_id (0.00s)
=== RUN   TestParseModifierMalformedJSON
--- PASS: TestParseModifierMalformedJSON (0.00s)
=== RUN   TestSteeringTableLifecycle
--- PASS: TestSteeringTableLifecycle (0.00s)
=== RUN   TestSteeringCancelRemoves
--- PASS: TestSteeringCancelRemoves (0.00s)
=== RUN   TestSteeringClearKind
--- PASS: TestSteeringClearKind (0.00s)
=== RUN   TestExternalVectors
--- PASS: TestExternalVectors (0.00s)
=== RUN   TestTrackerEdgeDetection
--- PASS: TestTrackerEdgeDetection (0.00s)
=== RUN   TestTrackerMultipleZonesAndBoids
--- PASS: TestTrackerMultipleZonesAndBoids (0.00s)
=== RUN   TestTrackerLingeredFiresPastGracePredatorOnly
--- PASS: TestTrackerLingeredFiresPastGracePredatorOnly (0.00s)
=== RUN   TestTrackerLingeredNotForFleeingBoid
--- PASS: TestTrackerLingeredNotForFleeingBoid (0.00s)
=== RUN   TestTrackerForgetPrunes
--- PASS: TestTrackerForgetPrunes (0.00s)
PASS
ok  	github.com/c360studio/semboids/internal/sim	23.489s
=== RUN   TestZonesLandInEntityStates
2026/10/01 12:04:03 github.com/testcontainers/testcontainers-go - Connected to docker: 
  Server Version: 29.8.0
  API Version: 1.51
  Operating System: Docker Desktop
  Total Memory: 23742 MB
  Labels:
    com.docker.desktop.address=unix:///Users/coby/Library/Containers/com.docker.docker/Data/docker-cli.sock
  Testcontainers for Go Version: v0.40.0
  Resolved Docker Host: unix:///var/run/docker.sock
  Resolved Docker Socket Path: /var/run/docker.sock
  Test SessionID: a886e494d244fe2b84d5a250b4c50fb723c1b9599f7d95853e2350ca2e72c688
  Test ProcessID: 15bcb56c-d62b-4fbc-a8af-ef58edfc3729
2026/10/01 12:04:03 🐳 Creating container for image nats:2.14-alpine
2026/10/01 12:04:03 ⏳ Waiting for Reaper "04c70cd4" to be ready
2026/10/01 12:04:03 🔥 Reaper obtained from Docker for this test session 04c70cd4
2026/10/01 12:04:03 ✅ Container created: 3e9f975994df
2026/10/01 12:04:03 🐳 Starting container: 3e9f975994df
2026/10/01 12:04:03 ✅ Container started: 3e9f975994df
2026/10/01 12:04:03 ⏳ Waiting for container id 3e9f975994df image: nats:2.14-alpine. Waiting for: log message "Server is ready"
2026/10/01 12:04:03 🔔 Container is ready: 3e9f975994df
2026/10/01 12:04:03 INFO Connecting to NATS urls=nats://localhost:55086
2026/10/01 12:04:03 INFO Successfully connected to NATS urls=nats://localhost:55086
2026/10/01 12:04:03 INFO component initialized component=graph-ingest component=graph-ingest
2026/10/01 12:04:03 INFO Created new KV bucket bucket=ENTITY_STATES
2026/10/01 12:04:03 INFO Created new KV bucket bucket=ENTITY_SUFFIX_INDEX
2026/10/01 12:04:03 INFO Created new KV bucket bucket=GRAPH_INGEST_APPLIED_SEQ
2026/10/01 12:04:03 INFO Created new KV bucket bucket=GRAPH_STATUS
2026/10/01 12:04:03 INFO JetStream consumer acknowledgement policy applied component=graph-ingest port=entity_stream stream=ENTITY consumer=graph-ingest-entity-wildcard policy_source=server requested_max_ack_pending=0 effective_max_ack_pending=1000
2026/10/01 12:04:03 INFO query handlers registered component=graph-ingest subjects="[graph.ingest.query.entity graph.ingest.query.batch graph.ingest.query.prefix graph.ingest.query.suffix]"
2026/10/01 12:04:03 INFO mutation handlers registered component=graph-ingest subjects="[graph.mutation.entity.create graph.mutation.entity.reconcile graph.mutation.triple.append graph.mutation.entity.delete]"
2026/10/01 12:04:03 INFO component started component=graph-ingest component=graph-ingest start_time=2026-10-01T12:04:03.628Z
2026/10/01 12:04:03 INFO component stopped gracefully component=graph-ingest component=graph-ingest
2026/10/01 12:04:03 🐳 Stopping container: 3e9f975994df
2026/10/01 12:04:03 ✅ Container stopped: 3e9f975994df
2026/10/01 12:04:03 🐳 Terminating container: 3e9f975994df
2026/10/01 12:04:03 🚫 Container terminated: 3e9f975994df
--- PASS: TestZonesLandInEntityStates (0.75s)
=== RUN   TestIngestPublishesOneMessagePerZone
--- PASS: TestIngestPublishesOneMessagePerZone (0.00s)
=== RUN   TestIngestRejectsInvalidZones
--- PASS: TestIngestRejectsInvalidZones (0.00s)
=== RUN   TestEntityID6Part
--- PASS: TestEntityID6Part (0.00s)
=== RUN   TestEntityTriples
--- PASS: TestEntityTriples (0.00s)
=== RUN   TestWindEntityHasDirectionTriples
--- PASS: TestWindEntityHasDirectionTriples (0.00s)
=== RUN   TestPayloadSchemaAndValidate
--- PASS: TestPayloadSchemaAndValidate (0.00s)
=== RUN   TestRegisterPayloads
--- PASS: TestRegisterPayloads (0.00s)
=== RUN   TestRegisteredPayloadRoundTripAndFloor
=== RUN   TestRegisteredPayloadRoundTripAndFloor/UTC
=== RUN   TestRegisteredPayloadRoundTripAndFloor/UTC#01
=== RUN   TestRegisteredPayloadRoundTripAndFloor/fixture
--- PASS: TestRegisteredPayloadRoundTripAndFloor (0.00s)
    --- PASS: TestRegisteredPayloadRoundTripAndFloor/UTC (0.00s)
    --- PASS: TestRegisteredPayloadRoundTripAndFloor/UTC#01 (0.00s)
    --- PASS: TestRegisteredPayloadRoundTripAndFloor/fixture (0.00s)
=== RUN   TestValidateAcceptsValidSet
--- PASS: TestValidateAcceptsValidSet (0.00s)
=== RUN   TestValidateRejections
=== RUN   TestValidateRejections/unknown_type
=== RUN   TestValidateRejections/zero_radius
=== RUN   TestValidateRejections/negative_radius
=== RUN   TestValidateRejections/duplicate_ids
=== RUN   TestValidateRejections/empty_id
=== RUN   TestValidateRejections/wind_without_direction
--- PASS: TestValidateRejections (0.00s)
    --- PASS: TestValidateRejections/unknown_type (0.00s)
    --- PASS: TestValidateRejections/zero_radius (0.00s)
    --- PASS: TestValidateRejections/negative_radius (0.00s)
    --- PASS: TestValidateRejections/duplicate_ids (0.00s)
    --- PASS: TestValidateRejections/empty_id (0.00s)
    --- PASS: TestValidateRejections/wind_without_direction (0.00s)
=== RUN   TestContains
=== RUN   TestContains/center
=== RUN   TestContains/inside
=== RUN   TestContains/boundary
=== RUN   TestContains/outside
=== RUN   TestContains/diagonal_inside
=== RUN   TestContains/diagonal_outside
--- PASS: TestContains (0.00s)
    --- PASS: TestContains/center (0.00s)
    --- PASS: TestContains/inside (0.00s)
    --- PASS: TestContains/boundary (0.00s)
    --- PASS: TestContains/outside (0.00s)
    --- PASS: TestContains/diagonal_inside (0.00s)
    --- PASS: TestContains/diagonal_outside (0.00s)
PASS
ok  	github.com/c360studio/semboids/internal/zone	3.050s
