=== RUN   TestAuthoredConfigUsesDeclaredAuthority
--- PASS: TestAuthoredConfigUsesDeclaredAuthority (0.01s)
=== RUN   TestExtractPlatformUsesEffectiveIdentity
--- PASS: TestExtractPlatformUsesEffectiveIdentity (0.00s)
=== RUN   TestControlledStopKeepsStartContextLive
--- PASS: TestControlledStopKeepsStartContextLive (0.00s)
=== RUN   TestFailedStartStopsWithFreshContext
--- PASS: TestFailedStartStopsWithFreshContext (0.00s)
=== RUN   TestAbortStartContextUsesFreshStopContext
--- PASS: TestAbortStartContextUsesFreshStopContext (0.00s)
=== RUN   TestSignalDuringStartupAbortsAndJoinsBeforeCleanup
--- PASS: TestSignalDuringStartupAbortsAndJoinsBeforeCleanup (0.00s)
PASS
ok  	github.com/c360studio/semboids/cmd/semboids	1.363s
?   	github.com/c360studio/semboids/cmd/sweep	[no test files]
=== RUN   TestFactoryBindsControlsAfterServiceConstruction
2026/10/01 06:46:33 INFO Boids API handlers registered service=boids prefix=/boids/
--- PASS: TestFactoryBindsControlsAfterServiceConstruction (0.00s)
PASS
ok  	github.com/c360studio/semboids/componentregistry	1.326s
=== RUN   TestDecodeBoidEntity
=== PAUSE TestDecodeBoidEntity
=== RUN   TestDecodeCommunity
=== PAUSE TestDecodeCommunity
=== RUN   TestSharedFanOutIsFlatInClientCount
2026/10/01 06:46:35 github.com/testcontainers/testcontainers-go - Connected to docker: 
  Server Version: 29.8.0
  API Version: 1.51
  Operating System: Docker Desktop
  Total Memory: 23742 MB
  Labels:
    com.docker.desktop.address=unix:///Users/coby/Library/Containers/com.docker.docker/Data/docker-cli.sock
  Testcontainers for Go Version: v0.40.0
  Resolved Docker Host: unix:///var/run/docker.sock
  Resolved Docker Socket Path: /var/run/docker.sock
  Test SessionID: 735131b7c13e1c08ffb31ee4df06aa2f19817eb7d906aaafd10ac8c544cb5061
  Test ProcessID: 6d1689a3-0343-4d71-95cf-56c5b4ab669c
2026/10/01 06:46:35 🐳 Creating container for image nats:2.14-alpine
2026/10/01 06:46:35 🐳 Creating container for image testcontainers/ryuk:0.13.0
2026/10/01 06:46:35 ✅ Container created: c6cd1f6aa92f
2026/10/01 06:46:35 🐳 Starting container: c6cd1f6aa92f
2026/10/01 06:46:35 ✅ Container started: c6cd1f6aa92f
2026/10/01 06:46:35 ⏳ Waiting for container id c6cd1f6aa92f image: testcontainers/ryuk:0.13.0. Waiting for: port 8080/tcp to be listening
2026/10/01 06:46:35 Shell not found in container
2026/10/01 06:46:35 🔔 Container is ready: c6cd1f6aa92f
2026/10/01 06:46:35 ✅ Container created: c88e2fe2b399
2026/10/01 06:46:35 🐳 Starting container: c88e2fe2b399
2026/10/01 06:46:35 ✅ Container started: c88e2fe2b399
2026/10/01 06:46:35 ⏳ Waiting for container id c88e2fe2b399 image: nats:2.14-alpine. Waiting for: log message "Server is ready"
2026/10/01 06:46:35 🔔 Container is ready: c88e2fe2b399
2026/10/01 06:46:35 INFO Connecting to NATS urls=nats://localhost:55053
2026/10/01 06:46:35 INFO Successfully connected to NATS urls=nats://localhost:55053
2026/10/01 06:46:35 INFO Created new KV bucket bucket=ENTITY_STATES
2026/10/01 06:46:35 INFO graph view attached service=boids bucket=ENTITY_STATES
2026/10/01 06:46:35 INFO Boids API handlers registered service=boids prefix=/boids/
2026/10/01 06:46:35 INFO Graph stream client connected service=boids
2026/10/01 06:46:36 INFO Graph stream client connected service=boids
2026/10/01 06:46:36 INFO Graph stream client connected service=boids
2026/10/01 06:46:37 INFO Graph stream client connected service=boids
2026/10/01 06:46:37 INFO Graph stream client disconnected service=boids
2026/10/01 06:46:37 INFO Graph stream client disconnected service=boids
2026/10/01 06:46:37 INFO Graph stream client disconnected service=boids
2026/10/01 06:46:37 INFO Graph stream client disconnected service=boids
2026/10/01 06:46:37 INFO Graph stream client connected service=boids
2026/10/01 06:46:38 INFO Graph stream ended; view no longer current service=boids error="graphview: view stopped"
2026/10/01 06:46:38 🐳 Stopping container: c88e2fe2b399
2026/10/01 06:46:38 ✅ Container stopped: c88e2fe2b399
2026/10/01 06:46:38 🐳 Terminating container: c88e2fe2b399
2026/10/01 06:46:38 🚫 Container terminated: c88e2fe2b399
--- PASS: TestSharedFanOutIsFlatInClientCount (3.06s)
=== RUN   TestAttachDuringWritesConverges
2026/10/01 06:46:38 🐳 Creating container for image nats:2.14-alpine
2026/10/01 06:46:38 ✅ Container created: 4c8ac9540c45
2026/10/01 06:46:38 🐳 Starting container: 4c8ac9540c45
2026/10/01 06:46:38 ✅ Container started: 4c8ac9540c45
2026/10/01 06:46:38 ⏳ Waiting for container id 4c8ac9540c45 image: nats:2.14-alpine. Waiting for: log message "Server is ready"
2026/10/01 06:46:38 🔔 Container is ready: 4c8ac9540c45
2026/10/01 06:46:38 INFO Connecting to NATS urls=nats://localhost:55054
2026/10/01 06:46:38 INFO Successfully connected to NATS urls=nats://localhost:55054
2026/10/01 06:46:38 INFO Created new KV bucket bucket=ENTITY_STATES
2026/10/01 06:46:38 INFO graph view attached service=boids bucket=ENTITY_STATES
2026/10/01 06:46:38 INFO Boids API handlers registered service=boids prefix=/boids/
2026/10/01 06:46:38 INFO Graph stream client connected service=boids
2026/10/01 06:46:39 INFO Graph stream ended; view no longer current service=boids error="graphview: view stopped"
2026/10/01 06:46:39 🐳 Stopping container: 4c8ac9540c45
2026/10/01 06:46:39 ✅ Container stopped: 4c8ac9540c45
2026/10/01 06:46:39 🐳 Terminating container: 4c8ac9540c45
2026/10/01 06:46:39 🚫 Container terminated: 4c8ac9540c45
--- PASS: TestAttachDuringWritesConverges (0.96s)
=== RUN   TestSlowClientDoesNotStallPeers
2026/10/01 06:46:39 🐳 Creating container for image nats:2.14-alpine
2026/10/01 06:46:39 ✅ Container created: 7b8dd01f8c69
2026/10/01 06:46:39 🐳 Starting container: 7b8dd01f8c69
2026/10/01 06:46:39 ✅ Container started: 7b8dd01f8c69
2026/10/01 06:46:39 ⏳ Waiting for container id 7b8dd01f8c69 image: nats:2.14-alpine. Waiting for: log message "Server is ready"
2026/10/01 06:46:39 🔔 Container is ready: 7b8dd01f8c69
2026/10/01 06:46:39 INFO Connecting to NATS urls=nats://localhost:55055
2026/10/01 06:46:39 INFO Successfully connected to NATS urls=nats://localhost:55055
2026/10/01 06:46:39 INFO Created new KV bucket bucket=ENTITY_STATES
2026/10/01 06:46:39 INFO graph view attached service=boids bucket=ENTITY_STATES
2026/10/01 06:46:39 INFO Boids API handlers registered service=boids prefix=/boids/
2026/10/01 06:46:39 INFO Graph stream client connected service=boids
2026/10/01 06:46:39 INFO Graph stream client connected service=boids
2026/10/01 06:46:40 INFO Graph stream ended; view no longer current service=boids error="graphview: view stopped"
2026/10/01 06:46:40 INFO Graph stream ended; view no longer current service=boids error="graphview: view stopped"
2026/10/01 06:46:40 🐳 Stopping container: 7b8dd01f8c69
2026/10/01 06:46:40 ✅ Container stopped: 7b8dd01f8c69
2026/10/01 06:46:40 🐳 Terminating container: 7b8dd01f8c69
2026/10/01 06:46:40 🚫 Container terminated: 7b8dd01f8c69
--- PASS: TestSlowClientDoesNotStallPeers (0.85s)
=== RUN   TestWatcherLossEndsStreamFailClosed
2026/10/01 06:46:40 🐳 Creating container for image nats:2.14-alpine
2026/10/01 06:46:40 ✅ Container created: 3f7ec2503616
2026/10/01 06:46:40 🐳 Starting container: 3f7ec2503616
2026/10/01 06:46:40 ✅ Container started: 3f7ec2503616
2026/10/01 06:46:40 ⏳ Waiting for container id 3f7ec2503616 image: nats:2.14-alpine. Waiting for: log message "Server is ready"
2026/10/01 06:46:40 🔔 Container is ready: 3f7ec2503616
2026/10/01 06:46:40 INFO Connecting to NATS urls=nats://localhost:55056
2026/10/01 06:46:40 INFO Successfully connected to NATS urls=nats://localhost:55056
2026/10/01 06:46:40 INFO Created new KV bucket bucket=ENTITY_STATES
2026/10/01 06:46:40 INFO graph view attached service=boids bucket=ENTITY_STATES
2026/10/01 06:46:40 INFO Boids API handlers registered service=boids prefix=/boids/
2026/10/01 06:46:40 INFO Graph stream client connected service=boids
2026/10/01 06:47:00 ERROR NATS error error="nats: stream not found: recreating ordered consumer" subject=_INBOX.ccV9KicAn9uGn6dZb0j7yc
2026/10/01 06:47:00 INFO Graph stream ended; view no longer current service=boids error="graphview: watcher lost: graphview: watcher updates channel closed"
2026/10/01 06:47:00 🐳 Stopping container: 3f7ec2503616
2026/10/01 06:47:00 ✅ Container stopped: 3f7ec2503616
2026/10/01 06:47:00 🐳 Terminating container: 3f7ec2503616
2026/10/01 06:47:00 🚫 Container terminated: 3f7ec2503616
--- PASS: TestWatcherLossEndsStreamFailClosed (20.36s)
=== RUN   TestCommunityDataRemainsOptional
2026/10/01 06:47:00 🐳 Creating container for image nats:2.14-alpine
2026/10/01 06:47:00 ✅ Container created: e222b164aeac
2026/10/01 06:47:00 🐳 Starting container: e222b164aeac
2026/10/01 06:47:00 ✅ Container started: e222b164aeac
2026/10/01 06:47:00 ⏳ Waiting for container id e222b164aeac image: nats:2.14-alpine. Waiting for: log message "Server is ready"
2026/10/01 06:47:00 🔔 Container is ready: e222b164aeac
2026/10/01 06:47:00 INFO Connecting to NATS urls=nats://localhost:55057
2026/10/01 06:47:00 INFO Successfully connected to NATS urls=nats://localhost:55057
2026/10/01 06:47:00 INFO Created new KV bucket bucket=ENTITY_STATES
2026/10/01 06:47:00 INFO graph view attached service=boids bucket=ENTITY_STATES
2026/10/01 06:47:01 INFO Boids API handlers registered service=boids prefix=/boids/
2026/10/01 06:47:01 INFO Graph stream client connected service=boids
2026/10/01 06:47:01 INFO Created new KV bucket bucket=COMMUNITY_INDEX
2026/10/01 06:47:05 INFO graph view attached service=boids bucket=COMMUNITY_INDEX
2026/10/01 06:47:06 INFO Graph stream ended; view no longer current service=boids error="graphview: view stopped"
2026/10/01 06:47:06 🐳 Stopping container: e222b164aeac
2026/10/01 06:47:06 ✅ Container stopped: e222b164aeac
2026/10/01 06:47:06 🐳 Terminating container: e222b164aeac
2026/10/01 06:47:06 🚫 Container terminated: e222b164aeac
--- PASS: TestCommunityDataRemainsOptional (5.46s)
=== RUN   TestGraphStreamOverKV
2026/10/01 06:47:06 🐳 Creating container for image nats:2.14-alpine
2026/10/01 06:47:06 ✅ Container created: c013032f1840
2026/10/01 06:47:06 🐳 Starting container: c013032f1840
2026/10/01 06:47:06 ✅ Container started: c013032f1840
2026/10/01 06:47:06 ⏳ Waiting for container id c013032f1840 image: nats:2.14-alpine. Waiting for: log message "Server is ready"
2026/10/01 06:47:06 🔔 Container is ready: c013032f1840
2026/10/01 06:47:06 INFO Connecting to NATS urls=nats://localhost:55058
2026/10/01 06:47:06 INFO Successfully connected to NATS urls=nats://localhost:55058
2026/10/01 06:47:06 INFO Created new KV bucket bucket=ENTITY_STATES
2026/10/01 06:47:06 INFO graph view attached service=boids bucket=ENTITY_STATES
2026/10/01 06:47:06 INFO Boids API handlers registered service=boids prefix=/boids/
2026/10/01 06:47:06 INFO Graph stream client connected service=boids
2026/10/01 06:47:07 INFO Graph stream client disconnected service=boids
2026/10/01 06:47:07 🐳 Stopping container: c013032f1840
2026/10/01 06:47:07 ✅ Container stopped: c013032f1840
2026/10/01 06:47:07 🐳 Terminating container: c013032f1840
2026/10/01 06:47:07 🚫 Container terminated: c013032f1840
--- PASS: TestGraphStreamOverKV (1.40s)
=== RUN   TestGraphViewsCancellationJoinsPendingOpens
--- PASS: TestGraphViewsCancellationJoinsPendingOpens (0.00s)
=== RUN   TestGraphViewsStopDeadlineDoesNotClaimJoin
--- PASS: TestGraphViewsStopDeadlineDoesNotClaimJoin (0.00s)
=== RUN   TestGraphViewsNilStopDoesNotCancel
--- PASS: TestGraphViewsNilStopDoesNotCancel (0.00s)
=== RUN   TestGraphViewsStopBoundsNativeWatcherJoin
--- PASS: TestGraphViewsStopBoundsNativeWatcherJoin (0.00s)
=== RUN   TestServiceStopCancelsBaseEvenWhenViewsCannotJoin
--- PASS: TestServiceStopCancelsBaseEvenWhenViewsCannotJoin (0.00s)
=== RUN   TestBridgeCoalescesLatestWins
--- PASS: TestBridgeCoalescesLatestWins (0.00s)
=== RUN   TestBridgeSeedFromSnapshotIsTheInitialSync
--- PASS: TestBridgeSeedFromSnapshotIsTheInitialSync (0.00s)
=== RUN   TestBridgeCommunityInversion
--- PASS: TestBridgeCommunityInversion (0.00s)
=== RUN   TestBridgeEntityRemoval
--- PASS: TestBridgeEntityRemoval (0.00s)
=== RUN   TestBridgePoisonKeepsLastKnownGood
--- PASS: TestBridgePoisonKeepsLastKnownGood (0.00s)
=== RUN   TestGetRulesDerivesFromRuleConfig
2026/10/01 06:47:07 INFO Boids API handlers registered service=boids prefix=/boids/
--- PASS: TestGetRulesDerivesFromRuleConfig (0.00s)
=== RUN   TestToggleFlipsRulePairAndClears
2026/10/01 06:47:07 INFO Boids API handlers registered service=boids prefix=/boids/
2026/10/01 06:47:07 INFO Zone rules toggled service=boids kind=flee rules="[predator-flee predator-clear]" enabled=false
2026/10/01 06:47:07 INFO Zone rules toggled service=boids kind=flee rules="[predator-flee predator-clear]" enabled=true
--- PASS: TestToggleFlipsRulePairAndClears (0.00s)
=== RUN   TestToggleRejections
2026/10/01 06:47:07 INFO Boids API handlers registered service=boids prefix=/boids/
=== RUN   TestToggleRejections/unknown_kind
=== RUN   TestToggleRejections/bad_body
=== RUN   TestToggleRejections/wrong_method_on_toggle
=== RUN   TestToggleRejections/wrong_method_on_list
--- PASS: TestToggleRejections (0.00s)
    --- PASS: TestToggleRejections/unknown_kind (0.00s)
    --- PASS: TestToggleRejections/bad_body (0.00s)
    --- PASS: TestToggleRejections/wrong_method_on_toggle (0.00s)
    --- PASS: TestToggleRejections/wrong_method_on_list (0.00s)
=== RUN   TestUnavailableWithoutRuleProcessor
2026/10/01 06:47:07 INFO Boids API handlers registered service=boids prefix=/boids/
--- PASS: TestUnavailableWithoutRuleProcessor (0.00s)
=== RUN   TestGraphDialRoundTrip
2026/10/01 06:47:07 INFO Boids API handlers registered service=boids prefix=/boids/
2026/10/01 06:47:07 INFO Graph dial set service=boids hz=10
--- PASS: TestGraphDialRoundTrip (0.00s)
=== RUN   TestToggleWorksWithoutSim
2026/10/01 06:47:07 INFO Boids API handlers registered service=boids prefix=/boids/
2026/10/01 06:47:07 INFO Zone rules toggled service=boids kind=wind rules="[wind-bias wind-clear]" enabled=false
--- PASS: TestToggleWorksWithoutSim (0.00s)
=== RUN   TestCullToggleSkipsModifierClear
2026/10/01 06:47:07 INFO Boids API handlers registered service=boids prefix=/boids/
2026/10/01 06:47:07 INFO Zone rules toggled service=boids kind=cull rules=[predator-cull] enabled=true
2026/10/01 06:47:07 INFO Zone rules toggled service=boids kind=cull rules=[predator-cull] enabled=false
--- PASS: TestCullToggleSkipsModifierClear (0.00s)
=== RUN   TestPopulationEndpoints
2026/10/01 06:47:07 INFO Boids API handlers registered service=boids prefix=/boids/
2026/10/01 06:47:07 INFO Spawn wave requested service=boids n=25
2026/10/01 06:47:07 INFO Churn dial set service=boids hz=4
--- PASS: TestPopulationEndpoints (0.00s)
=== CONT  TestDecodeCommunity
=== RUN   TestDecodeCommunity/level-0_entry_keeps_its_members
=== CONT  TestDecodeBoidEntity
=== RUN   TestDecodeBoidEntity/boid_key_decodes_position_and_neighbors
=== PAUSE TestDecodeCommunity/level-0_entry_keeps_its_members
=== PAUSE TestDecodeBoidEntity/boid_key_decodes_position_and_neighbors
=== RUN   TestDecodeBoidEntity/neighbor_count_resets_the_set_so_a_shrinking_flock_does_not_accumulate
=== RUN   TestDecodeCommunity/non_level-0_key_maps_to_absence
=== PAUSE TestDecodeBoidEntity/neighbor_count_resets_the_set_so_a_shrinking_flock_does_not_accumulate
=== PAUSE TestDecodeCommunity/non_level-0_key_maps_to_absence
=== RUN   TestDecodeBoidEntity/duplicate_predicates_resolve_last-write-wins
=== PAUSE TestDecodeBoidEntity/duplicate_predicates_resolve_last-write-wins
=== RUN   TestDecodeCommunity/level_field_is_authoritative_even_when_the_key_prefix_says_otherwise
=== RUN   TestDecodeBoidEntity/non-boid_key_maps_to_absence
=== PAUSE TestDecodeCommunity/level_field_is_authoritative_even_when_the_key_prefix_says_otherwise
=== PAUSE TestDecodeBoidEntity/non-boid_key_maps_to_absence
=== RUN   TestDecodeCommunity/malformed_value_poisons_the_key_rather_than_skipping_silently
=== PAUSE TestDecodeCommunity/malformed_value_poisons_the_key_rather_than_skipping_silently
=== RUN   TestDecodeBoidEntity/malformed_value_poisons_the_key_rather_than_skipping_silently
=== PAUSE TestDecodeBoidEntity/malformed_value_poisons_the_key_rather_than_skipping_silently
=== CONT  TestDecodeCommunity/malformed_value_poisons_the_key_rather_than_skipping_silently
=== RUN   TestDecodeBoidEntity/non-canonical_predicate_is_rejected_by_the_contract
=== PAUSE TestDecodeBoidEntity/non-canonical_predicate_is_rejected_by_the_contract
=== CONT  TestDecodeCommunity/level-0_entry_keeps_its_members
=== CONT  TestDecodeBoidEntity/boid_key_decodes_position_and_neighbors
=== CONT  TestDecodeCommunity/level_field_is_authoritative_even_when_the_key_prefix_says_otherwise
=== CONT  TestDecodeCommunity/non_level-0_key_maps_to_absence
=== CONT  TestDecodeBoidEntity/malformed_value_poisons_the_key_rather_than_skipping_silently
=== CONT  TestDecodeBoidEntity/non-boid_key_maps_to_absence
=== CONT  TestDecodeBoidEntity/duplicate_predicates_resolve_last-write-wins
=== CONT  TestDecodeBoidEntity/neighbor_count_resets_the_set_so_a_shrinking_flock_does_not_accumulate
--- PASS: TestDecodeCommunity (0.00s)
    --- PASS: TestDecodeCommunity/malformed_value_poisons_the_key_rather_than_skipping_silently (0.00s)
    --- PASS: TestDecodeCommunity/level-0_entry_keeps_its_members (0.00s)
    --- PASS: TestDecodeCommunity/level_field_is_authoritative_even_when_the_key_prefix_says_otherwise (0.00s)
    --- PASS: TestDecodeCommunity/non_level-0_key_maps_to_absence (0.00s)
=== CONT  TestDecodeBoidEntity/non-canonical_predicate_is_rejected_by_the_contract
--- PASS: TestDecodeBoidEntity (0.00s)
    --- PASS: TestDecodeBoidEntity/boid_key_decodes_position_and_neighbors (0.00s)
    --- PASS: TestDecodeBoidEntity/non-boid_key_maps_to_absence (0.00s)
    --- PASS: TestDecodeBoidEntity/malformed_value_poisons_the_key_rather_than_skipping_silently (0.00s)
    --- PASS: TestDecodeBoidEntity/neighbor_count_resets_the_set_so_a_shrinking_flock_does_not_accumulate (0.00s)
    --- PASS: TestDecodeBoidEntity/duplicate_predicates_resolve_last-write-wins (0.00s)
    --- PASS: TestDecodeBoidEntity/non-canonical_predicate_is_rejected_by_the_contract (0.00s)
PASS
ok  	github.com/c360studio/semboids/internal/api	33.461s
=== RUN   TestBoidWorkflowRegisters
2026/10/01 06:47:09 INFO lifecycle: registered workflow workflow=flock.boid pattern=*.*.sim.flock.boid.* phase_count=3 operator_writable_predicates=0 child_workflows=0 reference_predicates=0
--- PASS: TestBoidWorkflowRegisters (0.00s)
=== RUN   TestBoidLifecycleParticipant
--- PASS: TestBoidLifecycleParticipant (0.00s)
=== RUN   TestBoidTransitionsValid
--- PASS: TestBoidTransitionsValid (0.00s)
=== RUN   TestBoidEntityID6Part
--- PASS: TestBoidEntityID6Part (0.00s)
=== RUN   TestBoidTriples
--- PASS: TestBoidTriples (0.00s)
=== RUN   TestNeighborCountAlwaysPresent
--- PASS: TestNeighborCountAlwaysPresent (0.00s)
=== RUN   TestBoidPayloadSchemaAndRegistry
--- PASS: TestBoidPayloadSchemaAndRegistry (0.00s)
=== RUN   TestRegisteredPayloadRoundTripAndFloor
--- PASS: TestRegisteredPayloadRoundTripAndFloor (0.00s)
=== RUN   TestProbeRecordsLatency
--- PASS: TestProbeRecordsLatency (0.00s)
=== RUN   TestProbeSampling
--- PASS: TestProbeSampling (0.00s)
=== RUN   TestProbeSkipsNonBoidAndMalformed
--- PASS: TestProbeSkipsNonBoidAndMalformed (0.00s)
=== RUN   TestParseObservedAtNewest
--- PASS: TestParseObservedAtNewest (0.00s)
=== RUN   TestPublisherPublishesEachBoid
--- PASS: TestPublisherPublishesEachBoid (0.01s)
=== RUN   TestPublisherDropsWhenStalled
--- PASS: TestPublisherDropsWhenStalled (0.00s)
=== RUN   TestPublisherClearsEmptiedNeighborSets
--- PASS: TestPublisherClearsEmptiedNeighborSets (0.02s)
=== RUN   TestClearNeighborsRetryClassification
=== RUN   TestClearNeighborsRetryClassification/conflict_then_success
=== RUN   TestClearNeighborsRetryClassification/unavailable_then_success
=== RUN   TestClearNeighborsRetryClassification/conflict_exhausts_bound
2026/10/01 06:47:09 WARN clear emptied neighbor set boid=7 attempts=3 error="projection mutation  failed (revision-conflict, ): revision-conflict"
=== RUN   TestClearNeighborsRetryClassification/not_found_is_already_clear
=== RUN   TestClearNeighborsRetryClassification/ambiguous_is_not_retried
2026/10/01 06:47:09 WARN clear emptied neighbor set: ambiguous outcome, not retried boid=7 error="projection mutation  failed (commit-unknown, ): commit-unknown"
=== RUN   TestClearNeighborsRetryClassification/invalid_is_not_retried
2026/10/01 06:47:09 WARN clear emptied neighbor set boid=7 attempts=1 error="projection mutation  failed (invalid, ): invalid"
--- PASS: TestClearNeighborsRetryClassification (0.00s)
    --- PASS: TestClearNeighborsRetryClassification/conflict_then_success (0.00s)
    --- PASS: TestClearNeighborsRetryClassification/unavailable_then_success (0.00s)
    --- PASS: TestClearNeighborsRetryClassification/conflict_exhausts_bound (0.00s)
    --- PASS: TestClearNeighborsRetryClassification/not_found_is_already_clear (0.00s)
    --- PASS: TestClearNeighborsRetryClassification/ambiguous_is_not_retried (0.00s)
    --- PASS: TestClearNeighborsRetryClassification/invalid_is_not_retried (0.00s)
=== RUN   TestPublisherNoCrossSnapshotReorder
--- PASS: TestPublisherNoCrossSnapshotReorder (0.01s)
=== RUN   TestLPADistinguishesDisjointFlocks
2026/10/01 06:47:09 github.com/testcontainers/testcontainers-go - Connected to docker: 
  Server Version: 29.8.0
  API Version: 1.51
  Operating System: Docker Desktop
  Total Memory: 23742 MB
  Labels:
    com.docker.desktop.address=unix:///Users/coby/Library/Containers/com.docker.docker/Data/docker-cli.sock
  Testcontainers for Go Version: v0.40.0
  Resolved Docker Host: unix:///var/run/docker.sock
  Resolved Docker Socket Path: /var/run/docker.sock
  Test SessionID: 735131b7c13e1c08ffb31ee4df06aa2f19817eb7d906aaafd10ac8c544cb5061
  Test ProcessID: a5411e4e-1f1d-4e15-998a-314e1970b3e5
2026/10/01 06:47:09 🐳 Creating container for image nats:2.14-alpine
2026/10/01 06:47:09 ⏳ Waiting for Reaper "c6cd1f6a" to be ready
2026/10/01 06:47:09 🔥 Reaper obtained from Docker for this test session c6cd1f6a
2026/10/01 06:47:09 ✅ Container created: 1f568294f7cf
2026/10/01 06:47:09 🐳 Starting container: 1f568294f7cf
2026/10/01 06:47:09 ✅ Container started: 1f568294f7cf
2026/10/01 06:47:09 ⏳ Waiting for container id 1f568294f7cf image: nats:2.14-alpine. Waiting for: log message "Server is ready"
2026/10/01 06:47:09 🔔 Container is ready: 1f568294f7cf
2026/10/01 06:47:09 INFO Connecting to NATS urls=nats://localhost:55059
2026/10/01 06:47:09 INFO Successfully connected to NATS urls=nats://localhost:55059
2026/10/01 06:47:09 INFO component initialized component=graph-ingest component=graph-ingest
2026/10/01 06:47:09 INFO Created new KV bucket bucket=ENTITY_STATES
2026/10/01 06:47:10 INFO Created new KV bucket bucket=ENTITY_SUFFIX_INDEX
2026/10/01 06:47:10 INFO Created new KV bucket bucket=GRAPH_INGEST_APPLIED_SEQ
2026/10/01 06:47:10 INFO Created new KV bucket bucket=GRAPH_STATUS
2026/10/01 06:47:10 INFO JetStream consumer acknowledgement policy applied component=graph-ingest port=entity_stream stream=ENTITY consumer=graph-ingest-entity-wildcard policy_source=server requested_max_ack_pending=0 effective_max_ack_pending=1000
2026/10/01 06:47:10 INFO query handlers registered component=graph-ingest subjects="[graph.ingest.query.entity graph.ingest.query.batch graph.ingest.query.prefix graph.ingest.query.suffix]"
2026/10/01 06:47:10 INFO mutation handlers registered component=graph-ingest subjects="[graph.mutation.entity.create graph.mutation.entity.reconcile graph.mutation.triple.append graph.mutation.entity.delete]"
2026/10/01 06:47:10 INFO component started component=graph-ingest component=graph-ingest start_time=2026-10-01T06:47:10.021-05:00
2026/10/01 06:47:10 INFO component initialized component=graph-index component=graph-index
2026/10/01 06:47:10 INFO Created new KV bucket bucket=OUTGOING_INDEX
2026/10/01 06:47:10 INFO Created new KV bucket bucket=INCOMING_INDEX
2026/10/01 06:47:10 INFO Created new KV bucket bucket=ALIAS_INDEX
2026/10/01 06:47:10 INFO Created new KV bucket bucket=PREDICATE_INDEX
2026/10/01 06:47:10 INFO Created new KV bucket bucket=NAME_INDEX
2026/10/01 06:47:10 INFO Using existing KV bucket bucket=GRAPH_STATUS
2026/10/01 06:47:10 INFO resource available component=graph-index resource=ENTITY_STATES attempt=1
2026/10/01 06:47:10 INFO query handlers registered component=graph-index subjects="[graph.index.query.outgoing graph.index.query.incoming graph.index.query.alias graph.index.query.predicate graph.index.query.predicateList graph.index.query.predicateStats graph.index.query.predicateCompound graph.index.query.byName]"
2026/10/01 06:47:10 INFO component started component=graph-index component=graph-index start_time=2026-10-01T06:47:10.044-05:00
2026/10/01 06:47:10 INFO entity watcher started component=graph-index bucket=ENTITY_STATES
2026/10/01 06:47:10 INFO component initialized component=graph-clustering component=graph-clustering
2026/10/01 06:47:10 INFO Created new KV bucket bucket=COMMUNITY_SUMMARIES
2026/10/01 06:47:10 INFO Created new KV bucket bucket=COMMUNITY_INDEX
2026/10/01 06:47:10 INFO resource available component=graph-clustering resource=ENTITY_STATES attempt=1
2026/10/01 06:47:10 INFO resource available component=graph-clustering resource=OUTGOING_INDEX attempt=1
2026/10/01 06:47:10 INFO resource available component=graph-clustering resource=INCOMING_INDEX attempt=1
2026/10/01 06:47:10 INFO query handlers registered component=graph-clustering subjects="[graph.clustering.query.community graph.clustering.query.members graph.clustering.query.entity graph.clustering.query.level]"
2026/10/01 06:47:10 INFO component started component=graph-clustering component=graph-clustering start_time=2026-10-01T06:47:10.064-05:00 detection_interval=2s enable_llm=false enable_anomaly_detection=false
2026/10/01 06:47:10 INFO detection loop started component=graph-clustering interval=2s
    clustering_spike_integration_test.go:263: spike confirmed: cluster A → c360.semboids.sim.flock.boid.1, cluster B → c360.semboids.sim.flock.boid.4
2026/10/01 06:47:13 INFO component stopped gracefully component=graph-clustering component=graph-clustering
2026/10/01 06:47:13 INFO component stopped gracefully component=graph-index component=graph-index
2026/10/01 06:47:13 INFO component stopped gracefully component=graph-ingest component=graph-ingest
2026/10/01 06:47:13 🐳 Stopping container: 1f568294f7cf
2026/10/01 06:47:13 ✅ Container stopped: 1f568294f7cf
2026/10/01 06:47:13 🐳 Terminating container: 1f568294f7cf
2026/10/01 06:47:13 🚫 Container terminated: 1f568294f7cf
--- PASS: TestLPADistinguishesDisjointFlocks (3.57s)
=== RUN   TestDebugDumpOutgoingIndex
2026/10/01 06:47:13 🐳 Creating container for image nats:2.14-alpine
2026/10/01 06:47:13 ✅ Container created: e87e2c2fff64
2026/10/01 06:47:13 🐳 Starting container: e87e2c2fff64
2026/10/01 06:47:13 ✅ Container started: e87e2c2fff64
2026/10/01 06:47:13 ⏳ Waiting for container id e87e2c2fff64 image: nats:2.14-alpine. Waiting for: log message "Server is ready"
2026/10/01 06:47:13 🔔 Container is ready: e87e2c2fff64
2026/10/01 06:47:13 INFO Connecting to NATS urls=nats://localhost:55060
2026/10/01 06:47:13 INFO Successfully connected to NATS urls=nats://localhost:55060
2026/10/01 06:47:13 INFO component initialized component=graph-ingest component=graph-ingest
2026/10/01 06:47:13 INFO Created new KV bucket bucket=ENTITY_STATES
2026/10/01 06:47:13 INFO Created new KV bucket bucket=ENTITY_SUFFIX_INDEX
2026/10/01 06:47:13 INFO Created new KV bucket bucket=GRAPH_INGEST_APPLIED_SEQ
2026/10/01 06:47:13 INFO Created new KV bucket bucket=GRAPH_STATUS
2026/10/01 06:47:13 INFO JetStream consumer acknowledgement policy applied component=graph-ingest port=entity_stream stream=ENTITY consumer=graph-ingest-entity-wildcard policy_source=server requested_max_ack_pending=0 effective_max_ack_pending=1000
2026/10/01 06:47:13 INFO query handlers registered component=graph-ingest subjects="[graph.ingest.query.entity graph.ingest.query.batch graph.ingest.query.prefix graph.ingest.query.suffix]"
2026/10/01 06:47:13 INFO mutation handlers registered component=graph-ingest subjects="[graph.mutation.entity.create graph.mutation.entity.reconcile graph.mutation.triple.append graph.mutation.entity.delete]"
2026/10/01 06:47:13 INFO component started component=graph-ingest component=graph-ingest start_time=2026-10-01T06:47:13.566-05:00
2026/10/01 06:47:13 INFO component initialized component=graph-index component=graph-index
2026/10/01 06:47:13 INFO Created new KV bucket bucket=OUTGOING_INDEX
2026/10/01 06:47:13 INFO Created new KV bucket bucket=INCOMING_INDEX
2026/10/01 06:47:13 INFO Created new KV bucket bucket=ALIAS_INDEX
2026/10/01 06:47:13 INFO Created new KV bucket bucket=PREDICATE_INDEX
2026/10/01 06:47:13 INFO Created new KV bucket bucket=NAME_INDEX
2026/10/01 06:47:13 INFO Using existing KV bucket bucket=GRAPH_STATUS
2026/10/01 06:47:13 INFO resource available component=graph-index resource=ENTITY_STATES attempt=1
2026/10/01 06:47:13 INFO query handlers registered component=graph-index subjects="[graph.index.query.outgoing graph.index.query.incoming graph.index.query.alias graph.index.query.predicate graph.index.query.predicateList graph.index.query.predicateStats graph.index.query.predicateCompound graph.index.query.byName]"
2026/10/01 06:47:13 INFO component started component=graph-index component=graph-index start_time=2026-10-01T06:47:13.590-05:00
2026/10/01 06:47:13 INFO entity watcher started component=graph-index bucket=ENTITY_STATES
2026/10/01 06:47:13 INFO component initialized component=graph-clustering component=graph-clustering
2026/10/01 06:47:13 INFO Created new KV bucket bucket=COMMUNITY_SUMMARIES
2026/10/01 06:47:13 INFO Created new KV bucket bucket=COMMUNITY_INDEX
2026/10/01 06:47:13 INFO resource available component=graph-clustering resource=ENTITY_STATES attempt=1
2026/10/01 06:47:13 INFO resource available component=graph-clustering resource=OUTGOING_INDEX attempt=1
2026/10/01 06:47:13 INFO resource available component=graph-clustering resource=INCOMING_INDEX attempt=1
2026/10/01 06:47:13 INFO query handlers registered component=graph-clustering subjects="[graph.clustering.query.community graph.clustering.query.members graph.clustering.query.entity graph.clustering.query.level]"
2026/10/01 06:47:13 INFO component started component=graph-clustering component=graph-clustering start_time=2026-10-01T06:47:13.602-05:00 detection_interval=2s enable_llm=false enable_anomaly_detection=false
2026/10/01 06:47:13 INFO detection loop started component=graph-clustering interval=2s
2026/10/01 06:47:15 WARN community detection deferred component=graph-clustering reason=bootstrap_incomplete status_known=true status_age=2.002759334s state=building lag=0 staleness_ms=0
2026/10/01 06:47:19 INFO readiness gate cleared; resuming community detection component=graph-clustering status_known=true state=ready staleness_ms=0
    debug_index_integration_test.go:95: OUTGOING_INDEX keys (8):
    debug_index_integration_test.go:101:   c360.semboids.sim.flock.boid.0 = [{"to_entity_id":"c360.semboids.sim.flock.boid.1","predicate":"flock.neighbor.of"},{"to_entity_id":"c360.semboids.sim.flock.boid.2","predicate":"flock.neighbor.of"},{"to_entity_id":"c360.semboids.sim.flock.boid.3","predicate":"flock.neighbor.of"}]
    debug_index_integration_test.go:101:   c360.semboids.sim.flock.boid.1 = [{"to_entity_id":"c360.semboids.sim.flock.boid.0","predicate":"flock.neighbor.of"},{"to_entity_id":"c360.semboids.sim.flock.boid.2","predicate":"flock.neighbor.of"},{"to_entity_id":"c360.semboids.sim.flock.boid.3","predicate":"flock.neighbor.of"}]
    debug_index_integration_test.go:101:   c360.semboids.sim.flock.boid.2 = [{"to_entity_id":"c360.semboids.sim.flock.boid.0","predicate":"flock.neighbor.of"},{"to_entity_id":"c360.semboids.sim.flock.boid.1","predicate":"flock.neighbor.of"},{"to_entity_id":"c360.semboids.sim.flock.boid.3","predicate":"flock.neighbor.of"}]
    debug_index_integration_test.go:101:   c360.semboids.sim.flock.boid.3 = [{"to_entity_id":"c360.semboids.sim.flock.boid.0","predicate":"flock.neighbor.of"},{"to_entity_id":"c360.semboids.sim.flock.boid.1","predicate":"flock.neighbor.of"},{"to_entity_id":"c360.semboids.sim.flock.boid.2","predicate":"flock.neighbor.of"}]
    debug_index_integration_test.go:101:   c360.semboids.sim.flock.boid.4 = [{"to_entity_id":"c360.semboids.sim.flock.boid.5","predicate":"flock.neighbor.of"},{"to_entity_id":"c360.semboids.sim.flock.boid.6","predicate":"flock.neighbor.of"},{"to_entity_id":"c360.semboids.sim.flock.boid.7","predicate":"flock.neighbor.of"}]
    debug_index_integration_test.go:101:   c360.semboids.sim.flock.boid.5 = [{"to_entity_id":"c360.semboids.sim.flock.boid.4","predicate":"flock.neighbor.of"},{"to_entity_id":"c360.semboids.sim.flock.boid.6","predicate":"flock.neighbor.of"},{"to_entity_id":"c360.semboids.sim.flock.boid.7","predicate":"flock.neighbor.of"}]
    debug_index_integration_test.go:101:   c360.semboids.sim.flock.boid.6 = [{"to_entity_id":"c360.semboids.sim.flock.boid.4","predicate":"flock.neighbor.of"},{"to_entity_id":"c360.semboids.sim.flock.boid.5","predicate":"flock.neighbor.of"},{"to_entity_id":"c360.semboids.sim.flock.boid.7","predicate":"flock.neighbor.of"}]
    debug_index_integration_test.go:101:   c360.semboids.sim.flock.boid.7 = [{"to_entity_id":"c360.semboids.sim.flock.boid.4","predicate":"flock.neighbor.of"},{"to_entity_id":"c360.semboids.sim.flock.boid.5","predicate":"flock.neighbor.of"},{"to_entity_id":"c360.semboids.sim.flock.boid.6","predicate":"flock.neighbor.of"}]
    debug_index_integration_test.go:108: ENTITY_STATES keys (8): [c360.semboids.sim.flock.boid.0 c360.semboids.sim.flock.boid.1 c360.semboids.sim.flock.boid.2 c360.semboids.sim.flock.boid.3 c360.semboids.sim.flock.boid.4 c360.semboids.sim.flock.boid.5 c360.semboids.sim.flock.boid.6 c360.semboids.sim.flock.boid.7]
    debug_index_integration_test.go:111: ENTITY c360.semboids.sim.flock.boid.0 = {"id":"c360.semboids.sim.flock.boid.0","triples":[{"subject":"c360.semboids.sim.flock.boid.0","predicate":"flock.position.x","object":0,"source":"spike","timestamp":"2026-10-01T06:47:13.602117-05:00","confidence":1,"context":"spike-create-0"},{"subject":"c360.semboids.sim.flock.boid.0","predicate":"flock.neighbor.of","object":"c360.semboids.sim.flock.boid.1","source":"spike","timestamp":"2026-10-01T06:47:13.602117-05:00","confidence":1,"context":"spike-create-0"},{"subject":"c360.semboids.sim.flock.boid.0","predicate":"flock.neighbor.of","object":"c360.semboids.sim.flock.boid.2","source":"spike","timestamp":"2026-10-01T06:47:13.602117-05:00","confidence":1,"context":"spike-create-0"},{"subject":"c360.semboids.sim.flock.boid.0","predicate":"flock.neighbor.of","object":"c360.semboids.sim.flock.boid.3","source":"spike","timestamp":"2026-10-01T06:47:13.602117-05:00","confidence":1,"context":...
    debug_index_integration_test.go:111: ENTITY c360.semboids.sim.flock.boid.4 = {"id":"c360.semboids.sim.flock.boid.4","triples":[{"subject":"c360.semboids.sim.flock.boid.4","predicate":"flock.position.x","object":400,"source":"spike","timestamp":"2026-10-01T06:47:13.615702-05:00","confidence":1,"context":"spike-create-4"},{"subject":"c360.semboids.sim.flock.boid.4","predicate":"flock.neighbor.of","object":"c360.semboids.sim.flock.boid.5","source":"spike","timestamp":"2026-10-01T06:47:13.615702-05:00","confidence":1,"context":"spike-create-4"},{"subject":"c360.semboids.sim.flock.boid.4","predicate":"flock.neighbor.of","object":"c360.semboids.sim.flock.boid.6","source":"spike","timestamp":"2026-10-01T06:47:13.615702-05:00","confidence":1,"context":"spike-create-4"},{"subject":"c360.semboids.sim.flock.boid.4","predicate":"flock.neighbor.of","object":"c360.semboids.sim.flock.boid.7","source":"spike","timestamp":"2026-10-01T06:47:13.615702-05:00","confidence":1,"context...
    debug_index_integration_test.go:119: INCOMING_INDEX keys (24):
    debug_index_integration_test.go:122:   c360.semboids.sim.flock.boid.0.c360.semboids.sim.flock.boid.1.666c6f636b2e6e65696768626f722e6f66 = 
    debug_index_integration_test.go:122:   c360.semboids.sim.flock.boid.0.c360.semboids.sim.flock.boid.2.666c6f636b2e6e65696768626f722e6f66 = 
    debug_index_integration_test.go:122:   c360.semboids.sim.flock.boid.0.c360.semboids.sim.flock.boid.3.666c6f636b2e6e65696768626f722e6f66 = 
    debug_index_integration_test.go:122:   c360.semboids.sim.flock.boid.1.c360.semboids.sim.flock.boid.0.666c6f636b2e6e65696768626f722e6f66 = 
    debug_index_integration_test.go:122:   c360.semboids.sim.flock.boid.1.c360.semboids.sim.flock.boid.2.666c6f636b2e6e65696768626f722e6f66 = 
    debug_index_integration_test.go:122:   c360.semboids.sim.flock.boid.1.c360.semboids.sim.flock.boid.3.666c6f636b2e6e65696768626f722e6f66 = 
    debug_index_integration_test.go:122:   c360.semboids.sim.flock.boid.2.c360.semboids.sim.flock.boid.0.666c6f636b2e6e65696768626f722e6f66 = 
    debug_index_integration_test.go:122:   c360.semboids.sim.flock.boid.2.c360.semboids.sim.flock.boid.1.666c6f636b2e6e65696768626f722e6f66 = 
    debug_index_integration_test.go:122:   c360.semboids.sim.flock.boid.2.c360.semboids.sim.flock.boid.3.666c6f636b2e6e65696768626f722e6f66 = 
    debug_index_integration_test.go:122:   c360.semboids.sim.flock.boid.3.c360.semboids.sim.flock.boid.0.666c6f636b2e6e65696768626f722e6f66 = 
    debug_index_integration_test.go:122:   c360.semboids.sim.flock.boid.3.c360.semboids.sim.flock.boid.1.666c6f636b2e6e65696768626f722e6f66 = 
    debug_index_integration_test.go:122:   c360.semboids.sim.flock.boid.3.c360.semboids.sim.flock.boid.2.666c6f636b2e6e65696768626f722e6f66 = 
    debug_index_integration_test.go:122:   c360.semboids.sim.flock.boid.4.c360.semboids.sim.flock.boid.5.666c6f636b2e6e65696768626f722e6f66 = 
    debug_index_integration_test.go:122:   c360.semboids.sim.flock.boid.4.c360.semboids.sim.flock.boid.6.666c6f636b2e6e65696768626f722e6f66 = 
    debug_index_integration_test.go:122:   c360.semboids.sim.flock.boid.4.c360.semboids.sim.flock.boid.7.666c6f636b2e6e65696768626f722e6f66 = 
    debug_index_integration_test.go:122:   c360.semboids.sim.flock.boid.5.c360.semboids.sim.flock.boid.4.666c6f636b2e6e65696768626f722e6f66 = 
    debug_index_integration_test.go:122:   c360.semboids.sim.flock.boid.5.c360.semboids.sim.flock.boid.6.666c6f636b2e6e65696768626f722e6f66 = 
    debug_index_integration_test.go:122:   c360.semboids.sim.flock.boid.5.c360.semboids.sim.flock.boid.7.666c6f636b2e6e65696768626f722e6f66 = 
    debug_index_integration_test.go:122:   c360.semboids.sim.flock.boid.6.c360.semboids.sim.flock.boid.4.666c6f636b2e6e65696768626f722e6f66 = 
    debug_index_integration_test.go:122:   c360.semboids.sim.flock.boid.6.c360.semboids.sim.flock.boid.5.666c6f636b2e6e65696768626f722e6f66 = 
    debug_index_integration_test.go:122:   c360.semboids.sim.flock.boid.6.c360.semboids.sim.flock.boid.7.666c6f636b2e6e65696768626f722e6f66 = 
    debug_index_integration_test.go:122:   c360.semboids.sim.flock.boid.7.c360.semboids.sim.flock.boid.4.666c6f636b2e6e65696768626f722e6f66 = 
    debug_index_integration_test.go:122:   c360.semboids.sim.flock.boid.7.c360.semboids.sim.flock.boid.5.666c6f636b2e6e65696768626f722e6f66 = 
    debug_index_integration_test.go:122:   c360.semboids.sim.flock.boid.7.c360.semboids.sim.flock.boid.6.666c6f636b2e6e65696768626f722e6f66 = 
    debug_index_integration_test.go:136: COMMUNITY_INDEX keys (27):
    debug_index_integration_test.go:142:   0.c360.semboids.sim.flock.boid.4 = {"id":"c360.semboids.sim.flock.boid.4","level":0,"members":["c360.semboids.sim.flock.boid.0","c360.semboids.sim.flock.boid.1","c360.semboids.sim.flock.boid.2","c360.semboids.sim.flock.boid.3","c360.semboids.sim.flock.boid.4","c360.semboids.sim.flock.boid.5","c360.semboids.sim.flock.boid.6","c360.semboids.sim.flock.boid.7"],"statistical_summary":"Community of 8 entities including 8 boids. Key themes: boid, flock.position.x, entity.indexing.profile, control.","keywords":["boid","flock.position.x","entity.indexing.profile","control"],"rep_entities":["c360.semboids.sim.flock.boid.0","c360.semboids...
    debug_index_integration_test.go:142:   1.c360.semboids.sim.flock.boid.5 = {"id":"c360.semboids.sim.flock.boid.5","level":1,"members":["c360.semboids.sim.flock.boid.0","c360.semboids.sim.flock.boid.1","c360.semboids.sim.flock.boid.2","c360.semboids.sim.flock.boid.3","c360.semboids.sim.flock.boid.4","c360.semboids.sim.flock.boid.5","c360.semboids.sim.flock.boid.6","c360.semboids.sim.flock.boid.7"],"statistical_summary":"Community of 8 entities including 8 boids. Key themes: flock.position.x, entity.indexing.profile, control, boid.","keywords":["flock.position.x","entity.indexing.profile","control","boid"],"rep_entities":["c360.semboids.sim.flock.boid.0","c360.semboids...
    debug_index_integration_test.go:142:   2.c360.semboids.sim.flock.boid.4 = {"id":"c360.semboids.sim.flock.boid.4","level":2,"members":["c360.semboids.sim.flock.boid.0","c360.semboids.sim.flock.boid.1","c360.semboids.sim.flock.boid.2","c360.semboids.sim.flock.boid.3","c360.semboids.sim.flock.boid.4","c360.semboids.sim.flock.boid.5","c360.semboids.sim.flock.boid.6","c360.semboids.sim.flock.boid.7"],"statistical_summary":"Community of 8 entities including 8 boids. Key themes: control, boid, flock.position.x, entity.indexing.profile.","keywords":["control","boid","flock.position.x","entity.indexing.profile"],"rep_entities":["c360.semboids.sim.flock.boid.0","c360.semboids...
    debug_index_integration_test.go:142:   entity.0.c360.semboids.sim.flock.boid.0 = c360.semboids.sim.flock.boid.4
    debug_index_integration_test.go:142:   entity.0.c360.semboids.sim.flock.boid.1 = c360.semboids.sim.flock.boid.4
    debug_index_integration_test.go:142:   entity.0.c360.semboids.sim.flock.boid.2 = c360.semboids.sim.flock.boid.4
    debug_index_integration_test.go:142:   entity.0.c360.semboids.sim.flock.boid.3 = c360.semboids.sim.flock.boid.4
    debug_index_integration_test.go:142:   entity.0.c360.semboids.sim.flock.boid.4 = c360.semboids.sim.flock.boid.4
    debug_index_integration_test.go:142:   entity.0.c360.semboids.sim.flock.boid.5 = c360.semboids.sim.flock.boid.4
    debug_index_integration_test.go:142:   entity.0.c360.semboids.sim.flock.boid.6 = c360.semboids.sim.flock.boid.4
    debug_index_integration_test.go:142:   entity.0.c360.semboids.sim.flock.boid.7 = c360.semboids.sim.flock.boid.4
    debug_index_integration_test.go:142:   entity.1.c360.semboids.sim.flock.boid.0 = c360.semboids.sim.flock.boid.5
    debug_index_integration_test.go:142:   entity.1.c360.semboids.sim.flock.boid.1 = c360.semboids.sim.flock.boid.5
    debug_index_integration_test.go:142:   entity.1.c360.semboids.sim.flock.boid.2 = c360.semboids.sim.flock.boid.5
    debug_index_integration_test.go:142:   entity.1.c360.semboids.sim.flock.boid.3 = c360.semboids.sim.flock.boid.5
    debug_index_integration_test.go:142:   entity.1.c360.semboids.sim.flock.boid.4 = c360.semboids.sim.flock.boid.5
    debug_index_integration_test.go:142:   entity.1.c360.semboids.sim.flock.boid.5 = c360.semboids.sim.flock.boid.5
    debug_index_integration_test.go:142:   entity.1.c360.semboids.sim.flock.boid.6 = c360.semboids.sim.flock.boid.5
    debug_index_integration_test.go:142:   entity.1.c360.semboids.sim.flock.boid.7 = c360.semboids.sim.flock.boid.5
    debug_index_integration_test.go:142:   entity.2.c360.semboids.sim.flock.boid.0 = c360.semboids.sim.flock.boid.4
    debug_index_integration_test.go:142:   entity.2.c360.semboids.sim.flock.boid.1 = c360.semboids.sim.flock.boid.4
    debug_index_integration_test.go:142:   entity.2.c360.semboids.sim.flock.boid.2 = c360.semboids.sim.flock.boid.4
    debug_index_integration_test.go:142:   entity.2.c360.semboids.sim.flock.boid.3 = c360.semboids.sim.flock.boid.4
    debug_index_integration_test.go:142:   entity.2.c360.semboids.sim.flock.boid.4 = c360.semboids.sim.flock.boid.4
    debug_index_integration_test.go:142:   entity.2.c360.semboids.sim.flock.boid.5 = c360.semboids.sim.flock.boid.4
    debug_index_integration_test.go:142:   entity.2.c360.semboids.sim.flock.boid.6 = c360.semboids.sim.flock.boid.4
    debug_index_integration_test.go:142:   entity.2.c360.semboids.sim.flock.boid.7 = c360.semboids.sim.flock.boid.4
2026/10/01 06:47:21 WARN Failed to fetch entities for summarization component=graph-clustering community_id=c360.semboids.sim.flock.boid.4 error="kvEntityQuerier.GetEntities: get entity failed: context canceled"
2026/10/01 06:47:21 INFO component stopped gracefully component=graph-clustering component=graph-clustering
2026/10/01 06:47:21 INFO component stopped gracefully component=graph-index component=graph-index
2026/10/01 06:47:21 INFO component stopped gracefully component=graph-ingest component=graph-ingest
2026/10/01 06:47:21 🐳 Stopping container: e87e2c2fff64
2026/10/01 06:47:21 ✅ Container stopped: e87e2c2fff64
2026/10/01 06:47:21 🐳 Terminating container: e87e2c2fff64
2026/10/01 06:47:21 🚫 Container terminated: e87e2c2fff64
--- PASS: TestDebugDumpOutgoingIndex (8.55s)
=== RUN   TestLPALibraryOnDisjointCliques
    lpa_unit_test.go:165: level 0: 2 communities
    lpa_unit_test.go:167:   c360.semboids.sim.flock.boid.1 (level 0): [c360.semboids.sim.flock.boid.0 c360.semboids.sim.flock.boid.1 c360.semboids.sim.flock.boid.2 c360.semboids.sim.flock.boid.3]
    lpa_unit_test.go:167:   c360.semboids.sim.flock.boid.4 (level 0): [c360.semboids.sim.flock.boid.4 c360.semboids.sim.flock.boid.5 c360.semboids.sim.flock.boid.6 c360.semboids.sim.flock.boid.7]
--- PASS: TestLPALibraryOnDisjointCliques (0.00s)
=== RUN   TestSnapshotsPreserveLifecycleFactsAndRetractDeletedNeighbors
2026/10/01 06:47:21 🐳 Creating container for image nats:2.14-alpine
2026/10/01 06:47:21 ✅ Container created: 2598df4d105e
2026/10/01 06:47:21 🐳 Starting container: 2598df4d105e
2026/10/01 06:47:22 ✅ Container started: 2598df4d105e
2026/10/01 06:47:22 ⏳ Waiting for container id 2598df4d105e image: nats:2.14-alpine. Waiting for: log message "Server is ready"
2026/10/01 06:47:22 🔔 Container is ready: 2598df4d105e
2026/10/01 06:47:22 INFO Connecting to NATS urls=nats://localhost:55061
2026/10/01 06:47:22 INFO Successfully connected to NATS urls=nats://localhost:55061
2026/10/01 06:47:22 INFO component initialized component=graph-ingest component=graph-ingest
2026/10/01 06:47:22 INFO Created new KV bucket bucket=ENTITY_STATES
2026/10/01 06:47:22 INFO Created new KV bucket bucket=ENTITY_SUFFIX_INDEX
2026/10/01 06:47:22 INFO Created new KV bucket bucket=GRAPH_INGEST_APPLIED_SEQ
2026/10/01 06:47:22 INFO Created new KV bucket bucket=GRAPH_STATUS
2026/10/01 06:47:22 INFO JetStream consumer acknowledgement policy applied component=graph-ingest port=entity_stream stream=ENTITY consumer=graph-ingest-entity-wildcard policy_source=server requested_max_ack_pending=0 effective_max_ack_pending=1000
2026/10/01 06:47:22 INFO query handlers registered component=graph-ingest subjects="[graph.ingest.query.entity graph.ingest.query.batch graph.ingest.query.prefix graph.ingest.query.suffix]"
2026/10/01 06:47:22 INFO mutation handlers registered component=graph-ingest subjects="[graph.mutation.entity.create graph.mutation.entity.reconcile graph.mutation.triple.append graph.mutation.entity.delete]"
2026/10/01 06:47:22 INFO component started component=graph-ingest component=graph-ingest start_time=2026-10-01T06:47:22.078-05:00
2026/10/01 06:47:22 INFO component initialized component=graph-index component=graph-index
2026/10/01 06:47:22 INFO Created new KV bucket bucket=OUTGOING_INDEX
2026/10/01 06:47:22 INFO Created new KV bucket bucket=INCOMING_INDEX
2026/10/01 06:47:22 INFO Created new KV bucket bucket=ALIAS_INDEX
2026/10/01 06:47:22 INFO Created new KV bucket bucket=PREDICATE_INDEX
2026/10/01 06:47:22 INFO Created new KV bucket bucket=NAME_INDEX
2026/10/01 06:47:22 INFO Using existing KV bucket bucket=GRAPH_STATUS
2026/10/01 06:47:22 INFO resource available component=graph-index resource=ENTITY_STATES attempt=1
2026/10/01 06:47:22 INFO query handlers registered component=graph-index subjects="[graph.index.query.outgoing graph.index.query.incoming graph.index.query.alias graph.index.query.predicate graph.index.query.predicateList graph.index.query.predicateStats graph.index.query.predicateCompound graph.index.query.byName]"
2026/10/01 06:47:22 INFO component started component=graph-index component=graph-index start_time=2026-10-01T06:47:22.101-05:00
2026/10/01 06:47:22 INFO lifecycle: registered workflow workflow=flock.boid pattern=*.*.sim.flock.boid.* phase_count=3 operator_writable_predicates=0 child_workflows=0 reference_predicates=0
2026/10/01 06:47:22 INFO entity watcher started component=graph-index bucket=ENTITY_STATES
2026/10/01 06:47:22 WARN graph mutation rejected component=graph-ingest subject=graph.mutation.entity.reconcile reason=revision_mismatch error="revision mismatch: expected 11, current 13"
2026/10/01 06:47:22 WARN graph mutation revision mismatch component=graph-ingest operation=entity.reconcile entity_id=c360.semboids.sim.flock.boid.0 expected_revision=11
2026/10/01 06:47:22 INFO component stopped gracefully component=graph-index component=graph-index
2026/10/01 06:47:22 INFO component stopped gracefully component=graph-ingest component=graph-ingest
2026/10/01 06:47:22 🐳 Stopping container: 2598df4d105e
2026/10/01 06:47:22 ✅ Container stopped: 2598df4d105e
2026/10/01 06:47:22 🐳 Terminating container: 2598df4d105e
2026/10/01 06:47:22 🚫 Container terminated: 2598df4d105e
--- PASS: TestSnapshotsPreserveLifecycleFactsAndRetractDeletedNeighbors (0.57s)
=== RUN   TestNeighborEmptyGate
2026/10/01 06:47:22 🐳 Creating container for image nats:2.14-alpine
2026/10/01 06:47:22 ✅ Container created: bf7374540be9
2026/10/01 06:47:22 🐳 Starting container: bf7374540be9
2026/10/01 06:47:22 ✅ Container started: bf7374540be9
2026/10/01 06:47:22 ⏳ Waiting for container id bf7374540be9 image: nats:2.14-alpine. Waiting for: log message "Server is ready"
2026/10/01 06:47:22 🔔 Container is ready: bf7374540be9
2026/10/01 06:47:22 INFO Connecting to NATS urls=nats://localhost:55062
2026/10/01 06:47:22 INFO Successfully connected to NATS urls=nats://localhost:55062
2026/10/01 06:47:22 INFO component initialized component=graph-ingest component=graph-ingest
2026/10/01 06:47:22 INFO Created new KV bucket bucket=ENTITY_STATES
2026/10/01 06:47:22 INFO Created new KV bucket bucket=ENTITY_SUFFIX_INDEX
2026/10/01 06:47:22 INFO Created new KV bucket bucket=GRAPH_INGEST_APPLIED_SEQ
2026/10/01 06:47:22 INFO Created new KV bucket bucket=GRAPH_STATUS
2026/10/01 06:47:22 INFO JetStream consumer acknowledgement policy applied component=graph-ingest port=entity_stream stream=ENTITY consumer=graph-ingest-entity-wildcard policy_source=server requested_max_ack_pending=0 effective_max_ack_pending=1000
2026/10/01 06:47:22 INFO query handlers registered component=graph-ingest subjects="[graph.ingest.query.entity graph.ingest.query.batch graph.ingest.query.prefix graph.ingest.query.suffix]"
2026/10/01 06:47:22 INFO mutation handlers registered component=graph-ingest subjects="[graph.mutation.entity.create graph.mutation.entity.reconcile graph.mutation.triple.append graph.mutation.entity.delete]"
2026/10/01 06:47:22 INFO component started component=graph-ingest component=graph-ingest start_time=2026-10-01T06:47:22.773-05:00
2026/10/01 06:47:22 INFO component initialized component=graph-index component=graph-index
2026/10/01 06:47:22 INFO Created new KV bucket bucket=OUTGOING_INDEX
2026/10/01 06:47:22 INFO Created new KV bucket bucket=INCOMING_INDEX
2026/10/01 06:47:22 INFO Created new KV bucket bucket=ALIAS_INDEX
2026/10/01 06:47:22 INFO Created new KV bucket bucket=PREDICATE_INDEX
2026/10/01 06:47:22 INFO Created new KV bucket bucket=NAME_INDEX
2026/10/01 06:47:22 INFO Using existing KV bucket bucket=GRAPH_STATUS
2026/10/01 06:47:22 INFO resource available component=graph-index resource=ENTITY_STATES attempt=1
2026/10/01 06:47:22 INFO query handlers registered component=graph-index subjects="[graph.index.query.outgoing graph.index.query.incoming graph.index.query.alias graph.index.query.predicate graph.index.query.predicateList graph.index.query.predicateStats graph.index.query.predicateCompound graph.index.query.byName]"
2026/10/01 06:47:22 INFO component started component=graph-index component=graph-index start_time=2026-10-01T06:47:22.798-05:00
2026/10/01 06:47:22 INFO entity watcher started component=graph-index bucket=ENTITY_STATES
    neighbor_empty_verify_test.go:207: STEP 1 (neighbors {1,2,3}): version=1  ENTITY_STATES flock.neighbor.of=3  INCOMING rows for source=3
    neighbor_empty_verify_test.go:215: STEP 2 (empty via stream MergeEntity): version=2  ENTITY_STATES flock.neighbor.of=3  INCOMING rows for source=3
    neighbor_empty_verify_test.go:222: GATE RESULT: stream MergeEntity does NOT clear an emptied neighbor set (3 stale flock.neighbor.of remain in ENTITY_STATES) — the app-side removal is still load-bearing.
    neighbor_empty_verify_test.go:263: STEP 3 (entity.reconcile, empty desired): kv_revision=3  ENTITY_STATES flock.neighbor.of=0  INCOMING rows for source=-1
2026/10/01 06:47:29 INFO component stopped gracefully component=graph-index component=graph-index
2026/10/01 06:47:29 INFO component stopped gracefully component=graph-ingest component=graph-ingest
2026/10/01 06:47:29 🐳 Stopping container: bf7374540be9
2026/10/01 06:47:29 ✅ Container stopped: bf7374540be9
2026/10/01 06:47:29 🐳 Terminating container: bf7374540be9
2026/10/01 06:47:29 🚫 Container terminated: bf7374540be9
--- PASS: TestNeighborEmptyGate (7.35s)
=== RUN   TestE2ELatencyProbeTracksBacklog
2026/10/01 06:47:29 🐳 Creating container for image nats:2.14-alpine
2026/10/01 06:47:30 ✅ Container created: fd7823607d71
2026/10/01 06:47:30 🐳 Starting container: fd7823607d71
2026/10/01 06:47:30 ✅ Container started: fd7823607d71
2026/10/01 06:47:30 ⏳ Waiting for container id fd7823607d71 image: nats:2.14-alpine. Waiting for: log message "Server is ready"
2026/10/01 06:47:30 🔔 Container is ready: fd7823607d71
2026/10/01 06:47:30 INFO Connecting to NATS urls=nats://localhost:55063
2026/10/01 06:47:30 INFO Successfully connected to NATS urls=nats://localhost:55063
2026/10/01 06:47:30 INFO component initialized component=graph-ingest component=graph-ingest
2026/10/01 06:47:30 INFO Created new KV bucket bucket=ENTITY_STATES
2026/10/01 06:47:30 INFO Created new KV bucket bucket=ENTITY_SUFFIX_INDEX
2026/10/01 06:47:30 INFO Created new KV bucket bucket=GRAPH_INGEST_APPLIED_SEQ
2026/10/01 06:47:30 INFO Created new KV bucket bucket=GRAPH_STATUS
2026/10/01 06:47:30 INFO JetStream consumer acknowledgement policy applied component=graph-ingest port=entity_stream stream=ENTITY consumer=graph-ingest-entity-wildcard policy_source=server requested_max_ack_pending=0 effective_max_ack_pending=1000
2026/10/01 06:47:30 INFO query handlers registered component=graph-ingest subjects="[graph.ingest.query.entity graph.ingest.query.batch graph.ingest.query.prefix graph.ingest.query.suffix]"
2026/10/01 06:47:30 INFO mutation handlers registered component=graph-ingest subjects="[graph.mutation.entity.create graph.mutation.entity.reconcile graph.mutation.triple.append graph.mutation.entity.delete]"
2026/10/01 06:47:30 INFO component started component=graph-ingest component=graph-ingest start_time=2026-10-01T06:47:30.292-05:00
    probe_integration_test.go:151: baseline: 189 samples, mean e2e 0.0022s
2026/10/01 06:47:31 INFO Graph snapshot cadence set graph_hz=30
    probe_integration_test.go:164: flood: 9195 new samples, window mean e2e 5.3581s
2026/10/01 06:47:43 ERROR Failed to merge entity component=graph-ingest entity_id=c360.semboids.sim.flock.boid.237 error="Component.MergeEntity: CAS update failed: retry cancelled before attempt 1: context canceled"
2026/10/01 06:47:43 WARN graph-ingest: redelivery-guard durable stamp failed; redelivering component=graph-ingest entity_id=c360.semboids.sim.flock.boid.334 error="kv put c360.semboids.sim.flock.boid.334/ENTITY: context canceled"
2026/10/01 06:47:43 ERROR Failed to merge entity component=graph-ingest entity_id=c360.semboids.sim.flock.boid.242 error="Component.MergeEntity: context cancelled failed: context canceled"
2026/10/01 06:47:43 ERROR Failed to merge entity component=graph-ingest entity_id=c360.semboids.sim.flock.boid.348 error="Component.MergeEntity: CAS update failed: retry cancelled before attempt 1: context canceled"
2026/10/01 06:47:43 ERROR Failed to merge entity component=graph-ingest entity_id=c360.semboids.sim.flock.boid.398 error="Component.MergeEntity: CAS update failed: retry cancelled before attempt 1: context canceled"
2026/10/01 06:47:43 ERROR Failed to merge entity component=graph-ingest entity_id=c360.semboids.sim.flock.boid.255 error="Component.MergeEntity: context cancelled failed: context canceled"
2026/10/01 06:47:43 ERROR Failed to merge entity component=graph-ingest entity_id=c360.semboids.sim.flock.boid.353 error="Component.MergeEntity: context cancelled failed: context canceled"
2026/10/01 06:47:43 ERROR Failed to merge entity component=graph-ingest entity_id=c360.semboids.sim.flock.boid.0 error="Component.MergeEntity: context cancelled failed: context canceled"
2026/10/01 06:47:43 ERROR Failed to merge entity component=graph-ingest entity_id=c360.semboids.sim.flock.boid.260 error="Component.MergeEntity: context cancelled failed: context canceled"
2026/10/01 06:47:43 WARN graph-ingest: redelivery-guard durable stamp failed; redelivering component=graph-ingest entity_id=c360.semboids.sim.flock.boid.209 error="kv put c360.semboids.sim.flock.boid.209/ENTITY: context canceled"
2026/10/01 06:47:43 WARN graph-ingest: redelivery-guard durable stamp failed; redelivering component=graph-ingest entity_id=c360.semboids.sim.flock.boid.360 error="kv put c360.semboids.sim.flock.boid.360/ENTITY: context canceled"
2026/10/01 06:47:43 ERROR Failed to merge entity component=graph-ingest entity_id=c360.semboids.sim.flock.boid.268 error="Component.MergeEntity: context cancelled failed: context canceled"
2026/10/01 06:47:43 ERROR Failed to merge entity component=graph-ingest entity_id=c360.semboids.sim.flock.boid.194 error="Component.MergeEntity: CAS update failed: retry cancelled before attempt 1: context canceled"
2026/10/01 06:47:43 ERROR Failed to merge entity component=graph-ingest entity_id=c360.semboids.sim.flock.boid.236 error="Component.MergeEntity: CAS update failed: retry cancelled before attempt 1: context canceled"
2026/10/01 06:47:43 WARN publish snapshot batch tick=391 boids=400 error="PublishBatchToStream: context already cancelled: context canceled"
2026/10/01 06:47:43 WARN publish snapshot batch tick=394 boids=400 error="PublishBatchToStream: context already cancelled: context canceled"
2026/10/01 06:47:43 INFO component stopped gracefully component=graph-ingest component=graph-ingest
2026/10/01 06:47:43 🐳 Stopping container: fd7823607d71
2026/10/01 06:47:44 ✅ Container stopped: fd7823607d71
2026/10/01 06:47:44 🐳 Terminating container: fd7823607d71
2026/10/01 06:47:44 🚫 Container terminated: fd7823607d71
--- PASS: TestE2ELatencyProbeTracksBacklog (14.74s)
=== RUN   TestSnapshotsLandAndReplace
2026/10/01 06:47:44 🐳 Creating container for image nats:2.14-alpine
2026/10/01 06:47:44 ✅ Container created: 04784372eafa
2026/10/01 06:47:44 🐳 Starting container: 04784372eafa
2026/10/01 06:47:45 ✅ Container started: 04784372eafa
2026/10/01 06:47:45 ⏳ Waiting for container id 04784372eafa image: nats:2.14-alpine. Waiting for: log message "Server is ready"
2026/10/01 06:47:45 🔔 Container is ready: 04784372eafa
2026/10/01 06:47:45 INFO Connecting to NATS urls=nats://localhost:55064
2026/10/01 06:47:45 INFO Successfully connected to NATS urls=nats://localhost:55064
2026/10/01 06:47:45 INFO component initialized component=graph-ingest component=graph-ingest
2026/10/01 06:47:45 INFO Created new KV bucket bucket=ENTITY_STATES
2026/10/01 06:47:45 INFO Created new KV bucket bucket=ENTITY_SUFFIX_INDEX
2026/10/01 06:47:45 INFO Created new KV bucket bucket=GRAPH_INGEST_APPLIED_SEQ
2026/10/01 06:47:45 INFO Created new KV bucket bucket=GRAPH_STATUS
2026/10/01 06:47:45 INFO JetStream consumer acknowledgement policy applied component=graph-ingest port=entity_stream stream=ENTITY consumer=graph-ingest-entity-wildcard policy_source=server requested_max_ack_pending=0 effective_max_ack_pending=1000
2026/10/01 06:47:45 INFO query handlers registered component=graph-ingest subjects="[graph.ingest.query.entity graph.ingest.query.batch graph.ingest.query.prefix graph.ingest.query.suffix]"
2026/10/01 06:47:45 INFO mutation handlers registered component=graph-ingest subjects="[graph.mutation.entity.create graph.mutation.entity.reconcile graph.mutation.triple.append graph.mutation.entity.delete]"
2026/10/01 06:47:45 INFO component started component=graph-ingest component=graph-ingest start_time=2026-10-01T06:47:45.236-05:00
2026/10/01 06:47:46 INFO component stopped gracefully component=graph-ingest component=graph-ingest
2026/10/01 06:47:46 🐳 Stopping container: 04784372eafa
2026/10/01 06:47:46 ✅ Container stopped: 04784372eafa
2026/10/01 06:47:46 🐳 Terminating container: 04784372eafa
2026/10/01 06:47:46 🚫 Container terminated: 04784372eafa
--- PASS: TestSnapshotsLandAndReplace (2.03s)
PASS
ok  	github.com/c360studio/semboids/internal/boidgraph	38.263s
=== RUN   TestTickSteadyStateAllocs
--- PASS: TestTickSteadyStateAllocs (0.17s)
=== RUN   TestTickBudgetHeadroom
    bench_test.go:55: tick at 500 boids: 2019764ns (budget 33ms)
--- PASS: TestTickBudgetHeadroom (2.35s)
=== RUN   TestAddBoidsAllocatesFreshMonotonicIDs
--- PASS: TestAddBoidsAllocatesFreshMonotonicIDs (0.00s)
=== RUN   TestNextIDNeverReused
--- PASS: TestNextIDNeverReused (0.00s)
=== RUN   TestRemoveBoidsPreservesSurvivors
--- PASS: TestRemoveBoidsPreservesSurvivors (0.00s)
=== RUN   TestPopulationChangeAppliesAcrossTick
--- PASS: TestPopulationChangeAppliesAcrossTick (0.00s)
=== RUN   TestSpawnPlacementDeterministic
--- PASS: TestSpawnPlacementDeterministic (0.00s)
=== RUN   TestSeparationRepels
--- PASS: TestSeparationRepels (0.00s)
=== RUN   TestCohesionAttracts
--- PASS: TestCohesionAttracts (0.00s)
=== RUN   TestAlignmentConvergesHeadings
--- PASS: TestAlignmentConvergesHeadings (0.00s)
=== RUN   TestClampsAlwaysHold
--- PASS: TestClampsAlwaysHold (0.01s)
=== RUN   TestDeterministicSeeding
--- PASS: TestDeterministicSeeding (0.02s)
=== RUN   TestDifferentSeedsDiverge
--- PASS: TestDifferentSeedsDiverge (0.00s)
=== RUN   TestPositionsStayInWorld
--- PASS: TestPositionsStayInWorld (0.02s)
=== RUN   TestInitialSpeedsWithinClamp
--- PASS: TestInitialSpeedsWithinClamp (0.00s)
=== RUN   TestExternalSteeringBendsTrajectory
--- PASS: TestExternalSteeringBendsTrajectory (0.00s)
=== RUN   TestExternalSteeringClampsHold
--- PASS: TestExternalSteeringClampsHold (0.00s)
=== RUN   TestDeterminismUnaffectedByEmptyExternal
--- PASS: TestDeterminismUnaffectedByEmptyExternal (0.02s)
=== RUN   TestExternalSteeringClearable
--- PASS: TestExternalSteeringClearable (0.00s)
=== RUN   TestGridNeighborsBasic
--- PASS: TestGridNeighborsBasic (0.00s)
=== RUN   TestGridNeighborsExcludesSelf
--- PASS: TestGridNeighborsExcludesSelf (0.00s)
=== RUN   TestGridNeighborsRadiusFilter
--- PASS: TestGridNeighborsRadiusFilter (0.00s)
=== RUN   TestGridNeighborsWrapAround
=== RUN   TestGridNeighborsWrapAround/left_sees_right
=== RUN   TestGridNeighborsWrapAround/right_sees_left
=== RUN   TestGridNeighborsWrapAround/top_sees_bottom
=== RUN   TestGridNeighborsWrapAround/corner_sees_opposite_corner
--- PASS: TestGridNeighborsWrapAround (0.00s)
    --- PASS: TestGridNeighborsWrapAround/left_sees_right (0.00s)
    --- PASS: TestGridNeighborsWrapAround/right_sees_left (0.00s)
    --- PASS: TestGridNeighborsWrapAround/top_sees_bottom (0.00s)
    --- PASS: TestGridNeighborsWrapAround/corner_sees_opposite_corner (0.00s)
=== RUN   TestGridReuseAcrossRebuilds
--- PASS: TestGridReuseAcrossRebuilds (0.00s)
=== RUN   TestSnapshotNeighbors
--- PASS: TestSnapshotNeighbors (0.00s)
=== RUN   TestSnapshotNeighborsDoesNotPerturbSim
--- PASS: TestSnapshotNeighborsDoesNotPerturbSim (0.01s)
=== RUN   TestVec2Ops
=== RUN   TestVec2Ops/add
=== RUN   TestVec2Ops/sub
=== RUN   TestVec2Ops/scale
=== RUN   TestVec2Ops/limit_under
=== RUN   TestVec2Ops/limit_over
=== RUN   TestVec2Ops/limit_zero_vec
--- PASS: TestVec2Ops (0.00s)
    --- PASS: TestVec2Ops/add (0.00s)
    --- PASS: TestVec2Ops/sub (0.00s)
    --- PASS: TestVec2Ops/scale (0.00s)
    --- PASS: TestVec2Ops/limit_under (0.00s)
    --- PASS: TestVec2Ops/limit_over (0.00s)
    --- PASS: TestVec2Ops/limit_zero_vec (0.00s)
=== RUN   TestVec2Len
--- PASS: TestVec2Len (0.00s)
=== RUN   TestTorusDelta
=== RUN   TestTorusDelta/direct
=== RUN   TestTorusDelta/wrap_x
=== RUN   TestTorusDelta/wrap_x_negative
=== RUN   TestTorusDelta/wrap_y
=== RUN   TestTorusDelta/wrap_both
--- PASS: TestTorusDelta (0.00s)
    --- PASS: TestTorusDelta/direct (0.00s)
    --- PASS: TestTorusDelta/wrap_x (0.00s)
    --- PASS: TestTorusDelta/wrap_x_negative (0.00s)
    --- PASS: TestTorusDelta/wrap_y (0.00s)
    --- PASS: TestTorusDelta/wrap_both (0.00s)
=== RUN   TestWrap
=== RUN   TestWrap/inside
=== RUN   TestWrap/over_x
=== RUN   TestWrap/under_x
=== RUN   TestWrap/over_y
=== RUN   TestWrap/under_y
--- PASS: TestWrap (0.00s)
    --- PASS: TestWrap/inside (0.00s)
    --- PASS: TestWrap/over_x (0.00s)
    --- PASS: TestWrap/under_x (0.00s)
    --- PASS: TestWrap/over_y (0.00s)
    --- PASS: TestWrap/under_y (0.00s)
PASS
ok  	github.com/c360studio/semboids/internal/flock	3.825s
=== RUN   TestComponentPublishesOneFramePerTick
--- PASS: TestComponentPublishesOneFramePerTick (0.02s)
=== RUN   TestComponentStopsCleanlyOnContextCancel
--- PASS: TestComponentStopsCleanlyOnContextCancel (0.11s)
=== RUN   TestComponentStopIsIdempotent
--- PASS: TestComponentStopIsIdempotent (0.00s)
=== RUN   TestComponentRejectsDoubleStart
--- PASS: TestComponentRejectsDoubleStart (0.00s)
=== RUN   TestComponentPublishesTransitionEvents
--- PASS: TestComponentPublishesTransitionEvents (0.16s)
=== RUN   TestComponentClearModifierKind
--- PASS: TestComponentClearModifierKind (0.00s)
=== RUN   TestComponentRejectsInvalidZones
--- PASS: TestComponentRejectsInvalidZones (0.00s)
=== RUN   TestComponentDefaults
--- PASS: TestComponentDefaults (0.00s)
=== RUN   TestPredatorCullReclaimsBoid
2026/10/01 06:47:55 github.com/testcontainers/testcontainers-go - Connected to docker: 
  Server Version: 29.8.0
  API Version: 1.51
  Operating System: Docker Desktop
  Total Memory: 23742 MB
  Labels:
    com.docker.desktop.address=unix:///Users/coby/Library/Containers/com.docker.docker/Data/docker-cli.sock
  Testcontainers for Go Version: v0.40.0
  Resolved Docker Host: unix:///var/run/docker.sock
  Resolved Docker Socket Path: /var/run/docker.sock
  Test SessionID: 735131b7c13e1c08ffb31ee4df06aa2f19817eb7d906aaafd10ac8c544cb5061
  Test ProcessID: 414be9d0-685b-4a45-bcff-77f0ada19286
2026/10/01 06:47:55 🐳 Creating container for image nats:2.14-alpine
2026/10/01 06:47:56 ⏳ Waiting for Reaper "c6cd1f6a" to be ready
2026/10/01 06:47:56 🔥 Reaper obtained from Docker for this test session c6cd1f6a
2026/10/01 06:47:56 ✅ Container created: 1f50b56e4606
2026/10/01 06:47:56 🐳 Starting container: 1f50b56e4606
2026/10/01 06:47:56 ✅ Container started: 1f50b56e4606
2026/10/01 06:47:56 ⏳ Waiting for container id 1f50b56e4606 image: nats:2.14-alpine. Waiting for: log message "Server is ready"
2026/10/01 06:47:56 🔔 Container is ready: 1f50b56e4606
2026/10/01 06:47:56 INFO Connecting to NATS urls=nats://localhost:55065
2026/10/01 06:47:56 INFO Successfully connected to NATS urls=nats://localhost:55065
2026/10/01 06:47:56 INFO lifecycle: registered workflow workflow=flock.boid pattern=*.*.sim.flock.boid.* phase_count=3 operator_writable_predicates=0 child_workflows=0 reference_predicates=0
2026/10/01 06:47:56 INFO component initialized component=graph-ingest component=graph-ingest
2026/10/01 06:47:56 INFO Created new KV bucket bucket=ENTITY_STATES
2026/10/01 06:47:56 INFO Created new KV bucket bucket=ENTITY_SUFFIX_INDEX
2026/10/01 06:47:56 INFO Created new KV bucket bucket=GRAPH_INGEST_APPLIED_SEQ
2026/10/01 06:47:56 INFO Created new KV bucket bucket=GRAPH_STATUS
2026/10/01 06:47:56 INFO JetStream consumer acknowledgement policy applied component=graph-ingest port=entity_stream stream=ENTITY consumer=graph-ingest-entity-wildcard policy_source=server requested_max_ack_pending=0 effective_max_ack_pending=1000
2026/10/01 06:47:56 INFO query handlers registered component=graph-ingest subjects="[graph.ingest.query.entity graph.ingest.query.batch graph.ingest.query.prefix graph.ingest.query.suffix]"
2026/10/01 06:47:56 INFO mutation handlers registered component=graph-ingest subjects="[graph.mutation.entity.create graph.mutation.entity.reconcile graph.mutation.triple.append graph.mutation.entity.delete]"
2026/10/01 06:47:56 INFO component started component=graph-ingest component=graph-ingest start_time=2026-10-01T06:47:56.786-05:00
2026/10/01 06:47:56 WARN Invalid buffer window size, using default component=rule-processor default=10m0s error="time: invalid duration \"\""
2026/10/01 06:47:56 WARN Invalid alert cooldown period, using default component=rule-processor default=2m0s error="time: invalid duration \"\""
2026/10/01 06:47:56 INFO Loaded rule definitions from file component=rule-processor path=/var/folders/db/qk1n2zs935q9ld3p2sn98yzr0000gn/T/TestPredatorCullReclaimsBoid3379929792/001/predator-cull.json count=1
2026/10/01 06:47:56 INFO Loaded rule from definition component=rule-processor rule_id=predator-cull rule_type=expression rule_name="Predator cull fixture" on_enter_actions=1 on_exit_actions=0
2026/10/01 06:47:56 INFO Rule processor initialized component=rule-processor rule_count=1
2026/10/01 06:47:56 INFO Created RULE_STATE KV bucket for stateful rules component=rule-processor
2026/10/01 06:47:56 INFO ActionExecutor initialized with publishing and KV write support (graph integration disabled) component=rule-processor
2026/10/01 06:47:56 INFO State tracker initialized for stateful ECA rules component=rule-processor
2026/10/01 06:47:56 INFO Created RULE_SCHEDULES KV bucket for cron rule fire tracking component=rule-processor
2026/10/01 06:47:56 INFO Cron scheduler initialized component=rule-processor registered_rules=0
2026/10/01 06:47:56 INFO No rule entity patterns configured; holding no ENTITY_STATES watchers component=rule-processor
2026/10/01 06:47:56 INFO Rule processor subscribed (NATS) component=rule-processor subject=boids.zone.events
2026/10/01 06:47:56 INFO Cron scheduler started component=rule-processor registered_rules=0
2026/10/01 06:47:56 INFO Using existing KV bucket bucket=GRAPH_STATUS
2026/10/01 06:47:56 INFO Rule processor started component=rule-processor subject_count=1
    cull_integration_test.go:264: cull chain complete: physics 12→3 boids, ENTITY_STATES boid entities down to 4
2026/10/01 06:47:58 WARN reclaim culled entity: ambiguous outcome, not retried entity=c360.semboids.sim.flock.boid.8 error="projection mutation delete failed (commit-unknown, unknown): graph mutation entity.delete transport failed (commit_unknown): context canceled"
2026/10/01 06:47:58 ERROR Failed to execute action component=rule-processor rule_id=predator-cull entity_id=c360.semboids.sim.flock.boid.9 related_id="" action_type=lifecycle_transition error="lifecycle_transition: workflow=\"flock.boid\" entity_id=\"c360.semboids.sim.flock.boid.9\" phase=\"culled\": lifecycle: exact read for \"c360.semboids.sim.flock.boid.9\": context canceled"
2026/10/01 06:47:58 WARN Stateful evaluation failed component=rule-processor rule_name=predator-cull error="get rule state: context canceled"
2026/10/01 06:47:58 WARN Stateful evaluation failed component=rule-processor rule_name=predator-cull error="get rule state: context canceled"
2026/10/01 06:47:58 INFO Cron scheduler stopping component=rule-processor
2026/10/01 06:47:58 INFO Rule processor stopped component=rule-processor
2026/10/01 06:47:58 INFO component stopped gracefully component=graph-ingest component=graph-ingest
2026/10/01 06:47:58 🐳 Stopping container: 1f50b56e4606
2026/10/01 06:47:59 ✅ Container stopped: 1f50b56e4606
2026/10/01 06:47:59 🐳 Terminating container: 1f50b56e4606
2026/10/01 06:47:59 🚫 Container terminated: 1f50b56e4606
--- PASS: TestPredatorCullReclaimsBoid (4.26s)
=== RUN   TestCullRuleDisabledKeepsFlock
2026/10/01 06:47:59 🐳 Creating container for image nats:2.14-alpine
2026/10/01 06:48:00 ✅ Container created: 358e1986c85d
2026/10/01 06:48:00 🐳 Starting container: 358e1986c85d
2026/10/01 06:48:01 ✅ Container started: 358e1986c85d
2026/10/01 06:48:01 ⏳ Waiting for container id 358e1986c85d image: nats:2.14-alpine. Waiting for: log message "Server is ready"
2026/10/01 06:48:01 🔔 Container is ready: 358e1986c85d
2026/10/01 06:48:01 INFO Connecting to NATS urls=nats://localhost:55066
2026/10/01 06:48:01 INFO Successfully connected to NATS urls=nats://localhost:55066
2026/10/01 06:48:01 INFO lifecycle: registered workflow workflow=flock.boid pattern=*.*.sim.flock.boid.* phase_count=3 operator_writable_predicates=0 child_workflows=0 reference_predicates=0
2026/10/01 06:48:01 INFO component initialized component=graph-ingest component=graph-ingest
2026/10/01 06:48:01 INFO Created new KV bucket bucket=ENTITY_STATES
2026/10/01 06:48:01 INFO Created new KV bucket bucket=ENTITY_SUFFIX_INDEX
2026/10/01 06:48:01 INFO Created new KV bucket bucket=GRAPH_INGEST_APPLIED_SEQ
2026/10/01 06:48:01 INFO Created new KV bucket bucket=GRAPH_STATUS
2026/10/01 06:48:01 INFO JetStream consumer acknowledgement policy applied component=graph-ingest port=entity_stream stream=ENTITY consumer=graph-ingest-entity-wildcard policy_source=server requested_max_ack_pending=0 effective_max_ack_pending=1000
2026/10/01 06:48:01 INFO query handlers registered component=graph-ingest subjects="[graph.ingest.query.entity graph.ingest.query.batch graph.ingest.query.prefix graph.ingest.query.suffix]"
2026/10/01 06:48:01 INFO mutation handlers registered component=graph-ingest subjects="[graph.mutation.entity.create graph.mutation.entity.reconcile graph.mutation.triple.append graph.mutation.entity.delete]"
2026/10/01 06:48:01 INFO component started component=graph-ingest component=graph-ingest start_time=2026-10-01T06:48:01.442-05:00
2026/10/01 06:48:01 WARN Invalid buffer window size, using default component=rule-processor default=10m0s error="time: invalid duration \"\""
2026/10/01 06:48:01 WARN Invalid alert cooldown period, using default component=rule-processor default=2m0s error="time: invalid duration \"\""
2026/10/01 06:48:01 INFO Loaded rule definitions from file component=rule-processor path=/var/folders/db/qk1n2zs935q9ld3p2sn98yzr0000gn/T/TestCullRuleDisabledKeepsFlock3582835527/001/predator-cull.json count=1
2026/10/01 06:48:01 WARN No rules configured - processor will not trigger any actions. Configure rules via rules_files or inline_rules in config. component=rule-processor
2026/10/01 06:48:01 INFO Rule processor initialized component=rule-processor rule_count=0
2026/10/01 06:48:01 INFO Created RULE_STATE KV bucket for stateful rules component=rule-processor
2026/10/01 06:48:01 INFO ActionExecutor initialized with publishing and KV write support (graph integration disabled) component=rule-processor
2026/10/01 06:48:01 INFO State tracker initialized for stateful ECA rules component=rule-processor
2026/10/01 06:48:01 INFO Created RULE_SCHEDULES KV bucket for cron rule fire tracking component=rule-processor
2026/10/01 06:48:01 INFO Cron scheduler initialized component=rule-processor registered_rules=0
2026/10/01 06:48:01 INFO No rule entity patterns configured; holding no ENTITY_STATES watchers component=rule-processor
2026/10/01 06:48:01 INFO Rule processor subscribed (NATS) component=rule-processor subject=boids.zone.events
2026/10/01 06:48:01 INFO Cron scheduler started component=rule-processor registered_rules=0
2026/10/01 06:48:01 INFO Using existing KV bucket bucket=GRAPH_STATUS
2026/10/01 06:48:01 INFO Rule processor started component=rule-processor subject_count=1
2026/10/01 06:48:09 INFO Cron scheduler stopping component=rule-processor
2026/10/01 06:48:09 INFO Rule processor stopped component=rule-processor
2026/10/01 06:48:09 INFO component stopped gracefully component=graph-ingest component=graph-ingest
2026/10/01 06:48:09 🐳 Stopping container: 358e1986c85d
2026/10/01 06:48:12 ✅ Container stopped: 358e1986c85d
2026/10/01 06:48:12 🐳 Terminating container: 358e1986c85d
2026/10/01 06:48:13 🚫 Container terminated: 358e1986c85d
--- PASS: TestCullRuleDisabledKeepsFlock (13.67s)
=== RUN   TestDrainPoolBoundsConcurrency
--- PASS: TestDrainPoolBoundsConcurrency (0.00s)
=== RUN   TestDrainPoolSubmitBlocksWhenFull
--- PASS: TestDrainPoolSubmitBlocksWhenFull (0.05s)
=== RUN   TestDrainPoolWaitJoinsInFlight
--- PASS: TestDrainPoolWaitJoinsInFlight (0.00s)
=== RUN   TestDrainPoolCancelledCtxDropsWork
--- PASS: TestDrainPoolCancelledCtxDropsWork (0.00s)
=== RUN   TestDrainPoolClampsToSerial
--- PASS: TestDrainPoolClampsToSerial (0.05s)
=== RUN   TestFrameMarshalsCompactWireFormat
--- PASS: TestFrameMarshalsCompactWireFormat (0.00s)
=== RUN   TestFrameWithoutZonesOrMods
--- PASS: TestFrameWithoutZonesOrMods (0.00s)
=== RUN   TestFrameRoundTrips
--- PASS: TestFrameRoundTrips (0.00s)
=== RUN   TestFramesFlowThroughNATS
2026/10/01 06:48:13 🐳 Creating container for image nats:2.14-alpine
2026/10/01 06:48:14 ✅ Container created: 81cea987e444
2026/10/01 06:48:14 🐳 Starting container: 81cea987e444
2026/10/01 06:48:15 ✅ Container started: 81cea987e444
2026/10/01 06:48:15 ⏳ Waiting for container id 81cea987e444 image: nats:2.14-alpine. Waiting for: log message "Server is ready"
2026/10/01 06:48:15 🔔 Container is ready: 81cea987e444
2026/10/01 06:48:15 INFO Connecting to NATS urls=nats://localhost:55067
2026/10/01 06:48:15 INFO Successfully connected to NATS urls=nats://localhost:55067
2026/10/01 06:48:16 🐳 Stopping container: 81cea987e444
2026/10/01 06:48:16 ✅ Container stopped: 81cea987e444
2026/10/01 06:48:16 🐳 Terminating container: 81cea987e444
2026/10/01 06:48:16 🚫 Container terminated: 81cea987e444
--- PASS: TestFramesFlowThroughNATS (3.55s)
=== RUN   TestCreatePendingCreatesActivePerBoid
--- PASS: TestCreatePendingCreatesActivePerBoid (0.00s)
=== RUN   TestCreatePendingRunsConcurrently
--- PASS: TestCreatePendingRunsConcurrently (0.00s)
=== RUN   TestCulledBoidID
--- PASS: TestCulledBoidID (0.00s)
=== RUN   TestBoidIDFromKey
--- PASS: TestBoidIDFromKey (0.00s)
=== RUN   TestDeleteEntityFencedPairing
--- PASS: TestDeleteEntityFencedPairing (0.00s)
=== RUN   TestDeleteEntityRetryClassification
=== RUN   TestDeleteEntityRetryClassification/unavailable_read_retries
=== RUN   TestDeleteEntityRetryClassification/conflict_read_retries
=== RUN   TestDeleteEntityRetryClassification/ambiguous_read_is_not_retried
2026/10/01 06:48:16 WARN reclaim culled entity entity=c360.semboids.sim.flock.boid.9 attempts=1 error="projection mutation  failed (commit-unknown, ): commit-unknown"
=== RUN   TestDeleteEntityRetryClassification/invalid_read_is_not_retried
2026/10/01 06:48:16 WARN reclaim culled entity entity=c360.semboids.sim.flock.boid.9 attempts=1 error="projection mutation  failed (invalid, ): invalid"
=== RUN   TestDeleteEntityRetryClassification/unavailable_delete_retries
=== RUN   TestDeleteEntityRetryClassification/conflict_re-reads_then_succeeds
=== RUN   TestDeleteEntityRetryClassification/read_not-found_is_already_reclaimed
=== RUN   TestDeleteEntityRetryClassification/delete_not-found_is_already_reclaimed
=== RUN   TestDeleteEntityRetryClassification/ambiguous_is_not_retried
2026/10/01 06:48:16 WARN reclaim culled entity: ambiguous outcome, not retried entity=c360.semboids.sim.flock.boid.9 error="projection mutation  failed (commit-unknown, ): commit-unknown"
=== RUN   TestDeleteEntityRetryClassification/conflict_exhausts_bound
2026/10/01 06:48:16 WARN reclaim culled entity entity=c360.semboids.sim.flock.boid.9 attempts=5 error="projection mutation  failed (revision-conflict, ): revision-conflict"
=== RUN   TestDeleteEntityRetryClassification/invalid_is_not_retried
2026/10/01 06:48:16 WARN reclaim culled entity entity=c360.semboids.sim.flock.boid.9 attempts=1 error="projection mutation  failed (invalid, ): invalid"
--- PASS: TestDeleteEntityRetryClassification (0.00s)
    --- PASS: TestDeleteEntityRetryClassification/unavailable_read_retries (0.00s)
    --- PASS: TestDeleteEntityRetryClassification/conflict_read_retries (0.00s)
    --- PASS: TestDeleteEntityRetryClassification/ambiguous_read_is_not_retried (0.00s)
    --- PASS: TestDeleteEntityRetryClassification/invalid_read_is_not_retried (0.00s)
    --- PASS: TestDeleteEntityRetryClassification/unavailable_delete_retries (0.00s)
    --- PASS: TestDeleteEntityRetryClassification/conflict_re-reads_then_succeeds (0.00s)
    --- PASS: TestDeleteEntityRetryClassification/read_not-found_is_already_reclaimed (0.00s)
    --- PASS: TestDeleteEntityRetryClassification/delete_not-found_is_already_reclaimed (0.00s)
    --- PASS: TestDeleteEntityRetryClassification/ambiguous_is_not_retried (0.00s)
    --- PASS: TestDeleteEntityRetryClassification/conflict_exhausts_bound (0.00s)
    --- PASS: TestDeleteEntityRetryClassification/invalid_is_not_retried (0.00s)
=== RUN   TestCreateWithRetrySurvivesSeedRace
--- PASS: TestCreateWithRetrySurvivesSeedRace (0.30s)
=== RUN   TestCreateWithRetryExhaustsBound
--- PASS: TestCreateWithRetryExhaustsBound (1.50s)
=== RUN   TestCreateTreatsAlreadyManagedAsSuccess
--- PASS: TestCreateTreatsAlreadyManagedAsSuccess (0.00s)
=== RUN   TestComponentStoppedInstanceCannotRestart
--- PASS: TestComponentStoppedInstanceCannotRestart (0.01s)
=== RUN   TestComponentStopReportsIncompleteJoin
--- PASS: TestComponentStopReportsIncompleteJoin (0.01s)
=== RUN   TestComponentRejectsNilContexts
--- PASS: TestComponentRejectsNilContexts (0.00s)
=== RUN   TestPopulationStateStagesAndDrains
--- PASS: TestPopulationStateStagesAndDrains (0.00s)
=== RUN   TestPopulationStateConcurrentStaging
--- PASS: TestPopulationStateConcurrentStaging (0.00s)
=== RUN   TestRuleRoundTripAppliesModifiers
2026/10/01 06:48:18 🐳 Creating container for image nats:2.14-alpine
2026/10/01 06:48:19 ✅ Container created: d51195ba58f3
2026/10/01 06:48:19 🐳 Starting container: d51195ba58f3
2026/10/01 06:48:19 ✅ Container started: d51195ba58f3
2026/10/01 06:48:19 ⏳ Waiting for container id d51195ba58f3 image: nats:2.14-alpine. Waiting for: log message "Server is ready"
2026/10/01 06:48:19 🔔 Container is ready: d51195ba58f3
2026/10/01 06:48:19 INFO Connecting to NATS urls=nats://localhost:55068
2026/10/01 06:48:19 INFO Successfully connected to NATS urls=nats://localhost:55068
2026/10/01 06:48:19 WARN Invalid buffer window size, using default component=rule-processor default=10m0s error="time: invalid duration \"\""
2026/10/01 06:48:19 WARN Invalid alert cooldown period, using default component=rule-processor default=2m0s error="time: invalid duration \"\""
2026/10/01 06:48:19 INFO Loaded rule definitions from file component=rule-processor path=/var/folders/db/qk1n2zs935q9ld3p2sn98yzr0000gn/T/TestRuleRoundTripAppliesModifiers2087839152/001/predator.json count=1
2026/10/01 06:48:19 INFO Loaded rule from definition component=rule-processor rule_id=predator-flee rule_type=expression rule_name="Predator flee fixture" on_enter_actions=1 on_exit_actions=0
2026/10/01 06:48:19 INFO Rule processor initialized component=rule-processor rule_count=1
2026/10/01 06:48:19 INFO Created RULE_STATE KV bucket for stateful rules component=rule-processor
2026/10/01 06:48:19 INFO ActionExecutor initialized with publishing and KV write support (graph integration disabled) component=rule-processor
2026/10/01 06:48:19 INFO State tracker initialized for stateful ECA rules component=rule-processor
2026/10/01 06:48:19 INFO Created RULE_SCHEDULES KV bucket for cron rule fire tracking component=rule-processor
2026/10/01 06:48:19 INFO Cron scheduler initialized component=rule-processor registered_rules=0
2026/10/01 06:48:19 INFO No rule entity patterns configured; holding no ENTITY_STATES watchers component=rule-processor
2026/10/01 06:48:19 INFO Rule processor subscribed (NATS) component=rule-processor subject=boids.zone.events
2026/10/01 06:48:19 INFO Cron scheduler started component=rule-processor registered_rules=0
2026/10/01 06:48:19 INFO Created new KV bucket bucket=GRAPH_STATUS
2026/10/01 06:48:19 INFO Rule processor started component=rule-processor subject_count=1
    roundtrip_integration_test.go:178: round trip complete: 7/10 boids under flee modifier
2026/10/01 06:48:19 WARN Stateful evaluation failed component=rule-processor rule_name=predator-flee error="get rule state: context canceled"
2026/10/01 06:48:19 INFO Cron scheduler stopping component=rule-processor
2026/10/01 06:48:19 WARN Stateful evaluation failed component=rule-processor rule_name=predator-flee error="get rule state: context canceled"
2026/10/01 06:48:19 INFO Rule processor stopped component=rule-processor
2026/10/01 06:48:19 🐳 Stopping container: d51195ba58f3
2026/10/01 06:48:19 ✅ Container stopped: d51195ba58f3
2026/10/01 06:48:19 🐳 Terminating container: d51195ba58f3
2026/10/01 06:48:19 🚫 Container terminated: d51195ba58f3
--- PASS: TestRuleRoundTripAppliesModifiers (1.25s)
=== RUN   TestDisabledRuleProducesNoModifiers
2026/10/01 06:48:19 🐳 Creating container for image nats:2.14-alpine
2026/10/01 06:48:20 ✅ Container created: c1602382ac0a
2026/10/01 06:48:20 🐳 Starting container: c1602382ac0a
2026/10/01 06:48:20 ✅ Container started: c1602382ac0a
2026/10/01 06:48:20 ⏳ Waiting for container id c1602382ac0a image: nats:2.14-alpine. Waiting for: log message "Server is ready"
2026/10/01 06:48:20 🔔 Container is ready: c1602382ac0a
2026/10/01 06:48:20 INFO Connecting to NATS urls=nats://localhost:55069
2026/10/01 06:48:20 INFO Successfully connected to NATS urls=nats://localhost:55069
2026/10/01 06:48:20 WARN Invalid buffer window size, using default component=rule-processor default=10m0s error="time: invalid duration \"\""
2026/10/01 06:48:20 WARN Invalid alert cooldown period, using default component=rule-processor default=2m0s error="time: invalid duration \"\""
2026/10/01 06:48:20 INFO Loaded rule definitions from file component=rule-processor path=/var/folders/db/qk1n2zs935q9ld3p2sn98yzr0000gn/T/TestDisabledRuleProducesNoModifiers222913793/001/predator.json count=1
2026/10/01 06:48:20 WARN No rules configured - processor will not trigger any actions. Configure rules via rules_files or inline_rules in config. component=rule-processor
2026/10/01 06:48:20 INFO Rule processor initialized component=rule-processor rule_count=0
2026/10/01 06:48:20 INFO Created RULE_STATE KV bucket for stateful rules component=rule-processor
2026/10/01 06:48:20 INFO ActionExecutor initialized with publishing and KV write support (graph integration disabled) component=rule-processor
2026/10/01 06:48:20 INFO State tracker initialized for stateful ECA rules component=rule-processor
2026/10/01 06:48:20 INFO Created RULE_SCHEDULES KV bucket for cron rule fire tracking component=rule-processor
2026/10/01 06:48:20 INFO Cron scheduler initialized component=rule-processor registered_rules=0
2026/10/01 06:48:20 INFO No rule entity patterns configured; holding no ENTITY_STATES watchers component=rule-processor
2026/10/01 06:48:20 INFO Rule processor subscribed (NATS) component=rule-processor subject=boids.zone.events
2026/10/01 06:48:20 INFO Cron scheduler started component=rule-processor registered_rules=0
2026/10/01 06:48:20 INFO Created new KV bucket bucket=GRAPH_STATUS
2026/10/01 06:48:20 INFO Rule processor started component=rule-processor subject_count=1
2026/10/01 06:48:25 INFO Cron scheduler stopping component=rule-processor
2026/10/01 06:48:25 INFO Rule processor stopped component=rule-processor
2026/10/01 06:48:25 🐳 Stopping container: c1602382ac0a
2026/10/01 06:48:26 ✅ Container stopped: c1602382ac0a
2026/10/01 06:48:26 🐳 Terminating container: c1602382ac0a
2026/10/01 06:48:26 🚫 Container terminated: c1602382ac0a
--- PASS: TestDisabledRuleProducesNoModifiers (6.53s)
=== RUN   TestSnapshotCadenceFollowsDial
2026/10/01 06:48:26 INFO Graph snapshot cadence set graph_hz=50
2026/10/01 06:48:26 INFO Graph snapshot cadence set graph_hz=0
--- PASS: TestSnapshotCadenceFollowsDial (0.32s)
=== RUN   TestSetGraphHzClampsAndRejects
2026/10/01 06:48:26 INFO Graph snapshot cadence set graph_hz=30
--- PASS: TestSetGraphHzClampsAndRejects (0.00s)
=== RUN   TestParseModifier
=== RUN   TestParseModifier/numeric_boid_id
=== RUN   TestParseModifier/string_boid_id_(substitution_renders_strings)
=== RUN   TestParseModifier/cancel
=== RUN   TestParseModifier/unknown_kind
=== RUN   TestParseModifier/missing_boid_id
--- PASS: TestParseModifier (0.00s)
    --- PASS: TestParseModifier/numeric_boid_id (0.00s)
    --- PASS: TestParseModifier/string_boid_id_(substitution_renders_strings) (0.00s)
    --- PASS: TestParseModifier/cancel (0.00s)
    --- PASS: TestParseModifier/unknown_kind (0.00s)
    --- PASS: TestParseModifier/missing_boid_id (0.00s)
=== RUN   TestParseModifierMalformedJSON
--- PASS: TestParseModifierMalformedJSON (0.00s)
=== RUN   TestSteeringTableLifecycle
--- PASS: TestSteeringTableLifecycle (0.00s)
=== RUN   TestSteeringCancelRemoves
--- PASS: TestSteeringCancelRemoves (0.00s)
=== RUN   TestSteeringClearKind
--- PASS: TestSteeringClearKind (0.00s)
=== RUN   TestExternalVectors
--- PASS: TestExternalVectors (0.00s)
=== RUN   TestTrackerEdgeDetection
--- PASS: TestTrackerEdgeDetection (0.00s)
=== RUN   TestTrackerMultipleZonesAndBoids
--- PASS: TestTrackerMultipleZonesAndBoids (0.00s)
=== RUN   TestTrackerLingeredFiresPastGracePredatorOnly
--- PASS: TestTrackerLingeredFiresPastGracePredatorOnly (0.00s)
=== RUN   TestTrackerLingeredNotForFleeingBoid
--- PASS: TestTrackerLingeredNotForFleeingBoid (0.00s)
=== RUN   TestTrackerForgetPrunes
--- PASS: TestTrackerForgetPrunes (0.00s)
PASS
ok  	github.com/c360studio/semboids/internal/sim	33.174s
=== RUN   TestZonesLandInEntityStates
2026/10/01 06:48:32 github.com/testcontainers/testcontainers-go - Connected to docker: 
  Server Version: 29.8.0
  API Version: 1.51
  Operating System: Docker Desktop
  Total Memory: 23742 MB
  Labels:
    com.docker.desktop.address=unix:///Users/coby/Library/Containers/com.docker.docker/Data/docker-cli.sock
  Testcontainers for Go Version: v0.40.0
  Resolved Docker Host: unix:///var/run/docker.sock
  Resolved Docker Socket Path: /var/run/docker.sock
  Test SessionID: 735131b7c13e1c08ffb31ee4df06aa2f19817eb7d906aaafd10ac8c544cb5061
  Test ProcessID: cdda57dd-4df2-427b-aa9d-76e999147591
2026/10/01 06:48:32 🐳 Creating container for image nats:2.14-alpine
2026/10/01 06:48:32 ⏳ Waiting for Reaper "c6cd1f6a" to be ready
2026/10/01 06:48:32 🔥 Reaper obtained from Docker for this test session c6cd1f6a
2026/10/01 06:48:32 ✅ Container created: 01076f0541c9
2026/10/01 06:48:32 🐳 Starting container: 01076f0541c9
2026/10/01 06:48:32 ✅ Container started: 01076f0541c9
2026/10/01 06:48:32 ⏳ Waiting for container id 01076f0541c9 image: nats:2.14-alpine. Waiting for: log message "Server is ready"
2026/10/01 06:48:32 🔔 Container is ready: 01076f0541c9
2026/10/01 06:48:32 INFO Connecting to NATS urls=nats://localhost:55072
2026/10/01 06:48:32 INFO Successfully connected to NATS urls=nats://localhost:55072
2026/10/01 06:48:32 INFO component initialized component=graph-ingest component=graph-ingest
2026/10/01 06:48:32 INFO Created new KV bucket bucket=ENTITY_STATES
2026/10/01 06:48:32 INFO Created new KV bucket bucket=ENTITY_SUFFIX_INDEX
2026/10/01 06:48:32 INFO Created new KV bucket bucket=GRAPH_INGEST_APPLIED_SEQ
2026/10/01 06:48:32 INFO Created new KV bucket bucket=GRAPH_STATUS
2026/10/01 06:48:32 INFO JetStream consumer acknowledgement policy applied component=graph-ingest port=entity_stream stream=ENTITY consumer=graph-ingest-entity-wildcard policy_source=server requested_max_ack_pending=0 effective_max_ack_pending=1000
2026/10/01 06:48:32 INFO query handlers registered component=graph-ingest subjects="[graph.ingest.query.entity graph.ingest.query.batch graph.ingest.query.prefix graph.ingest.query.suffix]"
2026/10/01 06:48:32 INFO mutation handlers registered component=graph-ingest subjects="[graph.mutation.entity.create graph.mutation.entity.reconcile graph.mutation.triple.append graph.mutation.entity.delete]"
2026/10/01 06:48:32 INFO component started component=graph-ingest component=graph-ingest start_time=2026-10-01T06:48:32.775-05:00
2026/10/01 06:48:32 INFO component stopped gracefully component=graph-ingest component=graph-ingest
2026/10/01 06:48:32 🐳 Stopping container: 01076f0541c9
2026/10/01 06:48:33 ✅ Container stopped: 01076f0541c9
2026/10/01 06:48:33 🐳 Terminating container: 01076f0541c9
2026/10/01 06:48:34 🚫 Container terminated: 01076f0541c9
--- PASS: TestZonesLandInEntityStates (2.00s)
=== RUN   TestIngestPublishesOneMessagePerZone
--- PASS: TestIngestPublishesOneMessagePerZone (0.00s)
=== RUN   TestIngestRejectsInvalidZones
--- PASS: TestIngestRejectsInvalidZones (0.00s)
=== RUN   TestEntityID6Part
--- PASS: TestEntityID6Part (0.00s)
=== RUN   TestEntityTriples
--- PASS: TestEntityTriples (0.00s)
=== RUN   TestWindEntityHasDirectionTriples
--- PASS: TestWindEntityHasDirectionTriples (0.00s)
=== RUN   TestPayloadSchemaAndValidate
--- PASS: TestPayloadSchemaAndValidate (0.00s)
=== RUN   TestRegisterPayloads
--- PASS: TestRegisterPayloads (0.00s)
=== RUN   TestRegisteredPayloadRoundTripAndFloor
--- PASS: TestRegisteredPayloadRoundTripAndFloor (0.00s)
=== RUN   TestValidateAcceptsValidSet
--- PASS: TestValidateAcceptsValidSet (0.00s)
=== RUN   TestValidateRejections
=== RUN   TestValidateRejections/unknown_type
=== RUN   TestValidateRejections/zero_radius
=== RUN   TestValidateRejections/negative_radius
=== RUN   TestValidateRejections/duplicate_ids
=== RUN   TestValidateRejections/empty_id
=== RUN   TestValidateRejections/wind_without_direction
--- PASS: TestValidateRejections (0.00s)
    --- PASS: TestValidateRejections/unknown_type (0.00s)
    --- PASS: TestValidateRejections/zero_radius (0.00s)
    --- PASS: TestValidateRejections/negative_radius (0.00s)
    --- PASS: TestValidateRejections/duplicate_ids (0.00s)
    --- PASS: TestValidateRejections/empty_id (0.00s)
    --- PASS: TestValidateRejections/wind_without_direction (0.00s)
=== RUN   TestContains
=== RUN   TestContains/center
=== RUN   TestContains/inside
=== RUN   TestContains/boundary
=== RUN   TestContains/outside
=== RUN   TestContains/diagonal_inside
=== RUN   TestContains/diagonal_outside
--- PASS: TestContains (0.00s)
    --- PASS: TestContains/center (0.00s)
    --- PASS: TestContains/inside (0.00s)
    --- PASS: TestContains/boundary (0.00s)
    --- PASS: TestContains/outside (0.00s)
    --- PASS: TestContains/diagonal_inside (0.00s)
    --- PASS: TestContains/diagonal_outside (0.00s)
PASS
ok  	github.com/c360studio/semboids/internal/zone	3.522s
