2026/10/01 06:41:15 INFO Connecting to NATS urls=nats://localhost:55027
2026/10/01 06:41:15 INFO Successfully connected to NATS urls=nats://localhost:55027
2026/10/01 06:41:15 INFO component initialized component=graph-ingest component=graph-ingest
2026/10/01 06:41:15 INFO Created new KV bucket bucket=ENTITY_STATES
2026/10/01 06:41:15 INFO Created new KV bucket bucket=ENTITY_SUFFIX_INDEX
2026/10/01 06:41:15 INFO Created new KV bucket bucket=GRAPH_INGEST_APPLIED_SEQ
2026/10/01 06:41:15 INFO Created new KV bucket bucket=GRAPH_STATUS
2026/10/01 06:41:15 INFO JetStream consumer acknowledgement policy applied component=graph-ingest port=entity_stream stream=ENTITY consumer=graph-ingest-entity-wildcard policy_source=server requested_max_ack_pending=0 effective_max_ack_pending=1000
2026/10/01 06:41:15 INFO query handlers registered component=graph-ingest subjects="[graph.ingest.query.entity graph.ingest.query.batch graph.ingest.query.prefix graph.ingest.query.suffix]"
2026/10/01 06:41:15 INFO mutation handlers registered component=graph-ingest subjects="[graph.mutation.entity.create graph.mutation.entity.reconcile graph.mutation.triple.append graph.mutation.entity.delete]"
2026/10/01 06:41:15 INFO component started component=graph-ingest component=graph-ingest start_time=2026-10-01T06:41:15.532-05:00
2026/10/01 06:41:15 INFO component initialized component=graph-index component=graph-index
2026/10/01 06:41:15 INFO Created new KV bucket bucket=OUTGOING_INDEX
2026/10/01 06:41:15 INFO Created new KV bucket bucket=INCOMING_INDEX
2026/10/01 06:41:15 INFO Created new KV bucket bucket=ALIAS_INDEX
2026/10/01 06:41:15 INFO Created new KV bucket bucket=PREDICATE_INDEX
2026/10/01 06:41:15 INFO Created new KV bucket bucket=NAME_INDEX
2026/10/01 06:41:15 INFO Using existing KV bucket bucket=GRAPH_STATUS
2026/10/01 06:41:15 INFO resource available component=graph-index resource=ENTITY_STATES attempt=1
2026/10/01 06:41:15 INFO query handlers registered component=graph-index subjects="[graph.index.query.outgoing graph.index.query.incoming graph.index.query.alias graph.index.query.predicate graph.index.query.predicateList graph.index.query.predicateStats graph.index.query.predicateCompound graph.index.query.byName]"
2026/10/01 06:41:15 INFO component started component=graph-index component=graph-index start_time=2026-10-01T06:41:15.567-05:00
2026/10/01 06:41:15 INFO lifecycle: registered workflow workflow=flock.boid pattern=*.*.sim.flock.boid.* phase_count=3 operator_writable_predicates=0 child_workflows=0 reference_predicates=0
2026/10/01 06:41:15 INFO entity watcher started component=graph-index bucket=ENTITY_STATES
2026/10/01 06:41:15 INFO component stopped gracefully component=graph-index component=graph-index
2026/10/01 06:41:15 INFO component stopped gracefully component=graph-ingest component=graph-ingest
--- FAIL: TestReclaimedBoidRejectsDelayedPreCullSnapshot (0.68s)
    reclamation_qualification_test.go:41: reclaimed boid resurrected: deletion receipt revision=1, late-snapshot revision=3; held snapshot tick=1 observed_at=2026-10-01T06:41:15.567858-05:00
FAIL
FAIL	github.com/c360studio/semboids/internal/boidgraph	1.088s
FAIL
