
> semboids-ui@0.0.1 dev
> vite dev --host 127.0.0.1


  VITE v7.3.6  ready in 370 ms

  ➜  Local:   http://127.0.0.1:5173/
6:39:01 AM [vite] http proxy error: /boids/graph/stream
AggregateError [ECONNREFUSED]: 
    at internalConnectMultiple (node:net:1193:18)
    at afterConnectMultiple (node:net:1783:7)
6:39:01 AM [vite] http proxy error: /boids/rules
AggregateError [ECONNREFUSED]: 
    at internalConnectMultiple (node:net:1193:18)
    at afterConnectMultiple (node:net:1783:7)
6:39:01 AM [vite] http proxy error: /boids/graph/stream
AggregateError [ECONNREFUSED]: 
    at internalConnectMultiple (node:net:1193:18)
    at afterConnectMultiple (node:net:1783:7)
6:39:03 AM [vite] http proxy error: /boids/graph/stream
AggregateError [ECONNREFUSED]: 
    at internalConnectMultiple (node:net:1193:18)
    at afterConnectMultiple (node:net:1783:7)
6:39:05 AM [vite] http proxy error: /boids/graph/stream
AggregateError [ECONNREFUSED]: 
    at internalConnectMultiple (node:net:1193:18)
    at afterConnectMultiple (node:net:1783:7)
6:39:07 AM [vite] http proxy error: /boids/graph/stream
AggregateError [ECONNREFUSED]: 
    at internalConnectMultiple (node:net:1193:18)
    at afterConnectMultiple (node:net:1783:7)
6:39:09 AM [vite] http proxy error: /boids/graph/stream
AggregateError [ECONNREFUSED]: 
    at internalConnectMultiple (node:net:1193:18)
    at afterConnectMultiple (node:net:1783:7)
6:39:11 AM [vite] http proxy error: /boids/graph/stream
AggregateError [ECONNREFUSED]: 
    at internalConnectMultiple (node:net:1193:18)
    at afterConnectMultiple (node:net:1783:7)
6:39:13 AM [vite] http proxy error: /boids/graph/stream
AggregateError [ECONNREFUSED]: 
    at internalConnectMultiple (node:net:1193:18)
    at afterConnectMultiple (node:net:1783:7)
6:39:15 AM [vite] http proxy error: /boids/graph/stream
AggregateError [ECONNREFUSED]: 
    at internalConnectMultiple (node:net:1193:18)
    at afterConnectMultiple (node:net:1783:7)
6:39:17 AM [vite] http proxy error: /boids/graph/stream
AggregateError [ECONNREFUSED]: 
    at internalConnectMultiple (node:net:1193:18)
    at afterConnectMultiple (node:net:1783:7)
6:39:19 AM [vite] http proxy error: /boids/graph/stream
AggregateError [ECONNREFUSED]: 
    at internalConnectMultiple (node:net:1193:18)
    at afterConnectMultiple (node:net:1783:7)
6:39:21 AM [vite] http proxy error: /boids/graph/stream
AggregateError [ECONNREFUSED]: 
    at internalConnectMultiple (node:net:1193:18)
    at afterConnectMultiple (node:net:1783:7)
6:39:23 AM [vite] http proxy error: /boids/graph/stream
AggregateError [ECONNREFUSED]: 
    at internalConnectMultiple (node:net:1193:18)
    at afterConnectMultiple (node:net:1783:7)
6:39:25 AM [vite] http proxy error: /boids/graph/stream
AggregateError [ECONNREFUSED]: 
    at internalConnectMultiple (node:net:1193:18)
    at afterConnectMultiple (node:net:1783:7)
6:39:27 AM [vite] http proxy error: /boids/graph/stream
AggregateError [ECONNREFUSED]: 
    at internalConnectMultiple (node:net:1193:18)
    at afterConnectMultiple (node:net:1783:7)
6:39:29 AM [vite] http proxy error: /boids/graph/stream
AggregateError [ECONNREFUSED]: 
    at internalConnectMultiple (node:net:1193:18)
    at afterConnectMultiple (node:net:1783:7)
6:39:31 AM [vite] http proxy error: /boids/graph/stream
AggregateError [ECONNREFUSED]: 
    at internalConnectMultiple (node:net:1193:18)
    at afterConnectMultiple (node:net:1783:7)
6:39:33 AM [vite] http proxy error: /boids/graph/stream
AggregateError [ECONNREFUSED]: 
    at internalConnectMultiple (node:net:1193:18)
    at afterConnectMultiple (node:net:1783:7)
6:39:35 AM [vite] http proxy error: /boids/graph/stream
AggregateError [ECONNREFUSED]: 
    at internalConnectMultiple (node:net:1193:18)
    at afterConnectMultiple (node:net:1783:7)
6:39:37 AM [vite] http proxy error: /boids/graph/stream
AggregateError [ECONNREFUSED]: 
    at internalConnectMultiple (node:net:1193:18)
    at afterConnectMultiple (node:net:1783:7)
6:39:39 AM [vite] http proxy error: /boids/graph/stream
AggregateError [ECONNREFUSED]: 
    at internalConnectMultiple (node:net:1193:18)
    at afterConnectMultiple (node:net:1783:7)
6:39:41 AM [vite] http proxy error: /boids/graph/stream
AggregateError [ECONNREFUSED]: 
    at internalConnectMultiple (node:net:1193:18)
    at afterConnectMultiple (node:net:1783:7)
6:39:43 AM [vite] http proxy error: /boids/graph/stream
AggregateError [ECONNREFUSED]: 
    at internalConnectMultiple (node:net:1193:18)
    at afterConnectMultiple (node:net:1783:7)
6:39:45 AM [vite] http proxy error: /boids/graph/stream
AggregateError [ECONNREFUSED]: 
    at internalConnectMultiple (node:net:1193:18)
    at afterConnectMultiple (node:net:1783:7)
6:39:47 AM [vite] http proxy error: /boids/graph/stream
AggregateError [ECONNREFUSED]: 
    at internalConnectMultiple (node:net:1193:18)
    at afterConnectMultiple (node:net:1783:7)
6:39:49 AM [vite] http proxy error: /boids/graph/stream
AggregateError [ECONNREFUSED]: 
    at internalConnectMultiple (node:net:1193:18)
    at afterConnectMultiple (node:net:1783:7)
6:39:51 AM [vite] http proxy error: /boids/graph/stream
AggregateError [ECONNREFUSED]: 
    at internalConnectMultiple (node:net:1193:18)
    at afterConnectMultiple (node:net:1783:7)
6:39:53 AM [vite] http proxy error: /boids/graph/stream
AggregateError [ECONNREFUSED]: 
    at internalConnectMultiple (node:net:1193:18)
    at afterConnectMultiple (node:net:1783:7)
6:39:55 AM [vite] http proxy error: /boids/graph/stream
AggregateError [ECONNREFUSED]: 
    at internalConnectMultiple (node:net:1193:18)
    at afterConnectMultiple (node:net:1783:7)
6:39:57 AM [vite] http proxy error: /boids/graph/stream
AggregateError [ECONNREFUSED]: 
    at internalConnectMultiple (node:net:1193:18)
    at afterConnectMultiple (node:net:1783:7)
6:39:59 AM [vite] http proxy error: /boids/graph/stream
AggregateError [ECONNREFUSED]: 
    at internalConnectMultiple (node:net:1193:18)
    at afterConnectMultiple (node:net:1783:7)
6:40:01 AM [vite] http proxy error: /boids/graph/stream
AggregateError [ECONNREFUSED]: 
    at internalConnectMultiple (node:net:1193:18)
    at afterConnectMultiple (node:net:1783:7)
6:40:03 AM [vite] http proxy error: /boids/graph/stream
AggregateError [ECONNREFUSED]: 
    at internalConnectMultiple (node:net:1193:18)
    at afterConnectMultiple (node:net:1783:7)
6:40:05 AM [vite] http proxy error: /boids/graph/stream
AggregateError [ECONNREFUSED]: 
    at internalConnectMultiple (node:net:1193:18)
    at afterConnectMultiple (node:net:1783:7)
6:40:07 AM [vite] http proxy error: /boids/graph/stream
AggregateError [ECONNREFUSED]: 
    at internalConnectMultiple (node:net:1193:18)
    at afterConnectMultiple (node:net:1783:7)
6:40:09 AM [vite] http proxy error: /boids/graph/stream
AggregateError [ECONNREFUSED]: 
    at internalConnectMultiple (node:net:1193:18)
    at afterConnectMultiple (node:net:1783:7)
6:40:11 AM [vite] http proxy error: /boids/graph/stream
AggregateError [ECONNREFUSED]: 
    at internalConnectMultiple (node:net:1193:18)
    at afterConnectMultiple (node:net:1783:7)
6:40:13 AM [vite] http proxy error: /boids/graph/stream
AggregateError [ECONNREFUSED]: 
    at internalConnectMultiple (node:net:1193:18)
    at afterConnectMultiple (node:net:1783:7)
6:40:15 AM [vite] http proxy error: /boids/graph/stream
AggregateError [ECONNREFUSED]: 
    at internalConnectMultiple (node:net:1193:18)
    at afterConnectMultiple (node:net:1783:7)
6:40:17 AM [vite] http proxy error: /boids/graph/stream
AggregateError [ECONNREFUSED]: 
    at internalConnectMultiple (node:net:1193:18)
    at afterConnectMultiple (node:net:1783:7)
6:40:19 AM [vite] http proxy error: /boids/graph/stream
AggregateError [ECONNREFUSED]: 
    at internalConnectMultiple (node:net:1193:18)
    at afterConnectMultiple (node:net:1783:7)
6:40:21 AM [vite] http proxy error: /boids/graph/stream
AggregateError [ECONNREFUSED]: 
    at internalConnectMultiple (node:net:1193:18)
    at afterConnectMultiple (node:net:1783:7)
6:40:23 AM [vite] http proxy error: /boids/graph/stream
AggregateError [ECONNREFUSED]: 
    at internalConnectMultiple (node:net:1193:18)
    at afterConnectMultiple (node:net:1783:7)
6:40:25 AM [vite] http proxy error: /boids/graph/stream
AggregateError [ECONNREFUSED]: 
    at internalConnectMultiple (node:net:1193:18)
    at afterConnectMultiple (node:net:1783:7)
6:40:27 AM [vite] http proxy error: /boids/graph/stream
AggregateError [ECONNREFUSED]: 
    at internalConnectMultiple (node:net:1193:18)
    at afterConnectMultiple (node:net:1783:7)
6:40:29 AM [vite] http proxy error: /boids/graph/stream
AggregateError [ECONNREFUSED]: 
    at internalConnectMultiple (node:net:1193:18)
    at afterConnectMultiple (node:net:1783:7)
6:40:31 AM [vite] http proxy error: /boids/graph/stream
AggregateError [ECONNREFUSED]: 
    at internalConnectMultiple (node:net:1193:18)
    at afterConnectMultiple (node:net:1783:7)
6:40:33 AM [vite] http proxy error: /boids/graph/stream
AggregateError [ECONNREFUSED]: 
    at internalConnectMultiple (node:net:1193:18)
    at afterConnectMultiple (node:net:1783:7)
6:40:35 AM [vite] http proxy error: /boids/graph/stream
AggregateError [ECONNREFUSED]: 
    at internalConnectMultiple (node:net:1193:18)
    at afterConnectMultiple (node:net:1783:7)
6:40:37 AM [vite] http proxy error: /boids/graph/stream
AggregateError [ECONNREFUSED]: 
    at internalConnectMultiple (node:net:1193:18)
    at afterConnectMultiple (node:net:1783:7)
6:40:39 AM [vite] http proxy error: /boids/graph/stream
AggregateError [ECONNREFUSED]: 
    at internalConnectMultiple (node:net:1193:18)
    at afterConnectMultiple (node:net:1783:7)
6:40:41 AM [vite] http proxy error: /boids/graph/stream
AggregateError [ECONNREFUSED]: 
    at internalConnectMultiple (node:net:1193:18)
    at afterConnectMultiple (node:net:1783:7)
6:40:43 AM [vite] http proxy error: /boids/graph/stream
AggregateError [ECONNREFUSED]: 
    at internalConnectMultiple (node:net:1193:18)
    at afterConnectMultiple (node:net:1783:7)
6:40:45 AM [vite] http proxy error: /boids/graph/stream
AggregateError [ECONNREFUSED]: 
    at internalConnectMultiple (node:net:1193:18)
    at afterConnectMultiple (node:net:1783:7)
6:40:47 AM [vite] http proxy error: /boids/graph/stream
AggregateError [ECONNREFUSED]: 
    at internalConnectMultiple (node:net:1193:18)
    at afterConnectMultiple (node:net:1783:7)
6:40:49 AM [vite] http proxy error: /boids/graph/stream
AggregateError [ECONNREFUSED]: 
    at internalConnectMultiple (node:net:1193:18)
    at afterConnectMultiple (node:net:1783:7)
6:40:52 AM [vite] http proxy error: /boids/graph/stream
AggregateError [ECONNREFUSED]: 
    at internalConnectMultiple (node:net:1193:18)
    at afterConnectMultiple (node:net:1783:7)
6:40:54 AM [vite] http proxy error: /boids/graph/stream
AggregateError [ECONNREFUSED]: 
    at internalConnectMultiple (node:net:1193:18)
    at afterConnectMultiple (node:net:1783:7)
6:40:56 AM [vite] http proxy error: /boids/graph/stream
AggregateError [ECONNREFUSED]: 
    at internalConnectMultiple (node:net:1193:18)
    at afterConnectMultiple (node:net:1783:7)
6:40:58 AM [vite] http proxy error: /boids/graph/stream
AggregateError [ECONNREFUSED]: 
    at internalConnectMultiple (node:net:1193:18)
    at afterConnectMultiple (node:net:1783:7)
6:41:00 AM [vite] http proxy error: /boids/graph/stream
AggregateError [ECONNREFUSED]: 
    at internalConnectMultiple (node:net:1193:18)
    at afterConnectMultiple (node:net:1783:7)
6:41:02 AM [vite] http proxy error: /boids/graph/stream
AggregateError [ECONNREFUSED]: 
    at internalConnectMultiple (node:net:1193:18)
    at afterConnectMultiple (node:net:1783:7)
6:41:04 AM [vite] http proxy error: /boids/graph/stream
AggregateError [ECONNREFUSED]: 
    at internalConnectMultiple (node:net:1193:18)
    at afterConnectMultiple (node:net:1783:7)
6:41:06 AM [vite] http proxy error: /boids/graph/stream
AggregateError [ECONNREFUSED]: 
    at internalConnectMultiple (node:net:1193:18)
    at afterConnectMultiple (node:net:1783:7)
6:41:08 AM [vite] http proxy error: /boids/graph/stream
AggregateError [ECONNREFUSED]: 
    at internalConnectMultiple (node:net:1193:18)
    at afterConnectMultiple (node:net:1783:7)
6:41:10 AM [vite] http proxy error: /boids/graph/stream
AggregateError [ECONNREFUSED]: 
    at internalConnectMultiple (node:net:1193:18)
    at afterConnectMultiple (node:net:1783:7)
6:41:12 AM [vite] http proxy error: /boids/graph/stream
AggregateError [ECONNREFUSED]: 
    at internalConnectMultiple (node:net:1193:18)
    at afterConnectMultiple (node:net:1783:7)
6:41:14 AM [vite] http proxy error: /boids/graph/stream
AggregateError [ECONNREFUSED]: 
    at internalConnectMultiple (node:net:1193:18)
    at afterConnectMultiple (node:net:1783:7)
6:41:16 AM [vite] http proxy error: /boids/graph/stream
AggregateError [ECONNREFUSED]: 
    at internalConnectMultiple (node:net:1193:18)
    at afterConnectMultiple (node:net:1783:7)
6:41:18 AM [vite] http proxy error: /boids/graph/stream
AggregateError [ECONNREFUSED]: 
    at internalConnectMultiple (node:net:1193:18)
    at afterConnectMultiple (node:net:1783:7)
6:41:20 AM [vite] http proxy error: /boids/graph/stream
AggregateError [ECONNREFUSED]: 
    at internalConnectMultiple (node:net:1193:18)
    at afterConnectMultiple (node:net:1783:7)
6:41:22 AM [vite] http proxy error: /boids/graph/stream
AggregateError [ECONNREFUSED]: 
    at internalConnectMultiple (node:net:1193:18)
    at afterConnectMultiple (node:net:1783:7)
6:41:24 AM [vite] http proxy error: /boids/graph/stream
AggregateError [ECONNREFUSED]: 
    at internalConnectMultiple (node:net:1193:18)
    at afterConnectMultiple (node:net:1783:7)
6:41:26 AM [vite] http proxy error: /boids/graph/stream
AggregateError [ECONNREFUSED]: 
    at internalConnectMultiple (node:net:1193:18)
    at afterConnectMultiple (node:net:1783:7)
6:41:28 AM [vite] http proxy error: /boids/graph/stream
AggregateError [ECONNREFUSED]: 
    at internalConnectMultiple (node:net:1193:18)
    at afterConnectMultiple (node:net:1783:7)
